Archive member included to satisfy reference by file (symbol)

C:/ST/STM32CubeIDE_1.16.0/STM32CubeIDE/plugins/com.st.stm32cube.ide.mcu.externaltools.gnu-tools-for-stm32.12.3.rel1.win32_1.0.200.202406191623/tools/bin/../lib/gcc/arm-none-eabi/12.3.1/../../../../arm-none-eabi/lib/thumb/v7e-m+fp/hard\libc_nano.a(libc_a-exit.o)
                              C:/ST/STM32CubeIDE_1.16.0/STM32CubeIDE/plugins/com.st.stm32cube.ide.mcu.externaltools.gnu-tools-for-stm32.12.3.rel1.win32_1.0.200.202406191623/tools/bin/../lib/gcc/arm-none-eabi/12.3.1/../../../../arm-none-eabi/lib/thumb/v7e-m+fp/hard/crt0.o (exit)
C:/ST/STM32CubeIDE_1.16.0/STM32CubeIDE/plugins/com.st.stm32cube.ide.mcu.externaltools.gnu-tools-for-stm32.12.3.rel1.win32_1.0.200.202406191623/tools/bin/../lib/gcc/arm-none-eabi/12.3.1/../../../../arm-none-eabi/lib/thumb/v7e-m+fp/hard\libc_nano.a(libc_a-findfp.o)
                              C:/ST/STM32CubeIDE_1.16.0/STM32CubeIDE/plugins/com.st.stm32cube.ide.mcu.externaltools.gnu-tools-for-stm32.12.3.rel1.win32_1.0.200.202406191623/tools/bin/../lib/gcc/arm-none-eabi/12.3.1/../../../../arm-none-eabi/lib/thumb/v7e-m+fp/hard\libc_nano.a(libc_a-exit.o) (__stdio_exit_handler)
C:/ST/STM32CubeIDE_1.16.0/STM32CubeIDE/plugins/com.st.stm32cube.ide.mcu.externaltools.gnu-tools-for-stm32.12.3.rel1.win32_1.0.200.202406191623/tools/bin/../lib/gcc/arm-none-eabi/12.3.1/../../../../arm-none-eabi/lib/thumb/v7e-m+fp/hard\libc_nano.a(libc_a-fwalk.o)
                              C:/ST/STM32CubeIDE_1.16.0/STM32CubeIDE/plugins/com.st.stm32cube.ide.mcu.externaltools.gnu-tools-for-stm32.12.3.rel1.win32_1.0.200.202406191623/tools/bin/../lib/gcc/arm-none-eabi/12.3.1/../../../../arm-none-eabi/lib/thumb/v7e-m+fp/hard\libc_nano.a(libc_a-findfp.o) (_fwalk_sglue)
C:/ST/STM32CubeIDE_1.16.0/STM32CubeIDE/plugins/com.st.stm32cube.ide.mcu.externaltools.gnu-tools-for-stm32.12.3.rel1.win32_1.0.200.202406191623/tools/bin/../lib/gcc/arm-none-eabi/12.3.1/../../../../arm-none-eabi/lib/thumb/v7e-m+fp/hard\libc_nano.a(libc_a-stdio.o)
                              C:/ST/STM32CubeIDE_1.16.0/STM32CubeIDE/plugins/com.st.stm32cube.ide.mcu.externaltools.gnu-tools-for-stm32.12.3.rel1.win32_1.0.200.202406191623/tools/bin/../lib/gcc/arm-none-eabi/12.3.1/../../../../arm-none-eabi/lib/thumb/v7e-m+fp/hard\libc_nano.a(libc_a-findfp.o) (__sread)
C:/ST/STM32CubeIDE_1.16.0/STM32CubeIDE/plugins/com.st.stm32cube.ide.mcu.externaltools.gnu-tools-for-stm32.12.3.rel1.win32_1.0.200.202406191623/tools/bin/../lib/gcc/arm-none-eabi/12.3.1/../../../../arm-none-eabi/lib/thumb/v7e-m+fp/hard\libc_nano.a(libc_a-memset.o)
                              C:/ST/STM32CubeIDE_1.16.0/STM32CubeIDE/plugins/com.st.stm32cube.ide.mcu.externaltools.gnu-tools-for-stm32.12.3.rel1.win32_1.0.200.202406191623/tools/bin/../lib/gcc/arm-none-eabi/12.3.1/../../../../arm-none-eabi/lib/thumb/v7e-m+fp/hard/crt0.o (memset)
C:/ST/STM32CubeIDE_1.16.0/STM32CubeIDE/plugins/com.st.stm32cube.ide.mcu.externaltools.gnu-tools-for-stm32.12.3.rel1.win32_1.0.200.202406191623/tools/bin/../lib/gcc/arm-none-eabi/12.3.1/../../../../arm-none-eabi/lib/thumb/v7e-m+fp/hard\libc_nano.a(libc_a-closer.o)
                              C:/ST/STM32CubeIDE_1.16.0/STM32CubeIDE/plugins/com.st.stm32cube.ide.mcu.externaltools.gnu-tools-for-stm32.12.3.rel1.win32_1.0.200.202406191623/tools/bin/../lib/gcc/arm-none-eabi/12.3.1/../../../../arm-none-eabi/lib/thumb/v7e-m+fp/hard\libc_nano.a(libc_a-stdio.o) (_close_r)
C:/ST/STM32CubeIDE_1.16.0/STM32CubeIDE/plugins/com.st.stm32cube.ide.mcu.externaltools.gnu-tools-for-stm32.12.3.rel1.win32_1.0.200.202406191623/tools/bin/../lib/gcc/arm-none-eabi/12.3.1/../../../../arm-none-eabi/lib/thumb/v7e-m+fp/hard\libc_nano.a(libc_a-reent.o)
                              C:/ST/STM32CubeIDE_1.16.0/STM32CubeIDE/plugins/com.st.stm32cube.ide.mcu.externaltools.gnu-tools-for-stm32.12.3.rel1.win32_1.0.200.202406191623/tools/bin/../lib/gcc/arm-none-eabi/12.3.1/../../../../arm-none-eabi/lib/thumb/v7e-m+fp/hard\libc_nano.a(libc_a-closer.o) (errno)
C:/ST/STM32CubeIDE_1.16.0/STM32CubeIDE/plugins/com.st.stm32cube.ide.mcu.externaltools.gnu-tools-for-stm32.12.3.rel1.win32_1.0.200.202406191623/tools/bin/../lib/gcc/arm-none-eabi/12.3.1/../../../../arm-none-eabi/lib/thumb/v7e-m+fp/hard\libc_nano.a(libc_a-impure.o)
                              C:/ST/STM32CubeIDE_1.16.0/STM32CubeIDE/plugins/com.st.stm32cube.ide.mcu.externaltools.gnu-tools-for-stm32.12.3.rel1.win32_1.0.200.202406191623/tools/bin/../lib/gcc/arm-none-eabi/12.3.1/../../../../arm-none-eabi/lib/thumb/v7e-m+fp/hard\libc_nano.a(libc_a-reent.o) (_impure_ptr)
C:/ST/STM32CubeIDE_1.16.0/STM32CubeIDE/plugins/com.st.stm32cube.ide.mcu.externaltools.gnu-tools-for-stm32.12.3.rel1.win32_1.0.200.202406191623/tools/bin/../lib/gcc/arm-none-eabi/12.3.1/../../../../arm-none-eabi/lib/thumb/v7e-m+fp/hard\libc_nano.a(libc_a-lseekr.o)
[...]
Memory Configuration

Name             Origin             Length             Attributes
CCMRAM           0x10000000         0x00010000         xrw
RAM              0x20000000         0x00020000         xrw
FLASH            0x08000000         0x00100000         xr
*default*        0x00000000         0xffffffff

Linker script and memory map

LOAD C:/ST/STM32CubeIDE_1.16.0/STM32CubeIDE/plugins/com.st.stm32cube.ide.mcu.externaltools.gnu-tools-for-stm32.12.3.rel1.win32_1.0.200.202406191623/tools/bin/../lib/gcc/arm-none-eabi/12.3.1/thumb/v7e-m+fp/hard/crti.o
LOAD C:/ST/STM32CubeIDE_1.16.0/STM32CubeIDE/plugins/com.st.stm32cube.ide.mcu.externaltools.gnu-tools-for-stm32.12.3.rel1.win32_1.0.200.202406191623/tools/bin/../lib/gcc/arm-none-eabi/12.3.1/thumb/v7e-m+fp/hard/crtbegin.o
LOAD C:/ST/STM32CubeIDE_1.16.0/STM32CubeIDE/plugins/com.st.stm32cube.ide.mcu.externaltools.gnu-tools-for-stm32.12.3.rel1.win32_1.0.200.202406191623/tools/bin/../lib/gcc/arm-none-eabi/12.3.1/../../../../arm-none-eabi/lib/thumb/v7e-m+fp/hard/crt0.o
LOAD ./Core/Src/lcd.o
LOAD ./Core/Src/main.o
LOAD ./Core/Src/stm32f4xx_hal_msp.o
LOAD ./Core/Src/stm32f4xx_it.o
LOAD ./Core/Src/syscalls.o
LOAD ./Core/Src/sysmem.o
LOAD ./Core/Src/system_stm32f4xx.o
LOAD ./Core/Startup/startup_stm32f407vgtx.o
LOAD ./Drivers/STM32F4xx_HAL_Driver/Src/stm32f4xx_hal.o
LOAD ./Drivers/STM32F4xx_HAL_Driver/Src/stm32f4xx_hal_cortex.o
LOAD ./Drivers/STM32F4xx_HAL_Driver/Src/stm32f4xx_hal_dma.o
LOAD ./Drivers/STM32F4xx_HAL_Driver/Src/stm32f4xx_hal_dma_ex.o
LOAD ./Drivers/STM32F4xx_HAL_Driver/Src/stm32f4xx_hal_exti.o
LOAD ./Drivers/STM32F4xx_HAL_Driver/Src/stm32f4xx_hal_flash.o
LOAD ./Drivers/STM32F4xx_HAL_Driver/Src/stm32f4xx_hal_flash_ex.o
LOAD ./Drivers/STM32F4xx_HAL_Driver/Src/stm32f4xx_hal_flash_ramfunc.o
LOAD ./Drivers/STM32F4xx_HAL_Driver/Src/stm32f4xx_hal_gpio.o
LOAD ./Drivers/STM32F4xx_HAL_Driver/Src/stm32f4xx_hal_pwr.o
LOAD ./Drivers/STM32F4xx_HAL_Driver/Src/stm32f4xx_hal_pwr_ex.o
LOAD ./Drivers/STM32F4xx_HAL_Driver/Src/stm32f4xx_hal_rcc.o
LOAD ./Drivers/STM32F4xx_HAL_Driver/Src/stm32f4xx_hal_rcc_ex.o
LOAD ./Drivers/STM32F4xx_HAL_Driver/Src/stm32f4xx_hal_tim.o
LOAD ./Drivers/STM32F4xx_HAL_Driver/Src/stm32f4xx_hal_tim_ex.o
LOAD ./Drivers/STM32F4xx_HAL_Driver/Src/stm32f4xx_hal_uart.o
START GROUP
LOAD C:/ST/STM32CubeIDE_1.16.0/STM32CubeIDE/plugins/com.st.stm32cube.ide.mcu.externaltools.gnu-tools-for-stm32.12.3.rel1.win32_1.0.200.202406191623/tools/bin/../lib/gcc/arm-none-eabi/12.3.1/../../../../arm-none-eabi/lib/thumb/v7e-m+fp/hard\libc_nano.a
LOAD C:/ST/STM32CubeIDE_1.16.0/STM32CubeIDE/plugins/com.st.stm32cube.ide.mcu.externaltools.gnu-tools-for-stm32.12.3.rel1.win32_1.0.200.202406191623/tools/bin/../lib/gcc/arm-none-eabi/12.3.1/../../../../arm-none-eabi/lib/thumb/v7e-m+fp/hard\libm.a
END GROUP
START GROUP
LOAD C:/ST/STM32CubeIDE_1.16.0/STM32CubeIDE/plugins/com.st.stm32cube.ide.mcu.externaltools.gnu-tools-for-stm32.12.3.rel1.win32_1.0.200.202406191623/tools/bin/../lib/gcc/arm-none-eabi/12.3.1/thumb/v7e-m+fp/hard\libgcc.a
LOAD C:/ST/STM32CubeIDE_1.16.0/STM32CubeIDE/plugins/com.st.stm32cube.ide.mcu.externaltools.gnu-tools-for-stm32.12.3.rel1.win32_1.0.200.202406191623/tools/bin/../lib/gcc/arm-none-eabi/12.3.1/../../../../arm-none-eabi/lib/thumb/v7e-m+fp/hard\libc_nano.a
END GROUP
START GROUP
LOAD C:/ST/STM32CubeIDE_1.16.0/STM32CubeIDE/plugins/com.st.stm32cube.ide.mcu.externaltools.gnu-tools-for-stm32.12.3.rel1.win32_1.0.200.202406191623/tools/bin/../lib/gcc/arm-none-eabi/12.3.1/thumb/v7e-m+fp/hard\libgcc.a
LOAD C:/ST/STM32CubeIDE_1.16.0/STM32CubeIDE/plugins/com.st.stm32cube.ide.mcu.externaltools.gnu-tools-for-stm32.12.3.rel1.win32_1.0.200.202406191623/tools/bin/../lib/gcc/arm-none-eabi/12.3.1/../../../../arm-none-eabi/lib/thumb/v7e-m+fp/hard\libc_nano.a
LOAD C:/ST/STM32CubeIDE_1.16.0/STM32CubeIDE/plugins/com.st.stm32cube.ide.mcu.externaltools.gnu-tools-for-stm32.12.3.rel1.win32_1.0.200.202406191623/tools/bin/../lib/gcc/arm-none-eabi/12.3.1/../../../../arm-none-eabi/lib/thumb/v7e-m+fp/hard\libnosys.a
END GROUP
START GROUP
LOAD C:/ST/STM32CubeIDE_1.16.0/STM32CubeIDE/plugins/com.st.stm32cube.ide.mcu.externaltools.gnu-tools-for-stm32.12.3.rel1.win32_1.0.200.202406191623/tools/bin/../lib/gcc/arm-none-eabi/12.3.1/thumb/v7e-m+fp/hard\libgcc.a
LOAD C:/ST/STM32CubeIDE_1.16.0/STM32CubeIDE/plugins/com.st.stm32cube.ide.mcu.externaltools.gnu-tools-for-stm32.12.3.rel1.win32_1.0.200.202406191623/tools/bin/../lib/gcc/arm-none-eabi/12.3.1/../../../../arm-none-eabi/lib/thumb/v7e-m+fp/hard\libc_nano.a
LOAD C:/ST/STM32CubeIDE_1.16.0/STM32CubeIDE/plugins/com.st.stm32cube.ide.mcu.externaltools.gnu-tools-for-stm32.12.3.rel1.win32_1.0.200.202406191623/tools/bin/../lib/gcc/arm-none-eabi/12.3.1/../../../../arm-none-eabi/lib/thumb/v7e-m+fp/hard\libnosys.a
END GROUP
LOAD C:/ST/STM32CubeIDE_1.16.0/STM32CubeIDE/plugins/com.st.stm32cube.ide.mcu.externaltools.gnu-tools-for-stm32.12.3.rel1.win32_1.0.200.202406191623/tools/bin/../lib/gcc/arm-none-eabi/12.3.1/thumb/v7e-m+fp/hard/crtend.o
LOAD C:/ST/STM32CubeIDE_1.16.0/STM32CubeIDE/plugins/com.st.stm32cube.ide.mcu.externaltools.gnu-tools-for-stm32.12.3.rel1.win32_1.0.200.202406191623/tools/bin/../lib/gcc/arm-none-eabi/12.3.1/thumb/v7e-m+fp/hard/crtn.o
                0x20020000                        _estack = (ORIGIN (RAM) + LENGTH (RAM))
                0x00000200                        _Min_Heap_Size = 0x200
                0x00000400                        _Min_Stack_Size = 0x400

.isr_vector     0x08000000      0x188
                0x08000000                        . = ALIGN (0x4)
 *(.isr_vector)
 .isr_vector    0x08000000      0x188 ./Core/Startup/startup_stm32f407vgtx.o
                0x08000000                g_pfnVectors
                0x08000188                        . = ALIGN (0x4)

.text           0x08000188     0x3780
                0x08000188                        . = ALIGN (0x4)
 *(.text)
 .text          0x08000188       0x40 C:/ST/STM32CubeIDE_1.16.0/STM32CubeIDE/plugins/com.st.stm32cube.ide.mcu.externaltools.gnu-tools-for-stm32.12.3.rel1.win32_1.0.200.202406191623/tools/bin/../lib/gcc/arm-none-eabi/12.3.1/thumb/v7e-m+fp/hard/crtbegin.o
 .text          0x080001c8       0x30 C:/ST/STM32CubeIDE_1.16.0/STM32CubeIDE/plugins/com.st.stm32cube.ide.mcu.externaltools.gnu-tools-for-stm32.12.3.rel1.win32_1.0.200.202406191623/tools/bin/../lib/gcc/arm-none-eabi/12.3.1/thumb/v7e-m+fp/hard\libgcc.a(_aeabi_uldivmod.o)
                0x080001c8                __aeabi_uldivmod
 .text          0x080001f8      0x2bc C:/ST/STM32CubeIDE_1.16.0/STM32CubeIDE/plugins/com.st.stm32cube.ide.mcu.externaltools.gnu-tools-for-stm32.12.3.rel1.win32_1.0.200.202406191623/tools/bin/../lib/gcc/arm-none-eabi/12.3.1/thumb/v7e-m+fp/hard\libgcc.a(_udivmoddi4.o)
                0x080001f8                __udivmoddi4
 .text          0x080004b4        0x4 C:/ST/STM32CubeIDE_1.16.0/STM32CubeIDE/plugins/com.st.stm32cube.ide.mcu.externaltools.gnu-tools-for-stm32.12.3.rel1.win32_1.0.200.202406191623/tools/bin/../lib/gcc/arm-none-eabi/12.3.1/thumb/v7e-m+fp/hard\libgcc.a(_dvmd_tls.o)
                0x080004b4                __aeabi_idiv0
                0x080004b4                __aeabi_ldiv0
 *(.text*)
 .text.LCD_Delay
                0x080004b8       0x28 ./Core/Src/lcd.o
                0x080004b8                LCD_Delay
 .text.LCD_PulseEnable
                0x080004e0       0x40 ./Core/Src/lcd.o
                0x080004e0                LCD_PulseEnable
 .text.LCD_Write4Bits
                0x08000520       0xb8 ./Core/Src/lcd.o
                0x08000520                LCD_Write4Bits
 .text.LCD_Command
                0x080005d8       0x38 ./Core/Src/lcd.o
                0x080005d8                LCD_Command
 .text.LCD_Data
                0x08000610       0x38 ./Core/Src/lcd.o
                0x08000610                LCD_Data
 .text.LCD_Char
                0x08000648       0x1a ./Core/Src/lcd.o
                0x08000648                LCD_Char
 .text.LCD_String
                0x08000662       0x38 ./Core/Src/lcd.o
                0x08000662                LCD_String
 *fill*         0x0800069a        0x2 
 .text.LCD_SetPos
                0x0800069c       0x38 ./Core/Src/lcd.o
                0x0800069c                LCD_SetPos
 .text.LCD_Clear
                0x080006d4       0x14 ./Core/Src/lcd.o
                0x080006d4                LCD_Clear
 .text.LCD_Init
                0x080006e8       0x6c ./Core/Src/lcd.o
                0x080006e8                LCD_Init
 .text.SendFPHeader
                0x08000754       0x20 ./Core/Src/main.o
                0x08000754                SendFPHeader
 .text.SendFPGetImage
                0x08000774       0x20 ./Core/Src/main.o
                0x08000774                SendFPGetImage
 .text.SendFPCreateCharFile1
                0x08000794       0x20 ./Core/Src/main.o
                0x08000794                SendFPCreateCharFile1
 .text.SendFPCreateCharFile2
                0x080007b4       0x20 ./Core/Src/main.o
                0x080007b4                SendFPCreateCharFile2
 .text.SendFPCreateTemplate
                0x080007d4       0x20 ./Core/Src/main.o
                0x080007d4                SendFPCreateTemplate
 .text.SendFPDeleteAllFinger
                0x080007f4       0x20 ./Core/Src/main.o
                0x080007f4                SendFPDeleteAllFinger
 .text.SendFPDSearchFinger
                0x08000814       0x20 ./Core/Src/main.o
                0x08000814                SendFPDSearchFinger
 .text.SendFGetNumberOfFinger
                0x08000834       0x20 ./Core/Src/main.o
                0x08000834                SendFGetNumberOfFinger
 .text.SendStoreFinger
                0x08000854       0xb4 ./Core/Src/main.o
                0x08000854                SendStoreFinger
 .text.CheckFPRespsone
                0x08000908       0xc8 ./Core/Src/main.o
                0x08000908                CheckFPRespsone
 .text.GetNumberOfFinger
                0x080009d0       0x34 ./Core/Src/main.o
                0x080009d0                GetNumberOfFinger
 .text.RegistryNewFinger
                0x08000a04      0x150 ./Core/Src/main.o
                0x08000a04                RegistryNewFinger
 .text.CheckFinger
                0x08000b54       0x9c ./Core/Src/main.o
                0x08000b54                CheckFinger
 .text.ProcessRegistryNewFinger
                0x08000bf0       0xf0 ./Core/Src/main.o
                0x08000bf0                ProcessRegistryNewFinger
 .text.DeleteAllFinger
                0x08000ce0       0x88 ./Core/Src/main.o
                0x08000ce0                DeleteAllFinger
 .text.Delay_us
                0x08000d68       0x30 ./Core/Src/main.o
                0x08000d68                Delay_us
 .text.CloseDoor
                0x08000d98       0x2c ./Core/Src/main.o
                0x08000d98                CloseDoor
 .text.OpenDoor
                0x08000dc4       0x2c ./Core/Src/main.o
                0x08000dc4                OpenDoor
 .text.main     0x08000df0      0x168 ./Core/Src/main.o
                0x08000df0                main
 .text.SystemClock_Config
                0x08000f58       0xbc ./Core/Src/main.o
                0x08000f58                SystemClock_Config
 .text.MX_UART5_Init
                0x08001014       0x54 ./Core/Src/main.o
 .text.MX_USART1_UART_Init
                0x08001068       0x54 ./Core/Src/main.o
 .text.MX_USART2_UART_Init
                0x080010bc       0x54 ./Core/Src/main.o
 .text.MX_USART3_UART_Init
                0x08001110       0x54 ./Core/Src/main.o
 .text.MX_GPIO_Init
                0x08001164      0x16c ./Core/Src/main.o
 .text.Error_Handler
                0x080012d0        0xc ./Core/Src/main.o
                0x080012d0                Error_Handler
 .text.HAL_MspInit
                0x080012dc       0x50 ./Core/Src/stm32f4xx_hal_msp.o
                0x080012dc                HAL_MspInit
 .text.HAL_UART_MspInit
                0x0800132c      0x254 ./Core/Src/stm32f4xx_hal_msp.o
                0x0800132c                HAL_UART_MspInit
 .text.NMI_Handler
                0x08001580        0x8 ./Core/Src/stm32f4xx_it.o
                0x08001580                NMI_Handler
 .text.HardFault_Handler
                0x08001588        0x8 ./Core/Src/stm32f4xx_it.o
                0x08001588                HardFault_Handler
 .text.MemManage_Handler
                0x08001590        0x8 ./Core/Src/stm32f4xx_it.o
                0x08001590                MemManage_Handler
 .text.BusFault_Handler
                0x08001598        0x8 ./Core/Src/stm32f4xx_it.o
                0x08001598                BusFault_Handler
 .text.UsageFault_Handler
                0x080015a0        0x8 ./Core/Src/stm32f4xx_it.o
                0x080015a0                UsageFault_Handler
 .text.SVC_Handler
                0x080015a8        0xe ./Core/Src/stm32f4xx_it.o
                0x080015a8                SVC_Handler
 .text.DebugMon_Handler
                0x080015b6        0xe ./Core/Src/stm32f4xx_it.o
                0x080015b6                DebugMon_Handler
 .text.PendSV_Handler
                0x080015c4        0xe ./Core/Src/stm32f4xx_it.o
                0x080015c4                PendSV_Handler
 .text.SysTick_Handler
                0x080015d2        0xc ./Core/Src/stm32f4xx_it.o
                0x080015d2                SysTick_Handler
 *fill*         0x080015de        0x2 
 .text.USART1_IRQHandler
                0x080015e0       0x14 ./Core/Src/stm32f4xx_it.o
                0x080015e0                USART1_IRQHandler
 .text.USART2_IRQHandler
                0x080015f4       0x14 ./Core/Src/stm32f4xx_it.o
                0x080015f4                USART2_IRQHandler
 .text.USART3_IRQHandler
                0x08001608       0x14 ./Core/Src/stm32f4xx_it.o
                0x08001608                USART3_IRQHandler
 .text.UART5_IRQHandler
                0x0800161c       0x14 ./Core/Src/stm32f4xx_it.o
                0x0800161c                UART5_IRQHandler
 .text.SystemInit
                0x08001630       0x24 ./Core/Src/system_stm32f4xx.o
                0x08001630                SystemInit
 .text.Reset_Handler
                0x08001654       0x50 ./Core/Startup/startup_stm32f407vgtx.o
                0x08001654                Reset_Handler
 .text.Default_Handler
                0x080016a4        0x2 ./Core/Startup/startup_stm32f407vgtx.o
                0x080016a4                RTC_Alarm_IRQHandler
                0x080016a4                HASH_RNG_IRQHandler
                0x080016a4                EXTI2_IRQHandler
                0x080016a4                TIM8_CC_IRQHandler
                0x080016a4                TIM1_CC_IRQHandler
                0x080016a4                DMA2_Stream5_IRQHandler
                0x080016a4                DMA1_Stream5_IRQHandler
                0x080016a4                PVD_IRQHandler
                0x080016a4                SDIO_IRQHandler
                0x080016a4                TAMP_STAMP_IRQHandler
                0x080016a4                CAN2_RX1_IRQHandler
                0x080016a4                EXTI3_IRQHandler
                0x080016a4                TIM8_TRG_COM_TIM14_IRQHandler
                0x080016a4                TIM1_UP_TIM10_IRQHandler
                0x080016a4                TIM8_UP_TIM13_IRQHandler
                0x080016a4                I2C3_ER_IRQHandler
                0x080016a4                EXTI0_IRQHandler
                0x080016a4                I2C2_EV_IRQHandler
                0x080016a4                DMA1_Stream2_IRQHandler
                0x080016a4                CAN1_RX0_IRQHandler
                0x080016a4                FPU_IRQHandler
                0x080016a4                OTG_HS_WKUP_IRQHandler
                0x080016a4                CAN2_SCE_IRQHandler
                0x080016a4                DMA2_Stream2_IRQHandler
                0x080016a4                SPI1_IRQHandler
                0x080016a4                TIM6_DAC_IRQHandler
                0x080016a4                TIM1_BRK_TIM9_IRQHandler
                0x080016a4                DCMI_IRQHandler
                0x080016a4                CAN2_RX0_IRQHandler
                0x080016a4                DMA2_Stream3_IRQHandler
                0x080016a4                USART6_IRQHandler
                0x080016a4                CAN1_RX1_IRQHandler
                0x080016a4                DMA2_Stream0_IRQHandler
                0x080016a4                TIM4_IRQHandler
                0x080016a4                I2C1_EV_IRQHandler
                0x080016a4                DMA1_Stream6_IRQHandler
                0x080016a4                DMA1_Stream1_IRQHandler
                0x080016a4                UART4_IRQHandler
                0x080016a4                TIM3_IRQHandler
                0x080016a4                RCC_IRQHandler
                0x080016a4                TIM8_BRK_TIM12_IRQHandler
                0x080016a4                Default_Handler
                0x080016a4                EXTI15_10_IRQHandler
                0x080016a4                ADC_IRQHandler
                0x080016a4                DMA1_Stream7_IRQHandler
                0x080016a4                TIM7_IRQHandler
                0x080016a4                CAN2_TX_IRQHandler
                0x080016a4                TIM5_IRQHandler
                0x080016a4                DMA2_Stream7_IRQHandler
                0x080016a4                I2C3_EV_IRQHandler
                0x080016a4                EXTI9_5_IRQHandler
                0x080016a4                RTC_WKUP_IRQHandler
                0x080016a4                ETH_WKUP_IRQHandler
                0x080016a4                SPI2_IRQHandler
                0x080016a4                OTG_HS_EP1_IN_IRQHandler
                0x080016a4                DMA1_Stream0_IRQHandler
                0x080016a4                CAN1_TX_IRQHandler
                0x080016a4                EXTI4_IRQHandler
                0x080016a4                FSMC_IRQHandler
                0x080016a4                ETH_IRQHandler
                0x080016a4                OTG_HS_EP1_OUT_IRQHandler
                0x080016a4                WWDG_IRQHandler
                0x080016a4                TIM2_IRQHandler
                0x080016a4                OTG_FS_WKUP_IRQHandler
                0x080016a4                TIM1_TRG_COM_TIM11_IRQHandler
                0x080016a4                OTG_HS_IRQHandler
                0x080016a4                EXTI1_IRQHandler
                0x080016a4                I2C2_ER_IRQHandler
                0x080016a4                DMA2_Stream1_IRQHandler
                0x080016a4                CAN1_SCE_IRQHandler
                0x080016a4                FLASH_IRQHandler
                0x080016a4                DMA2_Stream4_IRQHandler
                0x080016a4                OTG_FS_IRQHandler
                0x080016a4                SPI3_IRQHandler
                0x080016a4                DMA1_Stream4_IRQHandler
                0x080016a4                I2C1_ER_IRQHandler
                0x080016a4                DMA2_Stream6_IRQHandler
                0x080016a4                DMA1_Stream3_IRQHandler
 *fill*         0x080016a6        0x2 
 .text.HAL_Init
                0x080016a8       0x44 ./Drivers/STM32F4xx_HAL_Driver/Src/stm32f4xx_hal.o
                0x080016a8                HAL_Init
 .text.HAL_InitTick
                0x080016ec       0x60 ./Drivers/STM32F4xx_HAL_Driver/Src/stm32f4xx_hal.o
                0x080016ec                HAL_InitTick
 .text.HAL_IncTick
                0x0800174c       0x28 ./Drivers/STM32F4xx_HAL_Driver/Src/stm32f4xx_hal.o
                0x0800174c                HAL_IncTick
 .text.HAL_GetTick
                0x08001774       0x18 ./Drivers/STM32F4xx_HAL_Driver/Src/stm32f4xx_hal.o
                0x08001774                HAL_GetTick
 .text.HAL_Delay
                0x0800178c       0x48 ./Drivers/STM32F4xx_HAL_Driver/Src/stm32f4xx_hal.o
                0x0800178c                HAL_Delay
 .text.__NVIC_SetPriorityGrouping
                0x080017d4       0x48 ./Drivers/STM32F4xx_HAL_Driver/Src/stm32f4xx_hal_cortex.o
 .text.__NVIC_GetPriorityGrouping
                0x0800181c       0x1c ./Drivers/STM32F4xx_HAL_Driver/Src/stm32f4xx_hal_cortex.o
 .text.__NVIC_EnableIRQ
                0x08001838       0x3c ./Drivers/STM32F4xx_HAL_Driver/Src/stm32f4xx_hal_cortex.o
 .text.__NVIC_SetPriority
                0x08001874       0x54 ./Drivers/STM32F4xx_HAL_Driver/Src/stm32f4xx_hal_cortex.o
 .text.NVIC_EncodePriority
                0x080018c8       0x66 ./Drivers/STM32F4xx_HAL_Driver/Src/stm32f4xx_hal_cortex.o
 *fill*         0x0800192e        0x2 
 .text.SysTick_Config
                0x08001930       0x44 ./Drivers/STM32F4xx_HAL_Driver/Src/stm32f4xx_hal_cortex.o
 .text.HAL_NVIC_SetPriorityGrouping
                0x08001974       0x16 ./Drivers/STM32F4xx_HAL_Driver/Src/stm32f4xx_hal_cortex.o
                0x08001974                HAL_NVIC_SetPriorityGrouping
 .text.HAL_NVIC_SetPriority
                0x0800198a       0x38 ./Drivers/STM32F4xx_HAL_Driver/Src/stm32f4xx_hal_cortex.o
                0x0800198a                HAL_NVIC_SetPriority
 .text.HAL_NVIC_EnableIRQ
                0x080019c2       0x1c ./Drivers/STM32F4xx_HAL_Driver/Src/stm32f4xx_hal_cortex.o
                0x080019c2                HAL_NVIC_EnableIRQ
 .text.HAL_SYSTICK_Config
                0x080019de       0x18 ./Drivers/STM32F4xx_HAL_Driver/Src/stm32f4xx_hal_cortex.o
                0x080019de                HAL_SYSTICK_Config
 .text.HAL_DMA_Abort
                0x080019f6       0xe0 ./Drivers/STM32F4xx_HAL_Driver/Src/stm32f4xx_hal_dma.o
                0x080019f6                HAL_DMA_Abort
 .text.HAL_DMA_Abort_IT
                0x08001ad6       0x44 ./Drivers/STM32F4xx_HAL_Driver/Src/stm32f4xx_hal_dma.o
                0x08001ad6                HAL_DMA_Abort_IT
 *fill*         0x08001b1a        0x2 
 .text.HAL_GPIO_Init
                0x08001b1c      0x338 ./Drivers/STM32F4xx_HAL_Driver/Src/stm32f4xx_hal_gpio.o
                0x08001b1c                HAL_GPIO_Init
 .text.HAL_GPIO_ReadPin
                0x08001e54       0x30 ./Drivers/STM32F4xx_HAL_Driver/Src/stm32f4xx_hal_gpio.o
                0x08001e54                HAL_GPIO_ReadPin
 .text.HAL_GPIO_WritePin
                0x08001e84       0x32 ./Drivers/STM32F4xx_HAL_Driver/Src/stm32f4xx_hal_gpio.o
                0x08001e84                HAL_GPIO_WritePin
 *fill*         0x08001eb6        0x2 
 .text.HAL_RCC_OscConfig
                0x08001eb8      0x4f0 ./Drivers/STM32F4xx_HAL_Driver/Src/stm32f4xx_hal_rcc.o
                0x08001eb8                HAL_RCC_OscConfig
 .text.HAL_RCC_ClockConfig
                0x080023a8      0x1cc ./Drivers/STM32F4xx_HAL_Driver/Src/stm32f4xx_hal_rcc.o
                0x080023a8                HAL_RCC_ClockConfig
 .text.HAL_RCC_GetSysClockFreq
                0x08002574      0x18c ./Drivers/STM32F4xx_HAL_Driver/Src/stm32f4xx_hal_rcc.o
                0x08002574                HAL_RCC_GetSysClockFreq
 .text.HAL_RCC_GetHCLKFreq
                0x08002700       0x18 ./Drivers/STM32F4xx_HAL_Driver/Src/stm32f4xx_hal_rcc.o
                0x08002700                HAL_RCC_GetHCLKFreq
 .text.HAL_RCC_GetPCLK1Freq
                0x08002718       0x28 ./Drivers/STM32F4xx_HAL_Driver/Src/stm32f4xx_hal_rcc.o
                0x08002718                HAL_RCC_GetPCLK1Freq
 .text.HAL_RCC_GetPCLK2Freq
                0x08002740       0x28 ./Drivers/STM32F4xx_HAL_Driver/Src/stm32f4xx_hal_rcc.o
                0x08002740                HAL_RCC_GetPCLK2Freq
 .text.HAL_UART_Init
                0x08002768       0xa0 ./Drivers/STM32F4xx_HAL_Driver/Src/stm32f4xx_hal_uart.o
                0x08002768                HAL_UART_Init
 .text.HAL_UART_Transmit
                0x08002808      0x116 ./Drivers/STM32F4xx_HAL_Driver/Src/stm32f4xx_hal_uart.o
                0x08002808                HAL_UART_Transmit
 .text.HAL_UART_Receive
                0x0800291e      0x12e ./Drivers/STM32F4xx_HAL_Driver/Src/stm32f4xx_hal_uart.o
                0x0800291e                HAL_UART_Receive
 .text.HAL_UART_IRQHandler
                0x08002a4c      0x524 ./Drivers/STM32F4xx_HAL_Driver/Src/stm32f4xx_hal_uart.o
                0x08002a4c                HAL_UART_IRQHandler
 .text.HAL_UART_TxCpltCallback
                0x08002f70       0x14 ./Drivers/STM32F4xx_HAL_Driver/Src/stm32f4xx_hal_uart.o
                0x08002f70                HAL_UART_TxCpltCallback
 .text.HAL_UART_RxCpltCallback
                0x08002f84       0x14 ./Drivers/STM32F4xx_HAL_Driver/Src/stm32f4xx_hal_uart.o
                0x08002f84                HAL_UART_RxCpltCallback
 .text.HAL_UART_ErrorCallback
                0x08002f98       0x14 ./Drivers/STM32F4xx_HAL_Driver/Src/stm32f4xx_hal_uart.o
                0x08002f98                HAL_UART_ErrorCallback
 .text.HAL_UARTEx_RxEventCallback
                0x08002fac       0x18 ./Drivers/STM32F4xx_HAL_Driver/Src/stm32f4xx_hal_uart.o
                0x08002fac                HAL_UARTEx_RxEventCallback
 .text.UART_WaitOnFlagUntilTimeout
                0x08002fc4       0xb2 ./Drivers/STM32F4xx_HAL_Driver/Src/stm32f4xx_hal_uart.o
 .text.UART_EndRxTransfer
                0x08003076       0xc6 ./Drivers/STM32F4xx_HAL_Driver/Src/stm32f4xx_hal_uart.o
 .text.UART_DMAAbortOnError
                0x0800313c       0x28 ./Drivers/STM32F4xx_HAL_Driver/Src/stm32f4xx_hal_uart.o
 .text.UART_Transmit_IT
                0x08003164       0xa0 ./Drivers/STM32F4xx_HAL_Driver/Src/stm32f4xx_hal_uart.o
 .text.UART_EndTransmit_IT
                0x08003204       0x30 ./Drivers/STM32F4xx_HAL_Driver/Src/stm32f4xx_hal_uart.o
 .text.UART_Receive_IT
                0x08003234      0x17c ./Drivers/STM32F4xx_HAL_Driver/Src/stm32f4xx_hal_uart.o
 .text.UART_SetConfig
                0x080033b0      0x4e8 ./Drivers/STM32F4xx_HAL_Driver/Src/stm32f4xx_hal_uart.o
 .text.memset   0x08003898       0x10 C:/ST/STM32CubeIDE_1.16.0/STM32CubeIDE/plugins/com.st.stm32cube.ide.mcu.externaltools.gnu-tools-for-stm32.12.3.rel1.win32_1.0.200.202406191623/tools/bin/../lib/gcc/arm-none-eabi/12.3.1/../../../../arm-none-eabi/lib/thumb/v7e-m+fp/hard\libc_nano.a(libc_a-memset.o)
                0x08003898                memset
 .text.__libc_init_array
                0x080038a8       0x48 C:/ST/STM32CubeIDE_1.16.0/STM32CubeIDE/plugins/com.st.stm32cube.ide.mcu.externaltools.gnu-tools-for-stm32.12.3.rel1.win32_1.0.200.202406191623/tools/bin/../lib/gcc/arm-none-eabi/12.3.1/../../../../arm-none-eabi/lib/thumb/v7e-m+fp/hard\libc_nano.a(libc_a-init.o)
                0x080038a8                __libc_init_array
 *(.glue_7)
 .glue_7        0x080038f0        0x0 linker stubs
 *(.glue_7t)
 .glue_7t       0x080038f0        0x0 linker stubs
 *(.eh_frame)
 .eh_frame      0x080038f0        0x0 C:/ST/STM32CubeIDE_1.16.0/STM32CubeIDE/plugins/com.st.stm32cube.ide.mcu.externaltools.gnu-tools-for-stm32.12.3.rel1.win32_1.0.200.202406191623/tools/bin/../lib/gcc/arm-none-eabi/12.3.1/thumb/v7e-m+fp/hard/crtbegin.o
 *(.init)
 .init          0x080038f0        0x4 C:/ST/STM32CubeIDE_1.16.0/STM32CubeIDE/plugins/com.st.stm32cube.ide.mcu.externaltools.gnu-tools-for-stm32.12.3.rel1.win32_1.0.200.202406191623/tools/bin/../lib/gcc/arm-none-eabi/12.3.1/thumb/v7e-m+fp/hard/crti.o
                0x080038f0                _init
 .init          0x080038f4        0x8 C:/ST/STM32CubeIDE_1.16.0/STM32CubeIDE/plugins/com.st.stm32cube.ide.mcu.externaltools.gnu-tools-for-stm32.12.3.rel1.win32_1.0.200.202406191623/tools/bin/../lib/gcc/arm-none-eabi/12.3.1/thumb/v7e-m+fp/hard/crtn.o
 *(.fini)
 .fini          0x080038fc        0x4 C:/ST/STM32CubeIDE_1.16.0/STM32CubeIDE/plugins/com.st.stm32cube.ide.mcu.externaltools.gnu-tools-for-stm32.12.3.rel1.win32_1.0.200.202406191623/tools/bin/../lib/gcc/arm-none-eabi/12.3.1/thumb/v7e-m+fp/hard/crti.o
                0x080038fc                _fini
 .fini          0x08003900        0x8 C:/ST/STM32CubeIDE_1.16.0/STM32CubeIDE/plugins/com.st.stm32cube.ide.mcu.externaltools.gnu-tools-for-stm32.12.3.rel1.win32_1.0.200.202406191623/tools/bin/../lib/gcc/arm-none-eabi/12.3.1/thumb/v7e-m+fp/hard/crtn.o
                0x08003908                        . = ALIGN (0x4)
                0x08003908                        _etext = .

.vfp11_veneer   0x08003908        0x0
 .vfp11_veneer  0x08003908        0x0 linker stubs

.v4_bx          0x08003908        0x0
 .v4_bx         0x08003908        0x0 linker stubs

.iplt           0x08003908        0x0
 .iplt          0x08003908        0x0 C:/ST/STM32CubeIDE_1.16.0/STM32CubeIDE/plugins/com.st.stm32cube.ide.mcu.externaltools.gnu-tools-for-stm32.12.3.rel1.win32_1.0.200.202406191623/tools/bin/../lib/gcc/arm-none-eabi/12.3.1/thumb/v7e-m+fp/hard/crtbegin.o

.rodata         0x08003908      0x12c
                0x08003908                        . = ALIGN (0x4)
 *(.rodata)
 .rodata        0x08003908      0x114 ./Core/Src/main.o
 *(.rodata*)
 .rodata.AHBPrescTable
                0x08003a1c       0x10 ./Core/Src/system_stm32f4xx.o
                0x08003a1c                AHBPrescTable
 .rodata.APBPrescTable
                0x08003a2c        0x8 ./Core/Src/system_stm32f4xx.o
                0x08003a2c                APBPrescTable
                0x08003a34                        . = ALIGN (0x4)

.ARM.extab      0x08003a34        0x0
                0x08003a34                        . = ALIGN (0x4)
 *(.ARM.extab* .gnu.linkonce.armextab.*)
                0x08003a34                        . = ALIGN (0x4)

.ARM            0x08003a34        0x8
                0x08003a34                        . = ALIGN (0x4)
                0x08003a34                        __exidx_start = .
 *(.ARM.exidx*)
 .ARM.exidx     0x08003a34        0x8 C:/ST/STM32CubeIDE_1.16.0/STM32CubeIDE/plugins/com.st.stm32cube.ide.mcu.externaltools.gnu-tools-for-stm32.12.3.rel1.win32_1.0.200.202406191623/tools/bin/../lib/gcc/arm-none-eabi/12.3.1/thumb/v7e-m+fp/hard\libgcc.a(_udivmoddi4.o)
                0x08003a3c                        __exidx_end = .
                0x08003a3c                        . = ALIGN (0x4)

.preinit_array  0x08003a3c        0x0
                0x08003a3c                        . = ALIGN (0x4)
                0x08003a3c                        PROVIDE (__preinit_array_start = .)
 *(.preinit_array*)
                0x08003a3c                        PROVIDE (__preinit_array_end = .)
                0x08003a3c                        . = ALIGN (0x4)

.init_array     0x08003a3c        0x4
                0x08003a3c                        . = ALIGN (0x4)
                0x08003a3c                        PROVIDE (__init_array_start = .)
 *(SORT_BY_NAME(.init_array.*))
 *(.init_array*)
 .init_array    0x08003a3c        0x4 C:/ST/STM32CubeIDE_1.16.0/STM32CubeIDE/plugins/com.st.stm32cube.ide.mcu.externaltools.gnu-tools-for-stm32.12.3.rel1.win32_1.0.200.202406191623/tools/bin/../lib/gcc/arm-none-eabi/12.3.1/thumb/v7e-m+fp/hard/crtbegin.o
                0x08003a40                        PROVIDE (__init_array_end = .)
                0x08003a40                        . = ALIGN (0x4)

.fini_array     0x08003a40        0x4
                0x08003a40                        . = ALIGN (0x4)
                [!provide]                        PROVIDE (__fini_array_start = .)
 *(SORT_BY_NAME(.fini_array.*))
 *(.fini_array*)
 .fini_array    0x08003a40        0x4 C:/ST/STM32CubeIDE_1.16.0/STM32CubeIDE/plugins/com.st.stm32cube.ide.mcu.externaltools.gnu-tools-for-stm32.12.3.rel1.win32_1.0.200.202406191623/tools/bin/../lib/gcc/arm-none-eabi/12.3.1/thumb/v7e-m+fp/hard/crtbegin.o
                [!provide]                        PROVIDE (__fini_array_end = .)
                0x08003a44                        . = ALIGN (0x4)
                0x08003a44                        _sidata = LOADADDR (.data)

.rel.dyn        0x08003a44        0x0
 .rel.iplt      0x08003a44        0x0 C:/ST/STM32CubeIDE_1.16.0/STM32CubeIDE/plugins/com.st.stm32cube.ide.mcu.externaltools.gnu-tools-for-stm32.12.3.rel1.win32_1.0.200.202406191623/tools/bin/../lib/gcc/arm-none-eabi/12.3.1/thumb/v7e-m+fp/hard/crtbegin.o

.data           0x20000000       0x50 load address 0x08003a44
                0x20000000                        . = ALIGN (0x4)
                0x20000000                        _sdata = .
 *(.data)
 *(.data*)
 .data.FPHeader
                0x20000000        0x6 ./Core/Src/main.o
                0x20000000                FPHeader
 *fill*         0x20000006        0x2 
 .data.FPGetImage
                0x20000008        0x6 ./Core/Src/main.o
                0x20000008                FPGetImage
 *fill*         0x2000000e        0x2 
 .data.FPCreateCharFile1
                0x20000010        0x7 ./Core/Src/main.o
                0x20000010                FPCreateCharFile1
 *fill*         0x20000017        0x1 
 .data.FPCreateCharFile2
                0x20000018        0x7 ./Core/Src/main.o
                0x20000018                FPCreateCharFile2
 *fill*         0x2000001f        0x1 
 .data.FPCreateTemplate
                0x20000020        0x6 ./Core/Src/main.o
                0x20000020                FPCreateTemplate
 *fill*         0x20000026        0x2 
 .data.FPDeleteAllFinger
                0x20000028        0x6 ./Core/Src/main.o
                0x20000028                FPDeleteAllFinger
 *fill*         0x2000002e        0x2 
 .data.FPSearchFinger
                0x20000030        0xb ./Core/Src/main.o
                0x20000030                FPSearchFinger
 *fill*         0x2000003b        0x1 
 .data.FPGetNumberOfFinger
                0x2000003c        0x6 ./Core/Src/main.o
                0x2000003c                FPGetNumberOfFinger
 *fill*         0x20000042        0x2 
 .data.SystemCoreClock
                0x20000044        0x4 ./Core/Src/system_stm32f4xx.o
                0x20000044                SystemCoreClock
 .data.uwTickPrio
                0x20000048        0x4 ./Drivers/STM32F4xx_HAL_Driver/Src/stm32f4xx_hal.o
                0x20000048                uwTickPrio
 .data.uwTickFreq
                0x2000004c        0x1 ./Drivers/STM32F4xx_HAL_Driver/Src/stm32f4xx_hal.o
                0x2000004c                uwTickFreq
 *(.RamFunc)
 *(.RamFunc*)
                0x20000050                        . = ALIGN (0x4)
 *fill*         0x2000004d        0x3 
                0x20000050                        _edata = .
                0x08003a94                        _siccmram = LOADADDR (.ccmram)

.igot.plt       0x20000050        0x0 load address 0x08003a94
 .igot.plt      0x20000050        0x0 C:/ST/STM32CubeIDE_1.16.0/STM32CubeIDE/plugins/com.st.stm32cube.ide.mcu.externaltools.gnu-tools-for-stm32.12.3.rel1.win32_1.0.200.202406191623/tools/bin/../lib/gcc/arm-none-eabi/12.3.1/thumb/v7e-m+fp/hard/crtbegin.o

.ccmram         0x10000000        0x0 load address 0x08003a94
                0x10000000                        . = ALIGN (0x4)
                0x10000000                        _sccmram = .
 *(.ccmram)
 *(.ccmram*)
                0x10000000                        . = ALIGN (0x4)
                0x10000000                        _eccmram = .
                0x10000000                        . = ALIGN (0x4)

.bss            0x20000050      0x144
                0x20000050                        _sbss = .
                0x20000050                        __bss_start__ = _sbss
 *(.bss)
 .bss           0x20000050       0x1c C:/ST/STM32CubeIDE_1.16.0/STM32CubeIDE/plugins/com.st.stm32cube.ide.mcu.externaltools.gnu-tools-for-stm32.12.3.rel1.win32_1.0.200.202406191623/tools/bin/../lib/gcc/arm-none-eabi/12.3.1/thumb/v7e-m+fp/hard/crtbegin.o
 *(.bss*)
 .bss.huart5    0x2000006c       0x48 ./Core/Src/main.o
                0x2000006c                huart5
 .bss.huart1    0x200000b4       0x48 ./Core/Src/main.o
                0x200000b4                huart1
 .bss.huart2    0x200000fc       0x48 ./Core/Src/main.o
                0x200000fc                huart2
 .bss.huart3    0x20000144       0x48 ./Core/Src/main.o
                0x20000144                huart3
 .bss.IDFromFinger
                0x2000018c        0x1 ./Core/Src/main.o
                0x2000018c                IDFromFinger
 .bss.CurrentNumberFinger
                0x2000018d        0x1 ./Core/Src/main.o
                0x2000018d                CurrentNumberFinger
 *fill*         0x2000018e        0x2 
 .bss.uwTick    0x20000190        0x4 ./Drivers/STM32F4xx_HAL_Driver/Src/stm32f4xx_hal.o
                0x20000190                uwTick
 *(COMMON)
                0x20000194                        . = ALIGN (0x4)
                0x20000194                        _ebss = .
                0x20000194                        __bss_end__ = _ebss

._user_heap_stack
                0x20000194      0x604
                0x20000198                        . = ALIGN (0x8)
 *fill*         0x20000194        0x4 
                [!provide]                        PROVIDE (end = .)
                0x20000198                        PROVIDE (_end = .)
                0x20000398                        . = (. + _Min_Heap_Size)
 *fill*         0x20000198      0x200 
                0x20000798                        . = (. + _Min_Stack_Size)
 *fill*         0x20000398      0x400 
                0x20000798                        . = ALIGN (0x8)

/DISCARD/
 libc.a(*)
 libm.a(*)
 libgcc.a(*)

.ARM.attributes
                0x00000000       0x30
 *(.ARM.attributes)
 .ARM.attributes
                0x00000000       0x22 C:/ST/STM32CubeIDE_1.16.0/STM32CubeIDE/plugins/com.st.stm32cube.ide.mcu.externaltools.gnu-tools-for-stm32.12.3.rel1.win32_1.0.200.202406191623/tools/bin/../lib/gcc/arm-none-eabi/12.3.1/thumb/v7e-m+fp/hard/crti.o
 .ARM.attributes
                0x00000022       0x34 C:/ST/STM32CubeIDE_1.16.0/STM32CubeIDE/plugins/com.st.stm32cube.ide.mcu.externaltools.gnu-tools-for-stm32.12.3.rel1.win32_1.0.200.202406191623/tools/bin/../lib/gcc/arm-none-eabi/12.3.1/thumb/v7e-m+fp/hard/crtbegin.o
 .ARM.attributes
                0x00000056       0x34 ./Core/Src/lcd.o
 .ARM.attributes
                0x0000008a       0x34 ./Core/Src/main.o
 .ARM.attributes
                0x000000be       0x34 ./Core/Src/stm32f4xx_hal_msp.o
 .ARM.attributes
                0x000000f2       0x34 ./Core/Src/stm32f4xx_it.o
 .ARM.attributes
                0x00000126       0x34 ./Core/Src/system_stm32f4xx.o
 .ARM.attributes
                0x0000015a       0x21 ./Core/Startup/startup_stm32f407vgtx.o
 .ARM.attributes
                0x0000017b       0x34 ./Drivers/STM32F4xx_HAL_Driver/Src/stm32f4xx_hal.o
 .ARM.attributes
                0x000001af       0x34 ./Drivers/STM32F4xx_HAL_Driver/Src/stm32f4xx_hal_cortex.o
 .ARM.attributes
                0x000001e3       0x34 ./Drivers/STM32F4xx_HAL_Driver/Src/stm32f4xx_hal_dma.o
 .ARM.attributes
                0x00000217       0x34 ./Drivers/STM32F4xx_HAL_Driver/Src/stm32f4xx_hal_gpio.o
 .ARM.attributes
                0x0000024b       0x34 ./Drivers/STM32F4xx_HAL_Driver/Src/stm32f4xx_hal_rcc.o
 .ARM.attributes
                0x0000027f       0x34 ./Drivers/STM32F4xx_HAL_Driver/Src/stm32f4xx_hal_uart.o
 .ARM.attributes
                0x000002b3       0x34 C:/ST/STM32CubeIDE_1.16.0/STM32CubeIDE/plugins/com.st.stm32cube.ide.mcu.externaltools.gnu-tools-for-stm32.12.3.rel1.win32_1.0.200.202406191623/tools/bin/../lib/gcc/arm-none-eabi/12.3.1/../../../../arm-none-eabi/lib/thumb/v7e-m+fp/hard\libc_nano.a(libc_a-memset.o)
 .ARM.attributes
                0x000002e7       0x34 C:/ST/STM32CubeIDE_1.16.0/STM32CubeIDE/plugins/com.st.stm32cube.ide.mcu.externaltools.gnu-tools-for-stm32.12.3.rel1.win32_1.0.200.202406191623/tools/bin/../lib/gcc/arm-none-eabi/12.3.1/../../../../arm-none-eabi/lib/thumb/v7e-m+fp/hard\libc_nano.a(libc_a-init.o)
 .ARM.attributes
                0x0000031b       0x22 C:/ST/STM32CubeIDE_1.16.0/STM32CubeIDE/plugins/com.st.stm32cube.ide.mcu.externaltools.gnu-tools-for-stm32.12.3.rel1.win32_1.0.200.202406191623/tools/bin/../lib/gcc/arm-none-eabi/12.3.1/thumb/v7e-m+fp/hard\libgcc.a(_aeabi_uldivmod.o)
 .ARM.attributes
                0x0000033d       0x34 C:/ST/STM32CubeIDE_1.16.0/STM32CubeIDE/plugins/com.st.stm32cube.ide.mcu.externaltools.gnu-tools-for-stm32.12.3.rel1.win32_1.0.200.202406191623/tools/bin/../lib/gcc/arm-none-eabi/12.3.1/thumb/v7e-m+fp/hard\libgcc.a(_udivmoddi4.o)
 .ARM.attributes
                0x00000371       0x22 C:/ST/STM32CubeIDE_1.16.0/STM32CubeIDE/plugins/com.st.stm32cube.ide.mcu.externaltools.gnu-tools-for-stm32.12.3.rel1.win32_1.0.200.202406191623/tools/bin/../lib/gcc/arm-none-eabi/12.3.1/thumb/v7e-m+fp/hard\libgcc.a(_dvmd_tls.o)
 .ARM.attributes
                0x00000393       0x22 C:/ST/STM32CubeIDE_1.16.0/STM32CubeIDE/plugins/com.st.stm32cube.ide.mcu.externaltools.gnu-tools-for-stm32.12.3.rel1.win32_1.0.200.202406191623/tools/bin/../lib/gcc/arm-none-eabi/12.3.1/thumb/v7e-m+fp/hard/crtn.o
OUTPUT(demo.elf elf32-littlearm)
LOAD linker stubs
LOAD C:/ST/STM32CubeIDE_1.16.0/STM32CubeIDE/plugins/com.st.stm32cube.ide.mcu.externaltools.gnu-tools-for-stm32.12.3.rel1.win32_1.0.200.202406191623/tools/bin/../lib/gcc/arm-none-eabi/12.3.1/../../../../arm-none-eabi/lib/thumb/v7e-m+fp/hard\libc.a
LOAD C:/ST/STM32CubeIDE_1.16.0/STM32CubeIDE/plugins/com.st.stm32cube.ide.mcu.externaltools.gnu-tools-for-stm32.12.3.rel1.win32_1.0.200.202406191623/tools/bin/../lib/gcc/arm-none-eabi/12.3.1/../../../../arm-none-eabi/lib/thumb/v7e-m+fp/hard\libm.a
LOAD C:/ST/STM32CubeIDE_1.16.0/STM32CubeIDE/plugins/com.st.stm32cube.ide.mcu.externaltools.gnu-tools-for-stm32.12.3.rel1.win32_1.0.200.202406191623/tools/bin/../lib/gcc/arm-none-eabi/12.3.1/thumb/v7e-m+fp/hard\libgcc.a

.debug_info     0x00000000     0x8ae9
 .debug_info    0x00000000      0x316 ./Core/Src/lcd.o
 .debug_info    0x00000316     0x1177 ./Core/Src/main.o
 .debug_info    0x0000148d      0xc1d ./Core/Src/stm32f4xx_hal_msp.o
 .debug_info    0x000020aa      0x685 ./Core/Src/stm32f4xx_it.o
 .debug_info    0x0000272f      0x512 ./Core/Src/system_stm32f4xx.o
 .debug_info    0x00002c41       0x30 ./Core/Startup/startup_stm32f407vgtx.o
 .debug_info    0x00002c71      0x944 ./Drivers/STM32F4xx_HAL_Driver/Src/stm32f4xx_hal.o
 .debug_info    0x000035b5      0xd8c ./Drivers/STM32F4xx_HAL_Driver/Src/stm32f4xx_hal_cortex.o
 .debug_info    0x00004341      0x8e7 ./Drivers/STM32F4xx_HAL_Driver/Src/stm32f4xx_hal_dma.o
 .debug_info    0x00004c28      0x6c3 ./Drivers/STM32F4xx_HAL_Driver/Src/stm32f4xx_hal_gpio.o
 .debug_info    0x000052eb      0x8af ./Drivers/STM32F4xx_HAL_Driver/Src/stm32f4xx_hal_rcc.o
 .debug_info    0x00005b9a     0x2f4f ./Drivers/STM32F4xx_HAL_Driver/Src/stm32f4xx_hal_uart.o

.debug_abbrev   0x00000000     0x1892
 .debug_abbrev  0x00000000      0x161 ./Core/Src/lcd.o
 .debug_abbrev  0x00000161      0x382 ./Core/Src/main.o
 .debug_abbrev  0x000004e3      0x1cc ./Core/Src/stm32f4xx_hal_msp.o
 .debug_abbrev  0x000006af      0x177 ./Core/Src/stm32f4xx_it.o
 .debug_abbrev  0x00000826      0x11a ./Core/Src/system_stm32f4xx.o
 .debug_abbrev  0x00000940       0x24 ./Core/Startup/startup_stm32f407vgtx.o
 .debug_abbrev  0x00000964      0x214 ./Drivers/STM32F4xx_HAL_Driver/Src/stm32f4xx_hal.o
 .debug_abbrev  0x00000b78      0x31d ./Drivers/STM32F4xx_HAL_Driver/Src/stm32f4xx_hal_cortex.o
 .debug_abbrev  0x00000e95      0x264 ./Drivers/STM32F4xx_HAL_Driver/Src/stm32f4xx_hal_dma.o
 .debug_abbrev  0x000010f9      0x1d4 ./Drivers/STM32F4xx_HAL_Driver/Src/stm32f4xx_hal_gpio.o
 .debug_abbrev  0x000012cd      0x2b7 ./Drivers/STM32F4xx_HAL_Driver/Src/stm32f4xx_hal_rcc.o
 .debug_abbrev  0x00001584      0x30e ./Drivers/STM32F4xx_HAL_Driver/Src/stm32f4xx_hal_uart.o

.debug_aranges  0x00000000      0x808
 .debug_aranges
                0x00000000       0x68 ./Core/Src/lcd.o
 .debug_aranges
                0x00000068      0x108 ./Core/Src/main.o
 .debug_aranges
                0x00000170       0x30 ./Core/Src/stm32f4xx_hal_msp.o
 .debug_aranges
                0x000001a0       0x80 ./Core/Src/stm32f4xx_it.o
 .debug_aranges
                0x00000220       0x28 ./Core/Src/system_stm32f4xx.o
 .debug_aranges
                0x00000248       0x28 ./Core/Startup/startup_stm32f407vgtx.o
 .debug_aranges
                0x00000270       0xf0 ./Drivers/STM32F4xx_HAL_Driver/Src/stm32f4xx_hal.o
 .debug_aranges
                0x00000360      0x130 ./Drivers/STM32F4xx_HAL_Driver/Src/stm32f4xx_hal_cortex.o
 .debug_aranges
                0x00000490       0x90 ./Drivers/STM32F4xx_HAL_Driver/Src/stm32f4xx_hal_dma.o
 .debug_aranges
                0x00000520       0x58 ./Drivers/STM32F4xx_HAL_Driver/Src/stm32f4xx_hal_gpio.o
 .debug_aranges
                0x00000578       0x88 ./Drivers/STM32F4xx_HAL_Driver/Src/stm32f4xx_hal_rcc.o
 .debug_aranges
                0x00000600      0x208 ./Drivers/STM32F4xx_HAL_Driver/Src/stm32f4xx_hal_uart.o

.debug_rnglists
                0x00000000      0x624
 .debug_rnglists
                0x00000000       0x4a ./Core/Src/lcd.o
 .debug_rnglists
                0x0000004a       0xcb ./Core/Src/main.o
 .debug_rnglists
                0x00000115       0x21 ./Core/Src/stm32f4xx_hal_msp.o
 .debug_rnglists
                0x00000136       0x5b ./Core/Src/stm32f4xx_it.o
 .debug_rnglists
                0x00000191       0x1a ./Core/Src/system_stm32f4xx.o
 .debug_rnglists
                0x000001ab       0x19 ./Core/Startup/startup_stm32f407vgtx.o
 .debug_rnglists
                0x000001c4       0xaf ./Drivers/STM32F4xx_HAL_Driver/Src/stm32f4xx_hal.o
 .debug_rnglists
                0x00000273       0xe0 ./Drivers/STM32F4xx_HAL_Driver/Src/stm32f4xx_hal_cortex.o
 .debug_rnglists
                0x00000353       0x70 ./Drivers/STM32F4xx_HAL_Driver/Src/stm32f4xx_hal_dma.o
 .debug_rnglists
                0x000003c3       0x3f ./Drivers/STM32F4xx_HAL_Driver/Src/stm32f4xx_hal_gpio.o
 .debug_rnglists
                0x00000402       0x66 ./Drivers/STM32F4xx_HAL_Driver/Src/stm32f4xx_hal_rcc.o
 .debug_rnglists
                0x00000468      0x1bc ./Drivers/STM32F4xx_HAL_Driver/Src/stm32f4xx_hal_uart.o

.debug_macro    0x00000000    0x1ffdb
 .debug_macro   0x00000000      0x1d1 ./Core/Src/lcd.o
 .debug_macro   0x000001d1      0xab4 ./Core/Src/lcd.o
 .debug_macro   0x00000c85       0x22 ./Core/Src/lcd.o
 .debug_macro   0x00000ca7       0x8e ./Core/Src/lcd.o
 .debug_macro   0x00000d35       0x51 ./Core/Src/lcd.o
 .debug_macro   0x00000d86      0x103 ./Core/Src/lcd.o
 .debug_macro   0x00000e89       0x6a ./Core/Src/lcd.o
 .debug_macro   0x00000ef3      0x1df ./Core/Src/lcd.o
 .debug_macro   0x000010d2      0x295 ./Core/Src/lcd.o
 .debug_macro   0x00001367       0x2e ./Core/Src/lcd.o
 .debug_macro   0x00001395       0x2f ./Core/Src/lcd.o
 .debug_macro   0x000013c4       0x1c ./Core/Src/lcd.o
 .debug_macro   0x000013e0       0x22 ./Core/Src/lcd.o
 .debug_macro   0x00001402       0xfb ./Core/Src/lcd.o
 .debug_macro   0x000014fd     0x1011 ./Core/Src/lcd.o
 .debug_macro   0x0000250e      0x11f ./Core/Src/lcd.o
 .debug_macro   0x0000262d    0x15e97 ./Core/Src/lcd.o
 .debug_macro   0x000184c4       0x6d ./Core/Src/lcd.o
 .debug_macro   0x00018531     0x369a ./Core/Src/lcd.o
 .debug_macro   0x0001bbcb      0x189 ./Core/Src/lcd.o
 .debug_macro   0x0001bd54       0x5c ./Core/Src/lcd.o
 .debug_macro   0x0001bdb0      0x980 ./Core/Src/lcd.o
 .debug_macro   0x0001c730      0x9e9 ./Core/Src/lcd.o
 .debug_macro   0x0001d119      0x115 ./Core/Src/lcd.o
 .debug_macro   0x0001d22e      0x13e ./Core/Src/lcd.o
 .debug_macro   0x0001d36c       0xa5 ./Core/Src/lcd.o
 .debug_macro   0x0001d411      0x174 ./Core/Src/lcd.o
 .debug_macro   0x0001d585      0x287 ./Core/Src/lcd.o
 .debug_macro   0x0001d80c       0x5f ./Core/Src/lcd.o
 .debug_macro   0x0001d86b      0x236 ./Core/Src/lcd.o
 .debug_macro   0x0001daa1      0x12c ./Core/Src/lcd.o
 .debug_macro   0x0001dbcd      0x21e ./Core/Src/lcd.o
 .debug_macro   0x0001ddeb       0x2e ./Core/Src/lcd.o
 .debug_macro   0x0001de19      0x127 ./Core/Src/lcd.o
 .debug_macro   0x0001df40       0x7e ./Core/Src/lcd.o
 .debug_macro   0x0001dfbe       0x89 ./Core/Src/lcd.o
 .debug_macro   0x0001e047      0x2aa ./Core/Src/lcd.o
 .debug_macro   0x0001e2f1      0x12d ./Core/Src/lcd.o
 .debug_macro   0x0001e41e       0x52 ./Core/Src/lcd.o
 .debug_macro   0x0001e470      0x2f1 ./Core/Src/main.o
 .debug_macro   0x0001e761       0x2a ./Core/Src/main.o
 .debug_macro   0x0001e78b       0x61 ./Core/Src/main.o
 .debug_macro   0x0001e7ec       0x43 ./Core/Src/main.o
 .debug_macro   0x0001e82f       0x34 ./Core/Src/main.o
 .debug_macro   0x0001e863       0x16 ./Core/Src/main.o
 .debug_macro   0x0001e879       0x35 ./Core/Src/main.o
 .debug_macro   0x0001e8ae       0x16 ./Core/Src/main.o
 .debug_macro   0x0001e8c4       0x43 ./Core/Src/main.o
 .debug_macro   0x0001e907       0x34 ./Core/Src/main.o
 .debug_macro   0x0001e93b       0x10 ./Core/Src/main.o
 .debug_macro   0x0001e94b       0x58 ./Core/Src/main.o
 .debug_macro   0x0001e9a3       0x8e ./Core/Src/main.o
 .debug_macro   0x0001ea31       0x1c ./Core/Src/main.o
 .debug_macro   0x0001ea4d      0x177 ./Core/Src/main.o
 .debug_macro   0x0001ebc4      0x369 ./Core/Src/main.o
 .debug_macro   0x0001ef2d       0x16 ./Core/Src/main.o
 .debug_macro   0x0001ef43       0x29 ./Core/Src/main.o
 .debug_macro   0x0001ef6c       0x16 ./Core/Src/main.o
 .debug_macro   0x0001ef82       0x20 ./Core/Src/main.o
 .debug_macro   0x0001efa2      0x1c4 ./Core/Src/stm32f4xx_hal_msp.o
 .debug_macro   0x0001f166      0x1ce ./Core/Src/stm32f4xx_it.o
 .debug_macro   0x0001f334      0x1ba ./Core/Src/system_stm32f4xx.o
 .debug_macro   0x0001f4ee      0x21a ./Drivers/STM32F4xx_HAL_Driver/Src/stm32f4xx_hal.o
 .debug_macro   0x0001f708      0x1ba ./Drivers/STM32F4xx_HAL_Driver/Src/stm32f4xx_hal_cortex.o
 .debug_macro   0x0001f8c2      0x1c0 ./Drivers/STM32F4xx_HAL_Driver/Src/stm32f4xx_hal_dma.o
 .debug_macro   0x0001fa82      0x1c0 ./Drivers/STM32F4xx_HAL_Driver/Src/stm32f4xx_hal_gpio.o
 .debug_macro   0x0001fc42      0x1de ./Drivers/STM32F4xx_HAL_Driver/Src/stm32f4xx_hal_rcc.o
 .debug_macro   0x0001fe20      0x1bb ./Drivers/STM32F4xx_HAL_Driver/Src/stm32f4xx_hal_uart.o

.debug_line     0x00000000     0x991d
 .debug_line    0x00000000      0x87c ./Core/Src/lcd.o
 .debug_line    0x0000087c      0xf98 ./Core/Src/main.o
 .debug_line    0x00001814      0x822 ./Core/Src/stm32f4xx_hal_msp.o
 .debug_line    0x00002036      0x840 ./Core/Src/stm32f4xx_it.o
 .debug_line    0x00002876      0x7a2 ./Core/Src/system_stm32f4xx.o
 .debug_line    0x00003018       0x7a ./Core/Startup/startup_stm32f407vgtx.o
 .debug_line    0x00003092      0xa0b ./Drivers/STM32F4xx_HAL_Driver/Src/stm32f4xx_hal.o
 .debug_line    0x00003a9d      0xcfd ./Drivers/STM32F4xx_HAL_Driver/Src/stm32f4xx_hal_cortex.o
 .debug_line    0x0000479a      0xf7b ./Drivers/STM32F4xx_HAL_Driver/Src/stm32f4xx_hal_dma.o
 .debug_line    0x00005715      0xb97 ./Drivers/STM32F4xx_HAL_Driver/Src/stm32f4xx_hal_gpio.o
 .debug_line    0x000062ac      0xd94 ./Drivers/STM32F4xx_HAL_Driver/Src/stm32f4xx_hal_rcc.o
 .debug_line    0x00007040     0x28dd ./Drivers/STM32F4xx_HAL_Driver/Src/stm32f4xx_hal_uart.o

.debug_str      0x00000000    0xc27bd
 .debug_str     0x00000000    0xbcde5 ./Core/Src/lcd.o
                              0xbd067 (size before relaxing)
 .debug_str     0x000bcde5     0x3c55 ./Core/Src/main.o
                              0xc0d5c (size before relaxing)
 .debug_str     0x000c0a3a      0x57d ./Core/Src/stm32f4xx_hal_msp.o
                              0xbd7b7 (size before relaxing)
 .debug_str     0x000c0fb7      0x124 ./Core/Src/stm32f4xx_it.o
                              0xbd1e4 (size before relaxing)
 .debug_str     0x000c10db       0xdb ./Core/Src/system_stm32f4xx.o
                              0xbce14 (size before relaxing)
 .debug_str     0x000c11b6       0x44 ./Core/Startup/startup_stm32f407vgtx.o
                                 0x5c (size before relaxing)
 .debug_str     0x000c11fa      0x601 ./Drivers/STM32F4xx_HAL_Driver/Src/stm32f4xx_hal.o
                              0xbd998 (size before relaxing)
 .debug_str     0x000c17fb      0x36b ./Drivers/STM32F4xx_HAL_Driver/Src/stm32f4xx_hal_cortex.o
                              0xbd714 (size before relaxing)
 .debug_str     0x000c1b66      0x328 ./Drivers/STM32F4xx_HAL_Driver/Src/stm32f4xx_hal_dma.o
                              0xbd22e (size before relaxing)
 .debug_str     0x000c1e8e      0x110 ./Drivers/STM32F4xx_HAL_Driver/Src/stm32f4xx_hal_gpio.o
                              0xbcf8f (size before relaxing)
 .debug_str     0x000c1f9e      0x233 ./Drivers/STM32F4xx_HAL_Driver/Src/stm32f4xx_hal_rcc.o
                              0xbd248 (size before relaxing)
 .debug_str     0x000c21d1      0x5ec ./Drivers/STM32F4xx_HAL_Driver/Src/stm32f4xx_hal_uart.o
                              0xbd829 (size before relaxing)

.comment        0x00000000       0x43
 .comment       0x00000000       0x43 ./Core/Src/lcd.o
                                 0x44 (size before relaxing)
 .comment       0x00000043       0x44 ./Core/Src/main.o
 .comment       0x00000043       0x44 ./Core/Src/stm32f4xx_hal_msp.o
 .comment       0x00000043       0x44 ./Core/Src/stm32f4xx_it.o
 .comment       0x00000043       0x44 ./Core/Src/system_stm32f4xx.o
 .comment       0x00000043       0x44 ./Drivers/STM32F4xx_HAL_Driver/Src/stm32f4xx_hal.o
 .comment       0x00000043       0x44 ./Drivers/STM32F4xx_HAL_Driver/Src/stm32f4xx_hal_cortex.o
 .comment       0x00000043       0x44 ./Drivers/STM32F4xx_HAL_Driver/Src/stm32f4xx_hal_dma.o
 .comment       0x00000043       0x44 ./Drivers/STM32F4xx_HAL_Driver/Src/stm32f4xx_hal_gpio.o
 .comment       0x00000043       0x44 ./Drivers/STM32F4xx_HAL_Driver/Src/stm32f4xx_hal_rcc.o
 .comment       0x00000043       0x44 ./Drivers/STM32F4xx_HAL_Driver/Src/stm32f4xx_hal_uart.o

.debug_frame    0x00000000     0x1f8c
 .debug_frame   0x00000000      0x164 ./Core/Src/lcd.o
 .debug_frame   0x00000164      0x3cc ./Core/Src/main.o
 .debug_frame   0x00000530       0x84 ./Core/Src/stm32f4xx_hal_msp.o
 .debug_frame   0x000005b4      0x174 ./Core/Src/stm32f4xx_it.o
 .debug_frame   0x00000728       0x58 ./Core/Src/system_stm32f4xx.o
 .debug_frame   0x00000780      0x374 ./Drivers/STM32F4xx_HAL_Driver/Src/stm32f4xx_hal.o
 .debug_frame   0x00000af4      0x508 ./Drivers/STM32F4xx_HAL_Driver/Src/stm32f4xx_hal_cortex.o
 .debug_frame   0x00000ffc      0x250 ./Drivers/STM32F4xx_HAL_Driver/Src/stm32f4xx_hal_dma.o
 .debug_frame   0x0000124c      0x14c ./Drivers/STM32F4xx_HAL_Driver/Src/stm32f4xx_hal_gpio.o
 .debug_frame   0x00001398      0x1f4 ./Drivers/STM32F4xx_HAL_Driver/Src/stm32f4xx_hal_rcc.o
 .debug_frame   0x0000158c      0x954 ./Drivers/STM32F4xx_HAL_Driver/Src/stm32f4xx_hal_uart.o
 .debug_frame   0x00001ee0       0x20 C:/ST/STM32CubeIDE_1.16.0/STM32CubeIDE/plugins/com.st.stm32cube.ide.mcu.externaltools.gnu-tools-for-stm32.12.3.rel1.win32_1.0.200.202406191623/tools/bin/../lib/gcc/arm-none-eabi/12.3.1/../../../../arm-none-eabi/lib/thumb/v7e-m+fp/hard\libc_nano.a(libc_a-memset.o)
 .debug_frame   0x00001f00       0x2c C:/ST/STM32CubeIDE_1.16.0/STM32CubeIDE/plugins/com.st.stm32cube.ide.mcu.externaltools.gnu-tools-for-stm32.12.3.rel1.win32_1.0.200.202406191623/tools/bin/../lib/gcc/arm-none-eabi/12.3.1/../../../../arm-none-eabi/lib/thumb/v7e-m+fp/hard\libc_nano.a(libc_a-init.o)
 .debug_frame   0x00001f2c       0x2c C:/ST/STM32CubeIDE_1.16.0/STM32CubeIDE/plugins/com.st.stm32cube.ide.mcu.externaltools.gnu-tools-for-stm32.12.3.rel1.win32_1.0.200.202406191623/tools/bin/../lib/gcc/arm-none-eabi/12.3.1/thumb/v7e-m+fp/hard\libgcc.a(_aeabi_uldivmod.o)
 .debug_frame   0x00001f58       0x34 C:/ST/STM32CubeIDE_1.16.0/STM32CubeIDE/plugins/com.st.stm32cube.ide.mcu.externaltools.gnu-tools-for-stm32.12.3.rel1.win32_1.0.200.202406191623/tools/bin/../lib/gcc/arm-none-eabi/12.3.1/thumb/v7e-m+fp/hard\libgcc.a(_udivmoddi4.o)

.debug_line_str
                0x00000000       0x40
 .debug_line_str
                0x00000000       0x40 ./Core/Startup/startup_stm32f407vgtx.o
