Archive member included to satisfy reference by file (symbol)

c:/st/stm32cubeide_1.12.1/stm32cubeide/plugins/com.st.stm32cube.ide.mcu.externaltools.gnu-tools-for-stm32.10.3-2021.10.win32_1.0.200.202301161003/tools/bin/../lib/gcc/arm-none-eabi/10.3.1/../../../../arm-none-eabi/lib/thumb/v7e-m+fp/hard\libc_nano.a(lib_a-errno.o)
                              ./Core/Src/syscalls.o (__errno)
c:/st/stm32cubeide_1.12.1/stm32cubeide/plugins/com.st.stm32cube.ide.mcu.externaltools.gnu-tools-for-stm32.10.3-2021.10.win32_1.0.200.202301161003/tools/bin/../lib/gcc/arm-none-eabi/10.3.1/../../../../arm-none-eabi/lib/thumb/v7e-m+fp/hard\libc_nano.a(lib_a-exit.o)
                              c:/st/stm32cubeide_1.12.1/stm32cubeide/plugins/com.st.stm32cube.ide.mcu.externaltools.gnu-tools-for-stm32.10.3-2021.10.win32_1.0.200.202301161003/tools/bin/../lib/gcc/arm-none-eabi/10.3.1/../../../../arm-none-eabi/lib/thumb/v7e-m+fp/hard/crt0.o (exit)
c:/st/stm32cubeide_1.12.1/stm32cubeide/plugins/com.st.stm32cube.ide.mcu.externaltools.gnu-tools-for-stm32.10.3-2021.10.win32_1.0.200.202301161003/tools/bin/../lib/gcc/arm-none-eabi/10.3.1/../../../../arm-none-eabi/lib/thumb/v7e-m+fp/hard\libc_nano.a(lib_a-impure.o)
                              c:/st/stm32cubeide_1.12.1/stm32cubeide/plugins/com.st.stm32cube.ide.mcu.externaltools.gnu-tools-for-stm32.10.3-2021.10.win32_1.0.200.202301161003/tools/bin/../lib/gcc/arm-none-eabi/10.3.1/../../../../arm-none-eabi/lib/thumb/v7e-m+fp/hard\libc_nano.a(lib_a-exit.o) (_global_impure_ptr)
c:/st/stm32cubeide_1.12.1/stm32cubeide/plugins/com.st.stm32cube.ide.mcu.externaltools.gnu-tools-for-stm32.10.3-2021.10.win32_1.0.200.202301161003/tools/bin/../lib/gcc/arm-none-eabi/10.3.1/../../../../arm-none-eabi/lib/thumb/v7e-m+fp/hard\libc_nano.a(lib_a-init.o)
                              c:/st/stm32cubeide_1.12.1/stm32cubeide/plugins/com.st.stm32cube.ide.mcu.externaltools.gnu-tools-for-stm32.10.3-2021.10.win32_1.0.200.202301161003/tools/bin/../lib/gcc/arm-none-eabi/10.3.1/../../../../arm-none-eabi/lib/thumb/v7e-m+fp/hard/crt0.o (__libc_init_array)
c:/st/stm32cubeide_1.12.1/stm32cubeide/plugins/com.st.stm32cube.ide.mcu.externaltools.gnu-tools-for-stm32.10.3-2021.10.win32_1.0.200.202301161003/tools/bin/../lib/gcc/arm-none-eabi/10.3.1/../../../../arm-none-eabi/lib/thumb/v7e-m+fp/hard\libc_nano.a(lib_a-memset.o)
                              c:/st/stm32cubeide_1.12.1/stm32cubeide/plugins/com.st.stm32cube.ide.mcu.externaltools.gnu-tools-for-stm32.10.3-2021.10.win32_1.0.200.202301161003/tools/bin/../lib/gcc/arm-none-eabi/10.3.1/../../../../arm-none-eabi/lib/thumb/v7e-m+fp/hard/crt0.o (memset)
c:/st/stm32cubeide_1.12.1/stm32cubeide/plugins/com.st.stm32cube.ide.mcu.externaltools.gnu-tools-for-stm32.10.3-2021.10.win32_1.0.200.202301161003/tools/bin/../lib/gcc/arm-none-eabi/10.3.1/../../../../arm-none-eabi/lib/thumb/v7e-m+fp/hard\libc_nano.a(lib_a-sprintf.o)
                              ./Core/Src/main.o (sprintf)
c:/st/stm32cubeide_1.12.1/stm32cubeide/plugins/com.st.stm32cube.ide.mcu.externaltools.gnu-tools-for-stm32.10.3-2021.10.win32_1.0.200.202301161003/tools/bin/../lib/gcc/arm-none-eabi/10.3.1/../../../../arm-none-eabi/lib/thumb/v7e-m+fp/hard\libc_nano.a(lib_a-nano-svfprintf.o)
                              c:/st/stm32cubeide_1.12.1/stm32cubeide/plugins/com.st.stm32cube.ide.mcu.externaltools.gnu-tools-for-stm32.10.3-2021.10.win32_1.0.200.202301161003/tools/bin/../lib/gcc/arm-none-eabi/10.3.1/../../../../arm-none-eabi/lib/thumb/v7e-m+fp/hard\libc_nano.a(lib_a-sprintf.o) (_svfprintf_r)
c:/st/stm32cubeide_1.12.1/stm32cubeide/plugins/com.st.stm32cube.ide.mcu.externaltools.gnu-tools-for-stm32.10.3-2021.10.win32_1.0.200.202301161003/tools/bin/../lib/gcc/arm-none-eabi/10.3.1/../../../../arm-none-eabi/lib/thumb/v7e-m+fp/hard\libc_nano.a(lib_a-nano-vfprintf_i.o)
                              c:/st/stm32cubeide_1.12.1/stm32cubeide/plugins/com.st.stm32cube.ide.mcu.externaltools.gnu-tools-for-stm32.10.3-2021.10.win32_1.0.200.202301161003/tools/bin/../lib/gcc/arm-none-eabi/10.3.1/../../../../arm-none-eabi/lib/thumb/v7e-m+fp/hard\libc_nano.a(lib_a-nano-svfprintf.o) (_printf_i)
c:/st/stm32cubeide_1.12.1/stm32cubeide/plugins/com.st.stm32cube.ide.mcu.externaltools.gnu-tools-for-stm32.10.3-2021.10.win32_1.0.200.202301161003/tools/bin/../lib/gcc/arm-none-eabi/10.3.1/../../../../arm-none-eabi/lib/thumb/v7e-m+fp/hard\libc_nano.a(lib_a-memchr.o)
                              c:/st/stm32cubeide_1.12.1/stm32cubeide/plugins/com.st.stm32cube.ide.mcu.externaltools.gnu-tools-for-stm32.10.3-2021.10.win32_1.0.200.202301161003/tools/bin/../lib/gcc/arm-none-eabi/10.3.1/../../../../arm-none-eabi/lib/thumb/v7e-m+fp/hard\libc_nano.a(lib_a-nano-svfprintf.o) (memchr)
c:/st/stm32cubeide_1.12.1/stm32cubeide/plugins/com.st.stm32cube.ide.mcu.externaltools.gnu-tools-for-stm32.10.3-2021.10.win32_1.0.200.202301161003/tools/bin/../lib/gcc/arm-none-eabi/10.3.1/../../../../arm-none-eabi/lib/thumb/v7e-m+fp/hard\libc_nano.a(lib_a-memcpy-stub.o)
[...]
Memory Configuration

Name             Origin             Length             Attributes
RAM              0x0000000020000000 0x000000000001c000 xrw
RAM2             0x000000002001c000 0x0000000000004000 xrw
CCMRAM           0x0000000010000000 0x0000000000010000 xrw
FLASH            0x0000000008000000 0x0000000000100000 xr
*default*        0x0000000000000000 0xffffffffffffffff

Linker script and memory map

LOAD c:/st/stm32cubeide_1.12.1/stm32cubeide/plugins/com.st.stm32cube.ide.mcu.externaltools.gnu-tools-for-stm32.10.3-2021.10.win32_1.0.200.202301161003/tools/bin/../lib/gcc/arm-none-eabi/10.3.1/thumb/v7e-m+fp/hard/crti.o
LOAD c:/st/stm32cubeide_1.12.1/stm32cubeide/plugins/com.st.stm32cube.ide.mcu.externaltools.gnu-tools-for-stm32.10.3-2021.10.win32_1.0.200.202301161003/tools/bin/../lib/gcc/arm-none-eabi/10.3.1/thumb/v7e-m+fp/hard/crtbegin.o
LOAD c:/st/stm32cubeide_1.12.1/stm32cubeide/plugins/com.st.stm32cube.ide.mcu.externaltools.gnu-tools-for-stm32.10.3-2021.10.win32_1.0.200.202301161003/tools/bin/../lib/gcc/arm-none-eabi/10.3.1/../../../../arm-none-eabi/lib/thumb/v7e-m+fp/hard/crt0.o
LOAD ./Core/Src/ILI9341_GFX.o
LOAD ./Core/Src/ILI9341_STM32_Driver.o
LOAD ./Core/Src/fonts.o
LOAD ./Core/Src/main.o
LOAD ./Core/Src/stm32f4xx_hal_msp.o
LOAD ./Core/Src/stm32f4xx_it.o
LOAD ./Core/Src/syscalls.o
LOAD ./Core/Src/system_stm32f4xx.o
LOAD ./Drivers/STM32F4xx_HAL_Driver/Src/stm32f4xx_hal.o
LOAD ./Drivers/STM32F4xx_HAL_Driver/Src/stm32f4xx_hal_cortex.o
LOAD ./Drivers/STM32F4xx_HAL_Driver/Src/stm32f4xx_hal_dcmi.o
LOAD ./Drivers/STM32F4xx_HAL_Driver/Src/stm32f4xx_hal_dcmi_ex.o
LOAD ./Drivers/STM32F4xx_HAL_Driver/Src/stm32f4xx_hal_dma.o
LOAD ./Drivers/STM32F4xx_HAL_Driver/Src/stm32f4xx_hal_dma_ex.o
LOAD ./Drivers/STM32F4xx_HAL_Driver/Src/stm32f4xx_hal_exti.o
LOAD ./Drivers/STM32F4xx_HAL_Driver/Src/stm32f4xx_hal_flash.o
LOAD ./Drivers/STM32F4xx_HAL_Driver/Src/stm32f4xx_hal_flash_ex.o
LOAD ./Drivers/STM32F4xx_HAL_Driver/Src/stm32f4xx_hal_flash_ramfunc.o
LOAD ./Drivers/STM32F4xx_HAL_Driver/Src/stm32f4xx_hal_gpio.o
LOAD ./Drivers/STM32F4xx_HAL_Driver/Src/stm32f4xx_hal_i2c.o
LOAD ./Drivers/STM32F4xx_HAL_Driver/Src/stm32f4xx_hal_i2c_ex.o
LOAD ./Drivers/STM32F4xx_HAL_Driver/Src/stm32f4xx_hal_pwr.o
LOAD ./Drivers/STM32F4xx_HAL_Driver/Src/stm32f4xx_hal_pwr_ex.o
LOAD ./Drivers/STM32F4xx_HAL_Driver/Src/stm32f4xx_hal_rcc.o
LOAD ./Drivers/STM32F4xx_HAL_Driver/Src/stm32f4xx_hal_rcc_ex.o
LOAD ./Drivers/STM32F4xx_HAL_Driver/Src/stm32f4xx_hal_rng.o
LOAD ./Drivers/STM32F4xx_HAL_Driver/Src/stm32f4xx_hal_spi.o
LOAD ./Drivers/STM32F4xx_HAL_Driver/Src/stm32f4xx_hal_tim.o
LOAD ./Drivers/STM32F4xx_HAL_Driver/Src/stm32f4xx_hal_tim_ex.o
LOAD ./startup/startup_stm32f407xx.o
START GROUP
LOAD c:/st/stm32cubeide_1.12.1/stm32cubeide/plugins/com.st.stm32cube.ide.mcu.externaltools.gnu-tools-for-stm32.10.3-2021.10.win32_1.0.200.202301161003/tools/bin/../lib/gcc/arm-none-eabi/10.3.1/../../../../arm-none-eabi/lib/thumb/v7e-m+fp/hard\libc_nano.a
LOAD c:/st/stm32cubeide_1.12.1/stm32cubeide/plugins/com.st.stm32cube.ide.mcu.externaltools.gnu-tools-for-stm32.10.3-2021.10.win32_1.0.200.202301161003/tools/bin/../lib/gcc/arm-none-eabi/10.3.1/../../../../arm-none-eabi/lib/thumb/v7e-m+fp/hard\libm.a
END GROUP
START GROUP
LOAD c:/st/stm32cubeide_1.12.1/stm32cubeide/plugins/com.st.stm32cube.ide.mcu.externaltools.gnu-tools-for-stm32.10.3-2021.10.win32_1.0.200.202301161003/tools/bin/../lib/gcc/arm-none-eabi/10.3.1/thumb/v7e-m+fp/hard\libgcc.a
LOAD c:/st/stm32cubeide_1.12.1/stm32cubeide/plugins/com.st.stm32cube.ide.mcu.externaltools.gnu-tools-for-stm32.10.3-2021.10.win32_1.0.200.202301161003/tools/bin/../lib/gcc/arm-none-eabi/10.3.1/../../../../arm-none-eabi/lib/thumb/v7e-m+fp/hard\libc_nano.a
END GROUP
START GROUP
LOAD c:/st/stm32cubeide_1.12.1/stm32cubeide/plugins/com.st.stm32cube.ide.mcu.externaltools.gnu-tools-for-stm32.10.3-2021.10.win32_1.0.200.202301161003/tools/bin/../lib/gcc/arm-none-eabi/10.3.1/thumb/v7e-m+fp/hard\libgcc.a
LOAD c:/st/stm32cubeide_1.12.1/stm32cubeide/plugins/com.st.stm32cube.ide.mcu.externaltools.gnu-tools-for-stm32.10.3-2021.10.win32_1.0.200.202301161003/tools/bin/../lib/gcc/arm-none-eabi/10.3.1/../../../../arm-none-eabi/lib/thumb/v7e-m+fp/hard\libc_nano.a
LOAD c:/st/stm32cubeide_1.12.1/stm32cubeide/plugins/com.st.stm32cube.ide.mcu.externaltools.gnu-tools-for-stm32.10.3-2021.10.win32_1.0.200.202301161003/tools/bin/../lib/gcc/arm-none-eabi/10.3.1/../../../../arm-none-eabi/lib/thumb/v7e-m+fp/hard\libnosys.a
END GROUP
START GROUP
LOAD c:/st/stm32cubeide_1.12.1/stm32cubeide/plugins/com.st.stm32cube.ide.mcu.externaltools.gnu-tools-for-stm32.10.3-2021.10.win32_1.0.200.202301161003/tools/bin/../lib/gcc/arm-none-eabi/10.3.1/thumb/v7e-m+fp/hard\libgcc.a
LOAD c:/st/stm32cubeide_1.12.1/stm32cubeide/plugins/com.st.stm32cube.ide.mcu.externaltools.gnu-tools-for-stm32.10.3-2021.10.win32_1.0.200.202301161003/tools/bin/../lib/gcc/arm-none-eabi/10.3.1/../../../../arm-none-eabi/lib/thumb/v7e-m+fp/hard\libc_nano.a
LOAD c:/st/stm32cubeide_1.12.1/stm32cubeide/plugins/com.st.stm32cube.ide.mcu.externaltools.gnu-tools-for-stm32.10.3-2021.10.win32_1.0.200.202301161003/tools/bin/../lib/gcc/arm-none-eabi/10.3.1/../../../../arm-none-eabi/lib/thumb/v7e-m+fp/hard\libnosys.a
END GROUP
LOAD c:/st/stm32cubeide_1.12.1/stm32cubeide/plugins/com.st.stm32cube.ide.mcu.externaltools.gnu-tools-for-stm32.10.3-2021.10.win32_1.0.200.202301161003/tools/bin/../lib/gcc/arm-none-eabi/10.3.1/thumb/v7e-m+fp/hard/crtend.o
LOAD c:/st/stm32cubeide_1.12.1/stm32cubeide/plugins/com.st.stm32cube.ide.mcu.externaltools.gnu-tools-for-stm32.10.3-2021.10.win32_1.0.200.202301161003/tools/bin/../lib/gcc/arm-none-eabi/10.3.1/thumb/v7e-m+fp/hard/crtn.o
                0x000000002001c000                _estack = 0x2001c000
                0x0000000000000200                _Min_Heap_Size = 0x200
                0x0000000000000400                _Min_Stack_Size = 0x400

.isr_vector     0x0000000008000000      0x188
                0x0000000008000000                . = ALIGN (0x4)
 *(.isr_vector)
 .isr_vector    0x0000000008000000      0x188 ./startup/startup_stm32f407xx.o
                0x0000000008000000                g_pfnVectors
                0x0000000008000188                . = ALIGN (0x4)

.text           0x0000000008000190     0x580c
                0x0000000008000190                . = ALIGN (0x4)
 *(.text)
 .text          0x0000000008000190       0x40 c:/st/stm32cubeide_1.12.1/stm32cubeide/plugins/com.st.stm32cube.ide.mcu.externaltools.gnu-tools-for-stm32.10.3-2021.10.win32_1.0.200.202301161003/tools/bin/../lib/gcc/arm-none-eabi/10.3.1/thumb/v7e-m+fp/hard/crtbegin.o
 .text          0x00000000080001d0       0xa0 c:/st/stm32cubeide_1.12.1/stm32cubeide/plugins/com.st.stm32cube.ide.mcu.externaltools.gnu-tools-for-stm32.10.3-2021.10.win32_1.0.200.202301161003/tools/bin/../lib/gcc/arm-none-eabi/10.3.1/../../../../arm-none-eabi/lib/thumb/v7e-m+fp/hard\libc_nano.a(lib_a-memchr.o)
                0x00000000080001d0                memchr
 .text          0x0000000008000270       0x30 c:/st/stm32cubeide_1.12.1/stm32cubeide/plugins/com.st.stm32cube.ide.mcu.externaltools.gnu-tools-for-stm32.10.3-2021.10.win32_1.0.200.202301161003/tools/bin/../lib/gcc/arm-none-eabi/10.3.1/thumb/v7e-m+fp/hard\libgcc.a(_aeabi_uldivmod.o)
                0x0000000008000270                __aeabi_uldivmod
 .text          0x00000000080002a0      0x2d0 c:/st/stm32cubeide_1.12.1/stm32cubeide/plugins/com.st.stm32cube.ide.mcu.externaltools.gnu-tools-for-stm32.10.3-2021.10.win32_1.0.200.202301161003/tools/bin/../lib/gcc/arm-none-eabi/10.3.1/thumb/v7e-m+fp/hard\libgcc.a(_udivmoddi4.o)
                0x00000000080002a0                __udivmoddi4
 .text          0x0000000008000570        0x4 c:/st/stm32cubeide_1.12.1/stm32cubeide/plugins/com.st.stm32cube.ide.mcu.externaltools.gnu-tools-for-stm32.10.3-2021.10.win32_1.0.200.202301161003/tools/bin/../lib/gcc/arm-none-eabi/10.3.1/thumb/v7e-m+fp/hard\libgcc.a(_dvmd_tls.o)
                0x0000000008000570                __aeabi_idiv0
                0x0000000008000570                __aeabi_ldiv0
 *(.text*)
 .text.DelayUs  0x0000000008000574       0x40 ./Core/Src/ILI9341_GFX.o
 .text.ILI9341_DrawHollowCircle
                0x00000000080005b4      0x16c ./Core/Src/ILI9341_GFX.o
                0x00000000080005b4                ILI9341_DrawHollowCircle
 .text.ILI9341_DrawFilledCircle
                0x0000000008000720      0x110 ./Core/Src/ILI9341_GFX.o
                0x0000000008000720                ILI9341_DrawFilledCircle
 .text.ILI9341_DrawHollowRectangleCoord
                0x0000000008000830      0x102 ./Core/Src/ILI9341_GFX.o
                0x0000000008000830                ILI9341_DrawHollowRectangleCoord
 .text.ILI9341_DrawFilledRectangleCoord
                0x0000000008000932       0xbc ./Core/Src/ILI9341_GFX.o
                0x0000000008000932                ILI9341_DrawFilledRectangleCoord
 .text.ILI9341_DrawChar
                0x00000000080009ee       0xea ./Core/Src/ILI9341_GFX.o
                0x00000000080009ee                ILI9341_DrawChar
 .text.ILI9341_DrawText
                0x0000000008000ad8       0x92 ./Core/Src/ILI9341_GFX.o
                0x0000000008000ad8                ILI9341_DrawText
 .text.ILI9341_DrawImage
                0x0000000008000b6a       0xba ./Core/Src/ILI9341_GFX.o
                0x0000000008000b6a                ILI9341_DrawImage
 .text.HAL_SPI_TxCpltCallback
                0x0000000008000c24       0x2c ./Core/Src/ILI9341_STM32_Driver.o
                0x0000000008000c24                HAL_SPI_TxCpltCallback
 .text.ILI9341_SPI_Tx
                0x0000000008000c50       0x34 ./Core/Src/ILI9341_STM32_Driver.o
 .text.ILI9341_SPI_TxBuffer
                0x0000000008000c84       0x34 ./Core/Src/ILI9341_STM32_Driver.o
 .text.ILI9341_WriteCommand
                0x0000000008000cb8       0x34 ./Core/Src/ILI9341_STM32_Driver.o
                0x0000000008000cb8                ILI9341_WriteCommand
 .text.ILI9341_WriteData
                0x0000000008000cec       0x34 ./Core/Src/ILI9341_STM32_Driver.o
                0x0000000008000cec                ILI9341_WriteData
 .text.ILI9341_WriteBuffer
                0x0000000008000d20       0x38 ./Core/Src/ILI9341_STM32_Driver.o
                0x0000000008000d20                ILI9341_WriteBuffer
 .text.ILI9341_SetAddress
                0x0000000008000d58       0x90 ./Core/Src/ILI9341_STM32_Driver.o
                0x0000000008000d58                ILI9341_SetAddress
 .text.ILI9341_Reset
                0x0000000008000de8       0x40 ./Core/Src/ILI9341_STM32_Driver.o
                0x0000000008000de8                ILI9341_Reset
 .text.ILI9341_Enable
                0x0000000008000e28       0x18 ./Core/Src/ILI9341_STM32_Driver.o
                0x0000000008000e28                ILI9341_Enable
 .text.ILI9341_Init
                0x0000000008000e40      0x214 ./Core/Src/ILI9341_STM32_Driver.o
                0x0000000008000e40                ILI9341_Init
 .text.ILI9341_SetRotation
                0x0000000008001054       0xa0 ./Core/Src/ILI9341_STM32_Driver.o
                0x0000000008001054                ILI9341_SetRotation
 .text.ILI9341_DrawColorBurst
                0x00000000080010f4      0x134 ./Core/Src/ILI9341_STM32_Driver.o
                0x00000000080010f4                ILI9341_DrawColorBurst
 .text.ILI9341_FillScreen
                0x0000000008001228       0x4c ./Core/Src/ILI9341_STM32_Driver.o
                0x0000000008001228                ILI9341_FillScreen
 .text.ILI9341_DrawPixel
                0x0000000008001274       0xcc ./Core/Src/ILI9341_STM32_Driver.o
                0x0000000008001274                ILI9341_DrawPixel
 .text.ILI9341_DrawRectangle
                0x0000000008001340       0xb8 ./Core/Src/ILI9341_STM32_Driver.o
                0x0000000008001340                ILI9341_DrawRectangle
 .text.ILI9341_DrawHLine
                0x00000000080013f8       0x88 ./Core/Src/ILI9341_STM32_Driver.o
                0x00000000080013f8                ILI9341_DrawHLine
 .text.ILI9341_DrawVLine
                0x0000000008001480       0x88 ./Core/Src/ILI9341_STM32_Driver.o
                0x0000000008001480                ILI9341_DrawVLine
 .text.main     0x0000000008001508      0xa6c ./Core/Src/main.o
                0x0000000008001508                main
 .text.SystemClock_Config
                0x0000000008001f74       0xe4 ./Core/Src/main.o
                0x0000000008001f74                SystemClock_Config
 .text.MX_DCMI_Init
                0x0000000008002058       0x50 ./Core/Src/main.o
 .text.MX_I2C2_Init
                0x00000000080020a8       0x5c ./Core/Src/main.o
 .text.MX_RNG_Init
                0x0000000008002104       0x28 ./Core/Src/main.o
 .text.MX_SPI1_Init
                0x000000000800212c       0x6c ./Core/Src/main.o
 .text.MX_DMA_Init
                0x0000000008002198       0x50 ./Core/Src/main.o
 .text.MX_GPIO_Init
                0x00000000080021e8      0x100 ./Core/Src/main.o
 .text.Error_Handler
                0x00000000080022e8        0x6 ./Core/Src/main.o
                0x00000000080022e8                Error_Handler
 *fill*         0x00000000080022ee        0x2 
 .text.HAL_MspInit
                0x00000000080022f0       0x50 ./Core/Src/stm32f4xx_hal_msp.o
                0x00000000080022f0                HAL_MspInit
 .text.HAL_DCMI_MspInit
                0x0000000008002340      0x18c ./Core/Src/stm32f4xx_hal_msp.o
                0x0000000008002340                HAL_DCMI_MspInit
 .text.HAL_I2C_MspInit
                0x00000000080024cc       0x90 ./Core/Src/stm32f4xx_hal_msp.o
                0x00000000080024cc                HAL_I2C_MspInit
 .text.HAL_RNG_MspInit
                0x000000000800255c       0x44 ./Core/Src/stm32f4xx_hal_msp.o
                0x000000000800255c                HAL_RNG_MspInit
 .text.HAL_SPI_MspInit
                0x00000000080025a0      0x144 ./Core/Src/stm32f4xx_hal_msp.o
                0x00000000080025a0                HAL_SPI_MspInit
 .text.NMI_Handler
                0x00000000080026e4        0xe ./Core/Src/stm32f4xx_it.o
                0x00000000080026e4                NMI_Handler
 .text.HardFault_Handler
                0x00000000080026f2        0x6 ./Core/Src/stm32f4xx_it.o
                0x00000000080026f2                HardFault_Handler
 .text.MemManage_Handler
                0x00000000080026f8        0x6 ./Core/Src/stm32f4xx_it.o
                0x00000000080026f8                MemManage_Handler
 .text.BusFault_Handler
                0x00000000080026fe        0x6 ./Core/Src/stm32f4xx_it.o
                0x00000000080026fe                BusFault_Handler
 .text.UsageFault_Handler
                0x0000000008002704        0x6 ./Core/Src/stm32f4xx_it.o
                0x0000000008002704                UsageFault_Handler
 .text.SVC_Handler
                0x000000000800270a        0xe ./Core/Src/stm32f4xx_it.o
                0x000000000800270a                SVC_Handler
 .text.DebugMon_Handler
                0x0000000008002718        0xe ./Core/Src/stm32f4xx_it.o
                0x0000000008002718                DebugMon_Handler
 .text.PendSV_Handler
                0x0000000008002726        0xe ./Core/Src/stm32f4xx_it.o
                0x0000000008002726                PendSV_Handler
 .text.SysTick_Handler
                0x0000000008002734        0xc ./Core/Src/stm32f4xx_it.o
                0x0000000008002734                SysTick_Handler
 .text.SPI1_IRQHandler
                0x0000000008002740       0x14 ./Core/Src/stm32f4xx_it.o
                0x0000000008002740                SPI1_IRQHandler
 .text.DMA2_Stream1_IRQHandler
                0x0000000008002754       0x14 ./Core/Src/stm32f4xx_it.o
                0x0000000008002754                DMA2_Stream1_IRQHandler
 .text.DMA2_Stream3_IRQHandler
                0x0000000008002768       0x14 ./Core/Src/stm32f4xx_it.o
                0x0000000008002768                DMA2_Stream3_IRQHandler
 .text.DCMI_IRQHandler
                0x000000000800277c       0x14 ./Core/Src/stm32f4xx_it.o
                0x000000000800277c                DCMI_IRQHandler
 .text._sbrk    0x0000000008002790       0x58 ./Core/Src/syscalls.o
                0x0000000008002790                _sbrk
 .text.SystemInit
                0x00000000080027e8       0x6c ./Core/Src/system_stm32f4xx.o
                0x00000000080027e8                SystemInit
 .text.HAL_Init
                0x0000000008002854       0x44 ./Drivers/STM32F4xx_HAL_Driver/Src/stm32f4xx_hal.o
                0x0000000008002854                HAL_Init
 .text.HAL_InitTick
                0x0000000008002898       0x60 ./Drivers/STM32F4xx_HAL_Driver/Src/stm32f4xx_hal.o
                0x0000000008002898                HAL_InitTick
 .text.HAL_IncTick
                0x00000000080028f8       0x28 ./Drivers/STM32F4xx_HAL_Driver/Src/stm32f4xx_hal.o
                0x00000000080028f8                HAL_IncTick
 .text.HAL_GetTick
                0x0000000008002920       0x18 ./Drivers/STM32F4xx_HAL_Driver/Src/stm32f4xx_hal.o
                0x0000000008002920                HAL_GetTick
 .text.HAL_Delay
                0x0000000008002938       0x48 ./Drivers/STM32F4xx_HAL_Driver/Src/stm32f4xx_hal.o
                0x0000000008002938                HAL_Delay
 .text.__NVIC_SetPriorityGrouping
                0x0000000008002980       0x48 ./Drivers/STM32F4xx_HAL_Driver/Src/stm32f4xx_hal_cortex.o
 .text.__NVIC_GetPriorityGrouping
                0x00000000080029c8       0x1c ./Drivers/STM32F4xx_HAL_Driver/Src/stm32f4xx_hal_cortex.o
 .text.__NVIC_EnableIRQ
                0x00000000080029e4       0x3c ./Drivers/STM32F4xx_HAL_Driver/Src/stm32f4xx_hal_cortex.o
 .text.__NVIC_SetPriority
                0x0000000008002a20       0x54 ./Drivers/STM32F4xx_HAL_Driver/Src/stm32f4xx_hal_cortex.o
 .text.NVIC_EncodePriority
                0x0000000008002a74       0x66 ./Drivers/STM32F4xx_HAL_Driver/Src/stm32f4xx_hal_cortex.o
 *fill*         0x0000000008002ada        0x2 
 .text.SysTick_Config
                0x0000000008002adc       0x44 ./Drivers/STM32F4xx_HAL_Driver/Src/stm32f4xx_hal_cortex.o
 .text.HAL_NVIC_SetPriorityGrouping
                0x0000000008002b20       0x16 ./Drivers/STM32F4xx_HAL_Driver/Src/stm32f4xx_hal_cortex.o
                0x0000000008002b20                HAL_NVIC_SetPriorityGrouping
 .text.HAL_NVIC_SetPriority
                0x0000000008002b36       0x38 ./Drivers/STM32F4xx_HAL_Driver/Src/stm32f4xx_hal_cortex.o
                0x0000000008002b36                HAL_NVIC_SetPriority
 .text.HAL_NVIC_EnableIRQ
                0x0000000008002b6e       0x1c ./Drivers/STM32F4xx_HAL_Driver/Src/stm32f4xx_hal_cortex.o
                0x0000000008002b6e                HAL_NVIC_EnableIRQ
 .text.HAL_SYSTICK_Config
                0x0000000008002b8a       0x18 ./Drivers/STM32F4xx_HAL_Driver/Src/stm32f4xx_hal_cortex.o
                0x0000000008002b8a                HAL_SYSTICK_Config
 *fill*         0x0000000008002ba2        0x2 
 .text.HAL_DCMI_IRQHandler
                0x0000000008002ba4       0xfc ./Drivers/STM32F4xx_HAL_Driver/Src/stm32f4xx_hal_dcmi.o
                0x0000000008002ba4                HAL_DCMI_IRQHandler
 .text.HAL_DCMI_ErrorCallback
                0x0000000008002ca0       0x14 ./Drivers/STM32F4xx_HAL_Driver/Src/stm32f4xx_hal_dcmi.o
                0x0000000008002ca0                HAL_DCMI_ErrorCallback
 .text.HAL_DCMI_LineEventCallback
                0x0000000008002cb4       0x14 ./Drivers/STM32F4xx_HAL_Driver/Src/stm32f4xx_hal_dcmi.o
                0x0000000008002cb4                HAL_DCMI_LineEventCallback
 .text.HAL_DCMI_VsyncEventCallback
                0x0000000008002cc8       0x14 ./Drivers/STM32F4xx_HAL_Driver/Src/stm32f4xx_hal_dcmi.o
                0x0000000008002cc8                HAL_DCMI_VsyncEventCallback
 .text.HAL_DCMI_FrameEventCallback
                0x0000000008002cdc       0x14 ./Drivers/STM32F4xx_HAL_Driver/Src/stm32f4xx_hal_dcmi.o
                0x0000000008002cdc                HAL_DCMI_FrameEventCallback
 .text.DCMI_DMAError
                0x0000000008002cf0       0x2e ./Drivers/STM32F4xx_HAL_Driver/Src/stm32f4xx_hal_dcmi.o
 .text.HAL_DCMI_Init
                0x0000000008002d1e       0xda ./Drivers/STM32F4xx_HAL_Driver/Src/stm32f4xx_hal_dcmi_ex.o
                0x0000000008002d1e                HAL_DCMI_Init
 .text.HAL_DMA_Init
                0x0000000008002df8      0x15c ./Drivers/STM32F4xx_HAL_Driver/Src/stm32f4xx_hal_dma.o
                0x0000000008002df8                HAL_DMA_Init
 .text.HAL_DMA_Start_IT
                0x0000000008002f54       0xb0 ./Drivers/STM32F4xx_HAL_Driver/Src/stm32f4xx_hal_dma.o
                0x0000000008002f54                HAL_DMA_Start_IT
 .text.HAL_DMA_Abort_IT
                0x0000000008003004       0x44 ./Drivers/STM32F4xx_HAL_Driver/Src/stm32f4xx_hal_dma.o
                0x0000000008003004                HAL_DMA_Abort_IT
 .text.HAL_DMA_IRQHandler
                0x0000000008003048      0x314 ./Drivers/STM32F4xx_HAL_Driver/Src/stm32f4xx_hal_dma.o
                0x0000000008003048                HAL_DMA_IRQHandler
 .text.DMA_SetConfig
                0x000000000800335c       0x5c ./Drivers/STM32F4xx_HAL_Driver/Src/stm32f4xx_hal_dma.o
 .text.DMA_CalcBaseAndBitshift
                0x00000000080033b8       0x6c ./Drivers/STM32F4xx_HAL_Driver/Src/stm32f4xx_hal_dma.o
 .text.DMA_CheckFifoParam
                0x0000000008003424       0xf8 ./Drivers/STM32F4xx_HAL_Driver/Src/stm32f4xx_hal_dma.o
 .text.HAL_GPIO_Init
                0x000000000800351c      0x338 ./Drivers/STM32F4xx_HAL_Driver/Src/stm32f4xx_hal_gpio.o
                0x000000000800351c                HAL_GPIO_Init
 .text.HAL_GPIO_WritePin
                0x0000000008003854       0x32 ./Drivers/STM32F4xx_HAL_Driver/Src/stm32f4xx_hal_gpio.o
                0x0000000008003854                HAL_GPIO_WritePin
 *fill*         0x0000000008003886        0x2 
 .text.HAL_I2C_Init
                0x0000000008003888      0x288 ./Drivers/STM32F4xx_HAL_Driver/Src/stm32f4xx_hal_i2c.o
                0x0000000008003888                HAL_I2C_Init
 .text.HAL_RCC_OscConfig
                0x0000000008003b10      0x4f0 ./Drivers/STM32F4xx_HAL_Driver/Src/stm32f4xx_hal_rcc.o
                0x0000000008003b10                HAL_RCC_OscConfig
 .text.HAL_RCC_ClockConfig
                0x0000000008004000      0x1cc ./Drivers/STM32F4xx_HAL_Driver/Src/stm32f4xx_hal_rcc.o
                0x0000000008004000                HAL_RCC_ClockConfig
 .text.HAL_RCC_MCOConfig
                0x00000000080041cc       0xd0 ./Drivers/STM32F4xx_HAL_Driver/Src/stm32f4xx_hal_rcc.o
                0x00000000080041cc                HAL_RCC_MCOConfig
 .text.HAL_RCC_GetSysClockFreq
                0x000000000800429c      0x20c ./Drivers/STM32F4xx_HAL_Driver/Src/stm32f4xx_hal_rcc.o
                0x000000000800429c                HAL_RCC_GetSysClockFreq
 .text.HAL_RCC_GetHCLKFreq
                0x00000000080044a8       0x18 ./Drivers/STM32F4xx_HAL_Driver/Src/stm32f4xx_hal_rcc.o
                0x00000000080044a8                HAL_RCC_GetHCLKFreq
 .text.HAL_RCC_GetPCLK1Freq
                0x00000000080044c0       0x28 ./Drivers/STM32F4xx_HAL_Driver/Src/stm32f4xx_hal_rcc.o
                0x00000000080044c0                HAL_RCC_GetPCLK1Freq
 .text.HAL_RNG_Init
                0x00000000080044e8       0x54 ./Drivers/STM32F4xx_HAL_Driver/Src/stm32f4xx_hal_rng.o
                0x00000000080044e8                HAL_RNG_Init
 .text.HAL_RNG_GenerateRandomNumber
                0x000000000800453c       0xac ./Drivers/STM32F4xx_HAL_Driver/Src/stm32f4xx_hal_rng.o
                0x000000000800453c                HAL_RNG_GenerateRandomNumber
 .text.HAL_RNG_GetRandomNumber
                0x00000000080045e8       0x2a ./Drivers/STM32F4xx_HAL_Driver/Src/stm32f4xx_hal_rng.o
                0x00000000080045e8                HAL_RNG_GetRandomNumber
 .text.HAL_SPI_Init
                0x0000000008004612      0x112 ./Drivers/STM32F4xx_HAL_Driver/Src/stm32f4xx_hal_spi.o
                0x0000000008004612                HAL_SPI_Init
 .text.HAL_SPI_Transmit
                0x0000000008004724      0x278 ./Drivers/STM32F4xx_HAL_Driver/Src/stm32f4xx_hal_spi.o
                0x0000000008004724                HAL_SPI_Transmit
 .text.HAL_SPI_Transmit_DMA
                0x000000000800499c      0x16c ./Drivers/STM32F4xx_HAL_Driver/Src/stm32f4xx_hal_spi.o
                0x000000000800499c                HAL_SPI_Transmit_DMA
 .text.HAL_SPI_IRQHandler
                0x0000000008004b08      0x200 ./Drivers/STM32F4xx_HAL_Driver/Src/stm32f4xx_hal_spi.o
                0x0000000008004b08                HAL_SPI_IRQHandler
 .text.HAL_SPI_TxHalfCpltCallback
                0x0000000008004d08       0x14 ./Drivers/STM32F4xx_HAL_Driver/Src/stm32f4xx_hal_spi.o
                0x0000000008004d08                HAL_SPI_TxHalfCpltCallback
 .text.HAL_SPI_ErrorCallback
                0x0000000008004d1c       0x14 ./Drivers/STM32F4xx_HAL_Driver/Src/stm32f4xx_hal_spi.o
                0x0000000008004d1c                HAL_SPI_ErrorCallback
 .text.SPI_DMATransmitCplt
                0x0000000008004d30       0xa8 ./Drivers/STM32F4xx_HAL_Driver/Src/stm32f4xx_hal_spi.o
 .text.SPI_DMAHalfTransmitCplt
                0x0000000008004dd8       0x1c ./Drivers/STM32F4xx_HAL_Driver/Src/stm32f4xx_hal_spi.o
 .text.SPI_DMAError
                0x0000000008004df4       0x40 ./Drivers/STM32F4xx_HAL_Driver/Src/stm32f4xx_hal_spi.o
 .text.SPI_DMAAbortOnError
                0x0000000008004e34       0x28 ./Drivers/STM32F4xx_HAL_Driver/Src/stm32f4xx_hal_spi.o
 .text.SPI_WaitFlagStateUntilTimeout
                0x0000000008004e5c      0x110 ./Drivers/STM32F4xx_HAL_Driver/Src/stm32f4xx_hal_spi.o
 .text.SPI_EndRxTxTransaction
                0x0000000008004f6c       0x84 ./Drivers/STM32F4xx_HAL_Driver/Src/stm32f4xx_hal_spi.o
 .text.Reset_Handler
                0x0000000008004ff0       0x50 ./startup/startup_stm32f407xx.o
                0x0000000008004ff0                Reset_Handler
 .text.Default_Handler
                0x0000000008005040        0x2 ./startup/startup_stm32f407xx.o
                0x0000000008005040                RTC_Alarm_IRQHandler
                0x0000000008005040                HASH_RNG_IRQHandler
                0x0000000008005040                EXTI2_IRQHandler
                0x0000000008005040                TIM8_CC_IRQHandler
                0x0000000008005040                TIM1_CC_IRQHandler
                0x0000000008005040                DMA2_Stream5_IRQHandler
                0x0000000008005040                DMA1_Stream5_IRQHandler
                0x0000000008005040                PVD_IRQHandler
                0x0000000008005040                SDIO_IRQHandler
                0x0000000008005040                TAMP_STAMP_IRQHandler
                0x0000000008005040                CAN2_RX1_IRQHandler
                0x0000000008005040                EXTI3_IRQHandler
                0x0000000008005040                TIM8_TRG_COM_TIM14_IRQHandler
                0x0000000008005040                TIM1_UP_TIM10_IRQHandler
                0x0000000008005040                TIM8_UP_TIM13_IRQHandler
                0x0000000008005040                I2C3_ER_IRQHandler
                0x0000000008005040                EXTI0_IRQHandler
                0x0000000008005040                I2C2_EV_IRQHandler
                0x0000000008005040                DMA1_Stream2_IRQHandler
                0x0000000008005040                CAN1_RX0_IRQHandler
                0x0000000008005040                FPU_IRQHandler
                0x0000000008005040                OTG_HS_WKUP_IRQHandler
                0x0000000008005040                CAN2_SCE_IRQHandler
                0x0000000008005040                DMA2_Stream2_IRQHandler
                0x0000000008005040                TIM6_DAC_IRQHandler
                0x0000000008005040                TIM1_BRK_TIM9_IRQHandler
                0x0000000008005040                CAN2_RX0_IRQHandler
                0x0000000008005040                USART6_IRQHandler
                0x0000000008005040                USART3_IRQHandler
                0x0000000008005040                CAN1_RX1_IRQHandler
                0x0000000008005040                UART5_IRQHandler
                0x0000000008005040                DMA2_Stream0_IRQHandler
                0x0000000008005040                TIM4_IRQHandler
                0x0000000008005040                I2C1_EV_IRQHandler
                0x0000000008005040                DMA1_Stream6_IRQHandler
                0x0000000008005040                DMA1_Stream1_IRQHandler
                0x0000000008005040                UART4_IRQHandler
                0x0000000008005040                TIM3_IRQHandler
                0x0000000008005040                RCC_IRQHandler
                0x0000000008005040                TIM8_BRK_TIM12_IRQHandler
                0x0000000008005040                Default_Handler
                0x0000000008005040                EXTI15_10_IRQHandler
                0x0000000008005040                ADC_IRQHandler
                0x0000000008005040                DMA1_Stream7_IRQHandler
                0x0000000008005040                TIM7_IRQHandler
                0x0000000008005040                CAN2_TX_IRQHandler
                0x0000000008005040                TIM5_IRQHandler
                0x0000000008005040                DMA2_Stream7_IRQHandler
                0x0000000008005040                I2C3_EV_IRQHandler
                0x0000000008005040                EXTI9_5_IRQHandler
                0x0000000008005040                RTC_WKUP_IRQHandler
                0x0000000008005040                ETH_WKUP_IRQHandler
                0x0000000008005040                SPI2_IRQHandler
                0x0000000008005040                OTG_HS_EP1_IN_IRQHandler
                0x0000000008005040                DMA1_Stream0_IRQHandler
                0x0000000008005040                CAN1_TX_IRQHandler
                0x0000000008005040                EXTI4_IRQHandler
                0x0000000008005040                FSMC_IRQHandler
                0x0000000008005040                ETH_IRQHandler
                0x0000000008005040                OTG_HS_EP1_OUT_IRQHandler
                0x0000000008005040                WWDG_IRQHandler
                0x0000000008005040                TIM2_IRQHandler
                0x0000000008005040                OTG_FS_WKUP_IRQHandler
                0x0000000008005040                TIM1_TRG_COM_TIM11_IRQHandler
                0x0000000008005040                OTG_HS_IRQHandler
                0x0000000008005040                EXTI1_IRQHandler
                0x0000000008005040                USART2_IRQHandler
                0x0000000008005040                I2C2_ER_IRQHandler
                0x0000000008005040                CAN1_SCE_IRQHandler
                0x0000000008005040                FLASH_IRQHandler
                0x0000000008005040                DMA2_Stream4_IRQHandler
                0x0000000008005040                USART1_IRQHandler
                0x0000000008005040                OTG_FS_IRQHandler
                0x0000000008005040                SPI3_IRQHandler
                0x0000000008005040                DMA1_Stream4_IRQHandler
                0x0000000008005040                I2C1_ER_IRQHandler
                0x0000000008005040                DMA2_Stream6_IRQHandler
                0x0000000008005040                DMA1_Stream3_IRQHandler
 *fill*         0x0000000008005042        0x2 
 .text.__errno  0x0000000008005044        0xc c:/st/stm32cubeide_1.12.1/stm32cubeide/plugins/com.st.stm32cube.ide.mcu.externaltools.gnu-tools-for-stm32.10.3-2021.10.win32_1.0.200.202301161003/tools/bin/../lib/gcc/arm-none-eabi/10.3.1/../../../../arm-none-eabi/lib/thumb/v7e-m+fp/hard\libc_nano.a(lib_a-errno.o)
                0x0000000008005044                __errno
 .text.__libc_init_array
                0x0000000008005050       0x48 c:/st/stm32cubeide_1.12.1/stm32cubeide/plugins/com.st.stm32cube.ide.mcu.externaltools.gnu-tools-for-stm32.10.3-2021.10.win32_1.0.200.202301161003/tools/bin/../lib/gcc/arm-none-eabi/10.3.1/../../../../arm-none-eabi/lib/thumb/v7e-m+fp/hard\libc_nano.a(lib_a-init.o)
                0x0000000008005050                __libc_init_array
 .text.memset   0x0000000008005098       0x10 c:/st/stm32cubeide_1.12.1/stm32cubeide/plugins/com.st.stm32cube.ide.mcu.externaltools.gnu-tools-for-stm32.10.3-2021.10.win32_1.0.200.202301161003/tools/bin/../lib/gcc/arm-none-eabi/10.3.1/../../../../arm-none-eabi/lib/thumb/v7e-m+fp/hard\libc_nano.a(lib_a-memset.o)
                0x0000000008005098                memset
 .text.sprintf  0x00000000080050a8       0x40 c:/st/stm32cubeide_1.12.1/stm32cubeide/plugins/com.st.stm32cube.ide.mcu.externaltools.gnu-tools-for-stm32.10.3-2021.10.win32_1.0.200.202301161003/tools/bin/../lib/gcc/arm-none-eabi/10.3.1/../../../../arm-none-eabi/lib/thumb/v7e-m+fp/hard\libc_nano.a(lib_a-sprintf.o)
                0x00000000080050a8                siprintf
                0x00000000080050a8                sprintf
 .text.__ssputs_r
                0x00000000080050e8       0xb6 c:/st/stm32cubeide_1.12.1/stm32cubeide/plugins/com.st.stm32cube.ide.mcu.externaltools.gnu-tools-for-stm32.10.3-2021.10.win32_1.0.200.202301161003/tools/bin/../lib/gcc/arm-none-eabi/10.3.1/../../../../arm-none-eabi/lib/thumb/v7e-m+fp/hard\libc_nano.a(lib_a-nano-svfprintf.o)
                0x00000000080050e8                __ssputs_r
 *fill*         0x000000000800519e        0x2 
 .text._svfprintf_r
                0x00000000080051a0      0x200 c:/st/stm32cubeide_1.12.1/stm32cubeide/plugins/com.st.stm32cube.ide.mcu.externaltools.gnu-tools-for-stm32.10.3-2021.10.win32_1.0.200.202301161003/tools/bin/../lib/gcc/arm-none-eabi/10.3.1/../../../../arm-none-eabi/lib/thumb/v7e-m+fp/hard\libc_nano.a(lib_a-nano-svfprintf.o)
                0x00000000080051a0                _svfiprintf_r
                0x00000000080051a0                _svfprintf_r
 .text._printf_common
                0x00000000080053a0       0xda c:/st/stm32cubeide_1.12.1/stm32cubeide/plugins/com.st.stm32cube.ide.mcu.externaltools.gnu-tools-for-stm32.10.3-2021.10.win32_1.0.200.202301161003/tools/bin/../lib/gcc/arm-none-eabi/10.3.1/../../../../arm-none-eabi/lib/thumb/v7e-m+fp/hard\libc_nano.a(lib_a-nano-vfprintf_i.o)
                0x00000000080053a0                _printf_common
 *fill*         0x000000000800547a        0x2 
 .text._printf_i
                0x000000000800547c      0x24c c:/st/stm32cubeide_1.12.1/stm32cubeide/plugins/com.st.stm32cube.ide.mcu.externaltools.gnu-tools-for-stm32.10.3-2021.10.win32_1.0.200.202301161003/tools/bin/../lib/gcc/arm-none-eabi/10.3.1/../../../../arm-none-eabi/lib/thumb/v7e-m+fp/hard\libc_nano.a(lib_a-nano-vfprintf_i.o)
                0x000000000800547c                _printf_i
 .text.memcpy   0x00000000080056c8       0x1c c:/st/stm32cubeide_1.12.1/stm32cubeide/plugins/com.st.stm32cube.ide.mcu.externaltools.gnu-tools-for-stm32.10.3-2021.10.win32_1.0.200.202301161003/tools/bin/../lib/gcc/arm-none-eabi/10.3.1/../../../../arm-none-eabi/lib/thumb/v7e-m+fp/hard\libc_nano.a(lib_a-memcpy-stub.o)
                0x00000000080056c8                memcpy
 .text.memmove  0x00000000080056e4       0x34 c:/st/stm32cubeide_1.12.1/stm32cubeide/plugins/com.st.stm32cube.ide.mcu.externaltools.gnu-tools-for-stm32.10.3-2021.10.win32_1.0.200.202301161003/tools/bin/../lib/gcc/arm-none-eabi/10.3.1/../../../../arm-none-eabi/lib/thumb/v7e-m+fp/hard\libc_nano.a(lib_a-memmove.o)
                0x00000000080056e4                memmove
 .text._free_r  0x0000000008005718       0x98 c:/st/stm32cubeide_1.12.1/stm32cubeide/plugins/com.st.stm32cube.ide.mcu.externaltools.gnu-tools-for-stm32.10.3-2021.10.win32_1.0.200.202301161003/tools/bin/../lib/gcc/arm-none-eabi/10.3.1/../../../../arm-none-eabi/lib/thumb/v7e-m+fp/hard\libc_nano.a(lib_a-nano-freer.o)
                0x0000000008005718                _free_r
 .text.sbrk_aligned
                0x00000000080057b0       0x40 c:/st/stm32cubeide_1.12.1/stm32cubeide/plugins/com.st.stm32cube.ide.mcu.externaltools.gnu-tools-for-stm32.10.3-2021.10.win32_1.0.200.202301161003/tools/bin/../lib/gcc/arm-none-eabi/10.3.1/../../../../arm-none-eabi/lib/thumb/v7e-m+fp/hard\libc_nano.a(lib_a-nano-mallocr.o)
 .text._malloc_r
                0x00000000080057f0       0xe8 c:/st/stm32cubeide_1.12.1/stm32cubeide/plugins/com.st.stm32cube.ide.mcu.externaltools.gnu-tools-for-stm32.10.3-2021.10.win32_1.0.200.202301161003/tools/bin/../lib/gcc/arm-none-eabi/10.3.1/../../../../arm-none-eabi/lib/thumb/v7e-m+fp/hard\libc_nano.a(lib_a-nano-mallocr.o)
                0x00000000080057f0                _malloc_r
 .text._realloc_r
                0x00000000080058d8       0x5e c:/st/stm32cubeide_1.12.1/stm32cubeide/plugins/com.st.stm32cube.ide.mcu.externaltools.gnu-tools-for-stm32.10.3-2021.10.win32_1.0.200.202301161003/tools/bin/../lib/gcc/arm-none-eabi/10.3.1/../../../../arm-none-eabi/lib/thumb/v7e-m+fp/hard\libc_nano.a(lib_a-nano-reallocr.o)
                0x00000000080058d8                _realloc_r
 *fill*         0x0000000008005936        0x2 
 .text._sbrk_r  0x0000000008005938       0x20 c:/st/stm32cubeide_1.12.1/stm32cubeide/plugins/com.st.stm32cube.ide.mcu.externaltools.gnu-tools-for-stm32.10.3-2021.10.win32_1.0.200.202301161003/tools/bin/../lib/gcc/arm-none-eabi/10.3.1/../../../../arm-none-eabi/lib/thumb/v7e-m+fp/hard\libc_nano.a(lib_a-sbrkr.o)
                0x0000000008005938                _sbrk_r
 .text.__malloc_lock
                0x0000000008005958        0xc c:/st/stm32cubeide_1.12.1/stm32cubeide/plugins/com.st.stm32cube.ide.mcu.externaltools.gnu-tools-for-stm32.10.3-2021.10.win32_1.0.200.202301161003/tools/bin/../lib/gcc/arm-none-eabi/10.3.1/../../../../arm-none-eabi/lib/thumb/v7e-m+fp/hard\libc_nano.a(lib_a-mlock.o)
                0x0000000008005958                __malloc_lock
 .text.__malloc_unlock
                0x0000000008005964        0xc c:/st/stm32cubeide_1.12.1/stm32cubeide/plugins/com.st.stm32cube.ide.mcu.externaltools.gnu-tools-for-stm32.10.3-2021.10.win32_1.0.200.202301161003/tools/bin/../lib/gcc/arm-none-eabi/10.3.1/../../../../arm-none-eabi/lib/thumb/v7e-m+fp/hard\libc_nano.a(lib_a-mlock.o)
                0x0000000008005964                __malloc_unlock
 .text._malloc_usable_size_r
                0x0000000008005970       0x10 c:/st/stm32cubeide_1.12.1/stm32cubeide/plugins/com.st.stm32cube.ide.mcu.externaltools.gnu-tools-for-stm32.10.3-2021.10.win32_1.0.200.202301161003/tools/bin/../lib/gcc/arm-none-eabi/10.3.1/../../../../arm-none-eabi/lib/thumb/v7e-m+fp/hard\libc_nano.a(lib_a-nano-msizer.o)
                0x0000000008005970                _malloc_usable_size_r
 .text.__retarget_lock_acquire_recursive
                0x0000000008005980        0x2 c:/st/stm32cubeide_1.12.1/stm32cubeide/plugins/com.st.stm32cube.ide.mcu.externaltools.gnu-tools-for-stm32.10.3-2021.10.win32_1.0.200.202301161003/tools/bin/../lib/gcc/arm-none-eabi/10.3.1/../../../../arm-none-eabi/lib/thumb/v7e-m+fp/hard\libc_nano.a(lib_a-lock.o)
                0x0000000008005980                __retarget_lock_acquire_recursive
 .text.__retarget_lock_release_recursive
                0x0000000008005982        0x2 c:/st/stm32cubeide_1.12.1/stm32cubeide/plugins/com.st.stm32cube.ide.mcu.externaltools.gnu-tools-for-stm32.10.3-2021.10.win32_1.0.200.202301161003/tools/bin/../lib/gcc/arm-none-eabi/10.3.1/../../../../arm-none-eabi/lib/thumb/v7e-m+fp/hard\libc_nano.a(lib_a-lock.o)
                0x0000000008005982                __retarget_lock_release_recursive
 *(.glue_7)
 .glue_7        0x0000000008005984        0x0 linker stubs
 *(.glue_7t)
 .glue_7t       0x0000000008005984        0x0 linker stubs
 *(.eh_frame)
 .eh_frame      0x0000000008005984        0x0 c:/st/stm32cubeide_1.12.1/stm32cubeide/plugins/com.st.stm32cube.ide.mcu.externaltools.gnu-tools-for-stm32.10.3-2021.10.win32_1.0.200.202301161003/tools/bin/../lib/gcc/arm-none-eabi/10.3.1/thumb/v7e-m+fp/hard/crtbegin.o
 *(.init)
 .init          0x0000000008005984        0x4 c:/st/stm32cubeide_1.12.1/stm32cubeide/plugins/com.st.stm32cube.ide.mcu.externaltools.gnu-tools-for-stm32.10.3-2021.10.win32_1.0.200.202301161003/tools/bin/../lib/gcc/arm-none-eabi/10.3.1/thumb/v7e-m+fp/hard/crti.o
                0x0000000008005984                _init
 .init          0x0000000008005988        0x8 c:/st/stm32cubeide_1.12.1/stm32cubeide/plugins/com.st.stm32cube.ide.mcu.externaltools.gnu-tools-for-stm32.10.3-2021.10.win32_1.0.200.202301161003/tools/bin/../lib/gcc/arm-none-eabi/10.3.1/thumb/v7e-m+fp/hard/crtn.o
 *(.fini)
 .fini          0x0000000008005990        0x4 c:/st/stm32cubeide_1.12.1/stm32cubeide/plugins/com.st.stm32cube.ide.mcu.externaltools.gnu-tools-for-stm32.10.3-2021.10.win32_1.0.200.202301161003/tools/bin/../lib/gcc/arm-none-eabi/10.3.1/thumb/v7e-m+fp/hard/crti.o
                0x0000000008005990                _fini
 .fini          0x0000000008005994        0x8 c:/st/stm32cubeide_1.12.1/stm32cubeide/plugins/com.st.stm32cube.ide.mcu.externaltools.gnu-tools-for-stm32.10.3-2021.10.win32_1.0.200.202301161003/tools/bin/../lib/gcc/arm-none-eabi/10.3.1/thumb/v7e-m+fp/hard/crtn.o
                0x000000000800599c                . = ALIGN (0x4)
                0x000000000800599c                _etext = .

.vfp11_veneer   0x000000000800599c        0x0
 .vfp11_veneer  0x000000000800599c        0x0 linker stubs

.v4_bx          0x000000000800599c        0x0
 .v4_bx         0x000000000800599c        0x0 linker stubs

.iplt           0x000000000800599c        0x0
 .iplt          0x000000000800599c        0x0 c:/st/stm32cubeide_1.12.1/stm32cubeide/plugins/com.st.stm32cube.ide.mcu.externaltools.gnu-tools-for-stm32.10.3-2021.10.win32_1.0.200.202301161003/tools/bin/../lib/gcc/arm-none-eabi/10.3.1/thumb/v7e-m+fp/hard/crtbegin.o

.rodata         0x000000000800599c    0x27c48
                0x000000000800599c                . = ALIGN (0x4)
 *(.rodata)
 .rodata        0x000000000800599c      0x166 ./Core/Src/main.o
 *(.rodata*)
 *fill*         0x0000000008005b02        0x2 
 .rodata.Arial_Narrow10x13
                0x0000000008005b04      0x7e4 ./Core/Src/fonts.o
                0x0000000008005b04                Arial_Narrow10x13
 .rodata.Arial_Narrow12x16
                0x00000000080062e8      0x964 ./Core/Src/fonts.o
                0x00000000080062e8                Arial_Narrow12x16
 .rodata.Arial_Narrow15x19
                0x0000000008006c4c     0x1144 ./Core/Src/fonts.o
                0x0000000008006c4c                Arial_Narrow15x19
 .rodata.snow_tiger
                0x0000000008007d90    0x25800 ./Core/Src/main.o
                0x0000000008007d90                snow_tiger
 .rodata.AHBPrescTable
                0x000000000802d590       0x10 ./Core/Src/system_stm32f4xx.o
                0x000000000802d590                AHBPrescTable
 .rodata.APBPrescTable
                0x000000000802d5a0        0x8 ./Core/Src/system_stm32f4xx.o
                0x000000000802d5a0                APBPrescTable
 .rodata.flagBitshiftOffset.0
                0x000000000802d5a8        0x8 ./Drivers/STM32F4xx_HAL_Driver/Src/stm32f4xx_hal_dma.o
 .rodata._svfprintf_r.str1.1
                0x000000000802d5b0       0x11 c:/st/stm32cubeide_1.12.1/stm32cubeide/plugins/com.st.stm32cube.ide.mcu.externaltools.gnu-tools-for-stm32.10.3-2021.10.win32_1.0.200.202301161003/tools/bin/../lib/gcc/arm-none-eabi/10.3.1/../../../../arm-none-eabi/lib/thumb/v7e-m+fp/hard\libc_nano.a(lib_a-nano-svfprintf.o)
 .rodata._printf_i.str1.1
                0x000000000802d5c1       0x22 c:/st/stm32cubeide_1.12.1/stm32cubeide/plugins/com.st.stm32cube.ide.mcu.externaltools.gnu-tools-for-stm32.10.3-2021.10.win32_1.0.200.202301161003/tools/bin/../lib/gcc/arm-none-eabi/10.3.1/../../../../arm-none-eabi/lib/thumb/v7e-m+fp/hard\libc_nano.a(lib_a-nano-vfprintf_i.o)
                0x000000000802d5e4                . = ALIGN (0x4)
 *fill*         0x000000000802d5e3        0x1 

.ARM.extab
 *(.ARM.extab* .gnu.linkonce.armextab.*)

.ARM            0x000000000802d5e4        0x8
                0x000000000802d5e4                __exidx_start = .
 *(.ARM.exidx*)
 .ARM.exidx     0x000000000802d5e4        0x8 c:/st/stm32cubeide_1.12.1/stm32cubeide/plugins/com.st.stm32cube.ide.mcu.externaltools.gnu-tools-for-stm32.10.3-2021.10.win32_1.0.200.202301161003/tools/bin/../lib/gcc/arm-none-eabi/10.3.1/thumb/v7e-m+fp/hard\libgcc.a(_udivmoddi4.o)
                0x000000000802d5ec                __exidx_end = .

.rel.dyn        0x000000000802d5ec        0x0
 .rel.iplt      0x000000000802d5ec        0x0 c:/st/stm32cubeide_1.12.1/stm32cubeide/plugins/com.st.stm32cube.ide.mcu.externaltools.gnu-tools-for-stm32.10.3-2021.10.win32_1.0.200.202301161003/tools/bin/../lib/gcc/arm-none-eabi/10.3.1/thumb/v7e-m+fp/hard/crtbegin.o

.preinit_array  0x000000000802d5ec        0x0
                0x000000000802d5ec                PROVIDE (__preinit_array_start = .)
 *(.preinit_array*)
                0x000000000802d5ec                PROVIDE (__preinit_array_end = .)

.init_array     0x000000000802d5ec        0x4
                0x000000000802d5ec                PROVIDE (__init_array_start = .)
 *(SORT_BY_NAME(.init_array.*))
 *(.init_array*)
 .init_array    0x000000000802d5ec        0x4 c:/st/stm32cubeide_1.12.1/stm32cubeide/plugins/com.st.stm32cube.ide.mcu.externaltools.gnu-tools-for-stm32.10.3-2021.10.win32_1.0.200.202301161003/tools/bin/../lib/gcc/arm-none-eabi/10.3.1/thumb/v7e-m+fp/hard/crtbegin.o
                0x000000000802d5f0                PROVIDE (__init_array_end = .)

.fini_array     0x000000000802d5f0        0x4
                [!provide]                        PROVIDE (__fini_array_start = .)
 *(SORT_BY_NAME(.fini_array.*))
 *(.fini_array*)
 .fini_array    0x000000000802d5f0        0x4 c:/st/stm32cubeide_1.12.1/stm32cubeide/plugins/com.st.stm32cube.ide.mcu.externaltools.gnu-tools-for-stm32.10.3-2021.10.win32_1.0.200.202301161003/tools/bin/../lib/gcc/arm-none-eabi/10.3.1/thumb/v7e-m+fp/hard/crtbegin.o
                [!provide]                        PROVIDE (__fini_array_end = .)
                0x000000000802d5f4                _sidata = LOADADDR (.data)

.data           0x0000000020000000       0x74 load address 0x000000000802d5f4
                0x0000000020000000                . = ALIGN (0x4)
                0x0000000020000000                _sdata = .
 *(.data)
 *(.data*)
 .data.LCD_HEIGHT
                0x0000000020000000        0x2 ./Core/Src/ILI9341_STM32_Driver.o
                0x0000000020000000                LCD_HEIGHT
 .data.LCD_WIDTH
                0x0000000020000002        0x2 ./Core/Src/ILI9341_STM32_Driver.o
                0x0000000020000002                LCD_WIDTH
 .data.SystemCoreClock
                0x0000000020000004        0x4 ./Core/Src/system_stm32f4xx.o
                0x0000000020000004                SystemCoreClock
 .data.uwTickPrio
                0x0000000020000008        0x4 ./Drivers/STM32F4xx_HAL_Driver/Src/stm32f4xx_hal.o
                0x0000000020000008                uwTickPrio
 .data.uwTickFreq
                0x000000002000000c        0x1 ./Drivers/STM32F4xx_HAL_Driver/Src/stm32f4xx_hal.o
                0x000000002000000c                uwTickFreq
 *fill*         0x000000002000000d        0x3 
 .data._impure_ptr
                0x0000000020000010        0x4 c:/st/stm32cubeide_1.12.1/stm32cubeide/plugins/com.st.stm32cube.ide.mcu.externaltools.gnu-tools-for-stm32.10.3-2021.10.win32_1.0.200.202301161003/tools/bin/../lib/gcc/arm-none-eabi/10.3.1/../../../../arm-none-eabi/lib/thumb/v7e-m+fp/hard\libc_nano.a(lib_a-impure.o)
                0x0000000020000010                _impure_ptr
 .data.impure_data
                0x0000000020000014       0x60 c:/st/stm32cubeide_1.12.1/stm32cubeide/plugins/com.st.stm32cube.ide.mcu.externaltools.gnu-tools-for-stm32.10.3-2021.10.win32_1.0.200.202301161003/tools/bin/../lib/gcc/arm-none-eabi/10.3.1/../../../../arm-none-eabi/lib/thumb/v7e-m+fp/hard\libc_nano.a(lib_a-impure.o)
                0x0000000020000074                . = ALIGN (0x4)
                0x0000000020000074                _edata = .
                0x000000000802d668                _siccmram = LOADADDR (.ccmram)

.igot.plt       0x0000000020000074        0x0 load address 0x000000000802d668
 .igot.plt      0x0000000020000074        0x0 c:/st/stm32cubeide_1.12.1/stm32cubeide/plugins/com.st.stm32cube.ide.mcu.externaltools.gnu-tools-for-stm32.10.3-2021.10.win32_1.0.200.202301161003/tools/bin/../lib/gcc/arm-none-eabi/10.3.1/thumb/v7e-m+fp/hard/crtbegin.o

.ccmram         0x0000000010000000        0x0 load address 0x000000000802d668
                0x0000000010000000                . = ALIGN (0x4)
                0x0000000010000000                _sccmram = .
 *(.ccmram)
 *(.ccmram*)
                0x0000000010000000                . = ALIGN (0x4)
                0x0000000010000000                _eccmram = .
                0x0000000010000000                . = ALIGN (0x4)

.bss            0x0000000020000074      0x21c
                0x0000000020000074                _sbss = .
                0x0000000020000074                __bss_start__ = _sbss
 *(.bss)
 .bss           0x0000000020000074       0x1c c:/st/stm32cubeide_1.12.1/stm32cubeide/plugins/com.st.stm32cube.ide.mcu.externaltools.gnu-tools-for-stm32.10.3-2021.10.win32_1.0.200.202301161003/tools/bin/../lib/gcc/arm-none-eabi/10.3.1/thumb/v7e-m+fp/hard/crtbegin.o
 *(.bss*)
 .bss.hdcmi     0x0000000020000090       0x40 ./Core/Src/main.o
                0x0000000020000090                hdcmi
 .bss.hdma_dcmi
                0x00000000200000d0       0x60 ./Core/Src/main.o
                0x00000000200000d0                hdma_dcmi
 .bss.hi2c2     0x0000000020000130       0x54 ./Core/Src/main.o
                0x0000000020000130                hi2c2
 .bss.hrng      0x0000000020000184       0x10 ./Core/Src/main.o
                0x0000000020000184                hrng
 .bss.hspi1     0x0000000020000194       0x58 ./Core/Src/main.o
                0x0000000020000194                hspi1
 .bss.hdma_spi1_tx
                0x00000000200001ec       0x60 ./Core/Src/main.o
                0x00000000200001ec                hdma_spi1_tx
 .bss.BufferText.2
                0x000000002000024c       0x28 ./Core/Src/main.o
 .bss.x.1       0x0000000020000274        0x2 ./Core/Src/main.o
 .bss.y.0       0x0000000020000276        0x2 ./Core/Src/main.o
 .bss.heap_end.0
                0x0000000020000278        0x4 ./Core/Src/syscalls.o
 .bss.uwTick    0x000000002000027c        0x4 ./Drivers/STM32F4xx_HAL_Driver/Src/stm32f4xx_hal.o
                0x000000002000027c                uwTick
 .bss.__malloc_free_list
                0x0000000020000280        0x4 c:/st/stm32cubeide_1.12.1/stm32cubeide/plugins/com.st.stm32cube.ide.mcu.externaltools.gnu-tools-for-stm32.10.3-2021.10.win32_1.0.200.202301161003/tools/bin/../lib/gcc/arm-none-eabi/10.3.1/../../../../arm-none-eabi/lib/thumb/v7e-m+fp/hard\libc_nano.a(lib_a-nano-mallocr.o)
                0x0000000020000280                __malloc_free_list
 .bss.__malloc_sbrk_start
                0x0000000020000284        0x4 c:/st/stm32cubeide_1.12.1/stm32cubeide/plugins/com.st.stm32cube.ide.mcu.externaltools.gnu-tools-for-stm32.10.3-2021.10.win32_1.0.200.202301161003/tools/bin/../lib/gcc/arm-none-eabi/10.3.1/../../../../arm-none-eabi/lib/thumb/v7e-m+fp/hard\libc_nano.a(lib_a-nano-mallocr.o)
                0x0000000020000284                __malloc_sbrk_start
 .bss.errno     0x0000000020000288        0x4 c:/st/stm32cubeide_1.12.1/stm32cubeide/plugins/com.st.stm32cube.ide.mcu.externaltools.gnu-tools-for-stm32.10.3-2021.10.win32_1.0.200.202301161003/tools/bin/../lib/gcc/arm-none-eabi/10.3.1/../../../../arm-none-eabi/lib/thumb/v7e-m+fp/hard\libc_nano.a(lib_a-reent.o)
                0x0000000020000288                errno
 .bss.__lock___malloc_recursive_mutex
                0x000000002000028c        0x1 c:/st/stm32cubeide_1.12.1/stm32cubeide/plugins/com.st.stm32cube.ide.mcu.externaltools.gnu-tools-for-stm32.10.3-2021.10.win32_1.0.200.202301161003/tools/bin/../lib/gcc/arm-none-eabi/10.3.1/../../../../arm-none-eabi/lib/thumb/v7e-m+fp/hard\libc_nano.a(lib_a-lock.o)
                0x000000002000028c                __lock___malloc_recursive_mutex
 *(COMMON)
                0x0000000020000290                . = ALIGN (0x4)
 *fill*         0x000000002000028d        0x3 
                0x0000000020000290                _ebss = .
                0x0000000020000290                __bss_end__ = _ebss

._user_heap_stack
                0x0000000020000290      0x600
                0x0000000020000290                . = ALIGN (0x4)
                0x0000000020000290                PROVIDE (end = .)
                [!provide]                        PROVIDE (_end = .)
                0x0000000020000490                . = (. + _Min_Heap_Size)
 *fill*         0x0000000020000290      0x200 
                0x0000000020000890                . = (. + _Min_Stack_Size)
 *fill*         0x0000000020000490      0x400 
                0x0000000020000890                . = ALIGN (0x4)

/DISCARD/
 libc.a(*)
 libm.a(*)
 libgcc.a(*)

.ARM.attributes
                0x0000000000000000       0x30
 *(.ARM.attributes)
 .ARM.attributes
                0x0000000000000000       0x1e c:/st/stm32cubeide_1.12.1/stm32cubeide/plugins/com.st.stm32cube.ide.mcu.externaltools.gnu-tools-for-stm32.10.3-2021.10.win32_1.0.200.202301161003/tools/bin/../lib/gcc/arm-none-eabi/10.3.1/thumb/v7e-m+fp/hard/crti.o
 .ARM.attributes
                0x000000000000001e       0x34 c:/st/stm32cubeide_1.12.1/stm32cubeide/plugins/com.st.stm32cube.ide.mcu.externaltools.gnu-tools-for-stm32.10.3-2021.10.win32_1.0.200.202301161003/tools/bin/../lib/gcc/arm-none-eabi/10.3.1/thumb/v7e-m+fp/hard/crtbegin.o
 .ARM.attributes
                0x0000000000000052       0x34 ./Core/Src/ILI9341_GFX.o
 .ARM.attributes
                0x0000000000000086       0x34 ./Core/Src/ILI9341_STM32_Driver.o
 .ARM.attributes
                0x00000000000000ba       0x34 ./Core/Src/fonts.o
 .ARM.attributes
                0x00000000000000ee       0x34 ./Core/Src/main.o
 .ARM.attributes
                0x0000000000000122       0x34 ./Core/Src/stm32f4xx_hal_msp.o
 .ARM.attributes
                0x0000000000000156       0x34 ./Core/Src/stm32f4xx_it.o
 .ARM.attributes
                0x000000000000018a       0x34 ./Core/Src/syscalls.o
 .ARM.attributes
                0x00000000000001be       0x34 ./Core/Src/system_stm32f4xx.o
 .ARM.attributes
                0x00000000000001f2       0x34 ./Drivers/STM32F4xx_HAL_Driver/Src/stm32f4xx_hal.o
 .ARM.attributes
                0x0000000000000226       0x34 ./Drivers/STM32F4xx_HAL_Driver/Src/stm32f4xx_hal_cortex.o
 .ARM.attributes
                0x000000000000025a       0x34 ./Drivers/STM32F4xx_HAL_Driver/Src/stm32f4xx_hal_dcmi.o
 .ARM.attributes
                0x000000000000028e       0x34 ./Drivers/STM32F4xx_HAL_Driver/Src/stm32f4xx_hal_dcmi_ex.o
 .ARM.attributes
                0x00000000000002c2       0x34 ./Drivers/STM32F4xx_HAL_Driver/Src/stm32f4xx_hal_dma.o
 .ARM.attributes
                0x00000000000002f6       0x34 ./Drivers/STM32F4xx_HAL_Driver/Src/stm32f4xx_hal_gpio.o
 .ARM.attributes
                0x000000000000032a       0x34 ./Drivers/STM32F4xx_HAL_Driver/Src/stm32f4xx_hal_i2c.o
 .ARM.attributes
                0x000000000000035e       0x34 ./Drivers/STM32F4xx_HAL_Driver/Src/stm32f4xx_hal_rcc.o
 .ARM.attributes
                0x0000000000000392       0x34 ./Drivers/STM32F4xx_HAL_Driver/Src/stm32f4xx_hal_rng.o
 .ARM.attributes
                0x00000000000003c6       0x34 ./Drivers/STM32F4xx_HAL_Driver/Src/stm32f4xx_hal_spi.o
 .ARM.attributes
                0x00000000000003fa       0x21 ./startup/startup_stm32f407xx.o
 .ARM.attributes
                0x000000000000041b       0x34 c:/st/stm32cubeide_1.12.1/stm32cubeide/plugins/com.st.stm32cube.ide.mcu.externaltools.gnu-tools-for-stm32.10.3-2021.10.win32_1.0.200.202301161003/tools/bin/../lib/gcc/arm-none-eabi/10.3.1/../../../../arm-none-eabi/lib/thumb/v7e-m+fp/hard\libc_nano.a(lib_a-errno.o)
 .ARM.attributes
                0x000000000000044f       0x34 c:/st/stm32cubeide_1.12.1/stm32cubeide/plugins/com.st.stm32cube.ide.mcu.externaltools.gnu-tools-for-stm32.10.3-2021.10.win32_1.0.200.202301161003/tools/bin/../lib/gcc/arm-none-eabi/10.3.1/../../../../arm-none-eabi/lib/thumb/v7e-m+fp/hard\libc_nano.a(lib_a-impure.o)
 .ARM.attributes
                0x0000000000000483       0x34 c:/st/stm32cubeide_1.12.1/stm32cubeide/plugins/com.st.stm32cube.ide.mcu.externaltools.gnu-tools-for-stm32.10.3-2021.10.win32_1.0.200.202301161003/tools/bin/../lib/gcc/arm-none-eabi/10.3.1/../../../../arm-none-eabi/lib/thumb/v7e-m+fp/hard\libc_nano.a(lib_a-init.o)
 .ARM.attributes
                0x00000000000004b7       0x34 c:/st/stm32cubeide_1.12.1/stm32cubeide/plugins/com.st.stm32cube.ide.mcu.externaltools.gnu-tools-for-stm32.10.3-2021.10.win32_1.0.200.202301161003/tools/bin/../lib/gcc/arm-none-eabi/10.3.1/../../../../arm-none-eabi/lib/thumb/v7e-m+fp/hard\libc_nano.a(lib_a-memset.o)
 .ARM.attributes
                0x00000000000004eb       0x34 c:/st/stm32cubeide_1.12.1/stm32cubeide/plugins/com.st.stm32cube.ide.mcu.externaltools.gnu-tools-for-stm32.10.3-2021.10.win32_1.0.200.202301161003/tools/bin/../lib/gcc/arm-none-eabi/10.3.1/../../../../arm-none-eabi/lib/thumb/v7e-m+fp/hard\libc_nano.a(lib_a-sprintf.o)
 .ARM.attributes
                0x000000000000051f       0x34 c:/st/stm32cubeide_1.12.1/stm32cubeide/plugins/com.st.stm32cube.ide.mcu.externaltools.gnu-tools-for-stm32.10.3-2021.10.win32_1.0.200.202301161003/tools/bin/../lib/gcc/arm-none-eabi/10.3.1/../../../../arm-none-eabi/lib/thumb/v7e-m+fp/hard\libc_nano.a(lib_a-nano-svfprintf.o)
 .ARM.attributes
                0x0000000000000553       0x34 c:/st/stm32cubeide_1.12.1/stm32cubeide/plugins/com.st.stm32cube.ide.mcu.externaltools.gnu-tools-for-stm32.10.3-2021.10.win32_1.0.200.202301161003/tools/bin/../lib/gcc/arm-none-eabi/10.3.1/../../../../arm-none-eabi/lib/thumb/v7e-m+fp/hard\libc_nano.a(lib_a-nano-vfprintf_i.o)
 .ARM.attributes
                0x0000000000000587       0x1c c:/st/stm32cubeide_1.12.1/stm32cubeide/plugins/com.st.stm32cube.ide.mcu.externaltools.gnu-tools-for-stm32.10.3-2021.10.win32_1.0.200.202301161003/tools/bin/../lib/gcc/arm-none-eabi/10.3.1/../../../../arm-none-eabi/lib/thumb/v7e-m+fp/hard\libc_nano.a(lib_a-memchr.o)
 .ARM.attributes
                0x00000000000005a3       0x34 c:/st/stm32cubeide_1.12.1/stm32cubeide/plugins/com.st.stm32cube.ide.mcu.externaltools.gnu-tools-for-stm32.10.3-2021.10.win32_1.0.200.202301161003/tools/bin/../lib/gcc/arm-none-eabi/10.3.1/../../../../arm-none-eabi/lib/thumb/v7e-m+fp/hard\libc_nano.a(lib_a-memcpy-stub.o)
 .ARM.attributes
                0x00000000000005d7       0x34 c:/st/stm32cubeide_1.12.1/stm32cubeide/plugins/com.st.stm32cube.ide.mcu.externaltools.gnu-tools-for-stm32.10.3-2021.10.win32_1.0.200.202301161003/tools/bin/../lib/gcc/arm-none-eabi/10.3.1/../../../../arm-none-eabi/lib/thumb/v7e-m+fp/hard\libc_nano.a(lib_a-memmove.o)
 .ARM.attributes
                0x000000000000060b       0x34 c:/st/stm32cubeide_1.12.1/stm32cubeide/plugins/com.st.stm32cube.ide.mcu.externaltools.gnu-tools-for-stm32.10.3-2021.10.win32_1.0.200.202301161003/tools/bin/../lib/gcc/arm-none-eabi/10.3.1/../../../../arm-none-eabi/lib/thumb/v7e-m+fp/hard\libc_nano.a(lib_a-nano-freer.o)
 .ARM.attributes
                0x000000000000063f       0x34 c:/st/stm32cubeide_1.12.1/stm32cubeide/plugins/com.st.stm32cube.ide.mcu.externaltools.gnu-tools-for-stm32.10.3-2021.10.win32_1.0.200.202301161003/tools/bin/../lib/gcc/arm-none-eabi/10.3.1/../../../../arm-none-eabi/lib/thumb/v7e-m+fp/hard\libc_nano.a(lib_a-nano-mallocr.o)
 .ARM.attributes
                0x0000000000000673       0x34 c:/st/stm32cubeide_1.12.1/stm32cubeide/plugins/com.st.stm32cube.ide.mcu.externaltools.gnu-tools-for-stm32.10.3-2021.10.win32_1.0.200.202301161003/tools/bin/../lib/gcc/arm-none-eabi/10.3.1/../../../../arm-none-eabi/lib/thumb/v7e-m+fp/hard\libc_nano.a(lib_a-nano-reallocr.o)
 .ARM.attributes
                0x00000000000006a7       0x34 c:/st/stm32cubeide_1.12.1/stm32cubeide/plugins/com.st.stm32cube.ide.mcu.externaltools.gnu-tools-for-stm32.10.3-2021.10.win32_1.0.200.202301161003/tools/bin/../lib/gcc/arm-none-eabi/10.3.1/../../../../arm-none-eabi/lib/thumb/v7e-m+fp/hard\libc_nano.a(lib_a-sbrkr.o)
 .ARM.attributes
                0x00000000000006db       0x34 c:/st/stm32cubeide_1.12.1/stm32cubeide/plugins/com.st.stm32cube.ide.mcu.externaltools.gnu-tools-for-stm32.10.3-2021.10.win32_1.0.200.202301161003/tools/bin/../lib/gcc/arm-none-eabi/10.3.1/../../../../arm-none-eabi/lib/thumb/v7e-m+fp/hard\libc_nano.a(lib_a-mlock.o)
 .ARM.attributes
                0x000000000000070f       0x34 c:/st/stm32cubeide_1.12.1/stm32cubeide/plugins/com.st.stm32cube.ide.mcu.externaltools.gnu-tools-for-stm32.10.3-2021.10.win32_1.0.200.202301161003/tools/bin/../lib/gcc/arm-none-eabi/10.3.1/../../../../arm-none-eabi/lib/thumb/v7e-m+fp/hard\libc_nano.a(lib_a-nano-msizer.o)
 .ARM.attributes
                0x0000000000000743       0x34 c:/st/stm32cubeide_1.12.1/stm32cubeide/plugins/com.st.stm32cube.ide.mcu.externaltools.gnu-tools-for-stm32.10.3-2021.10.win32_1.0.200.202301161003/tools/bin/../lib/gcc/arm-none-eabi/10.3.1/../../../../arm-none-eabi/lib/thumb/v7e-m+fp/hard\libc_nano.a(lib_a-reent.o)
 .ARM.attributes
                0x0000000000000777       0x34 c:/st/stm32cubeide_1.12.1/stm32cubeide/plugins/com.st.stm32cube.ide.mcu.externaltools.gnu-tools-for-stm32.10.3-2021.10.win32_1.0.200.202301161003/tools/bin/../lib/gcc/arm-none-eabi/10.3.1/../../../../arm-none-eabi/lib/thumb/v7e-m+fp/hard\libc_nano.a(lib_a-lock.o)
 .ARM.attributes
                0x00000000000007ab       0x1e c:/st/stm32cubeide_1.12.1/stm32cubeide/plugins/com.st.stm32cube.ide.mcu.externaltools.gnu-tools-for-stm32.10.3-2021.10.win32_1.0.200.202301161003/tools/bin/../lib/gcc/arm-none-eabi/10.3.1/thumb/v7e-m+fp/hard\libgcc.a(_aeabi_uldivmod.o)
 .ARM.attributes
                0x00000000000007c9       0x34 c:/st/stm32cubeide_1.12.1/stm32cubeide/plugins/com.st.stm32cube.ide.mcu.externaltools.gnu-tools-for-stm32.10.3-2021.10.win32_1.0.200.202301161003/tools/bin/../lib/gcc/arm-none-eabi/10.3.1/thumb/v7e-m+fp/hard\libgcc.a(_udivmoddi4.o)
 .ARM.attributes
                0x00000000000007fd       0x1e c:/st/stm32cubeide_1.12.1/stm32cubeide/plugins/com.st.stm32cube.ide.mcu.externaltools.gnu-tools-for-stm32.10.3-2021.10.win32_1.0.200.202301161003/tools/bin/../lib/gcc/arm-none-eabi/10.3.1/thumb/v7e-m+fp/hard\libgcc.a(_dvmd_tls.o)
 .ARM.attributes
                0x000000000000081b       0x1e c:/st/stm32cubeide_1.12.1/stm32cubeide/plugins/com.st.stm32cube.ide.mcu.externaltools.gnu-tools-for-stm32.10.3-2021.10.win32_1.0.200.202301161003/tools/bin/../lib/gcc/arm-none-eabi/10.3.1/thumb/v7e-m+fp/hard/crtn.o
OUTPUT(stm32_facemask.elf elf32-littlearm)
LOAD linker stubs
LOAD c:/st/stm32cubeide_1.12.1/stm32cubeide/plugins/com.st.stm32cube.ide.mcu.externaltools.gnu-tools-for-stm32.10.3-2021.10.win32_1.0.200.202301161003/tools/bin/../lib/gcc/arm-none-eabi/10.3.1/../../../../arm-none-eabi/lib/thumb/v7e-m+fp/hard\libc.a
LOAD c:/st/stm32cubeide_1.12.1/stm32cubeide/plugins/com.st.stm32cube.ide.mcu.externaltools.gnu-tools-for-stm32.10.3-2021.10.win32_1.0.200.202301161003/tools/bin/../lib/gcc/arm-none-eabi/10.3.1/../../../../arm-none-eabi/lib/thumb/v7e-m+fp/hard\libm.a
LOAD c:/st/stm32cubeide_1.12.1/stm32cubeide/plugins/com.st.stm32cube.ide.mcu.externaltools.gnu-tools-for-stm32.10.3-2021.10.win32_1.0.200.202301161003/tools/bin/../lib/gcc/arm-none-eabi/10.3.1/thumb/v7e-m+fp/hard\libgcc.a

.debug_info     0x0000000000000000     0xe024
 .debug_info    0x0000000000000000      0x6e4 ./Core/Src/ILI9341_GFX.o
 .debug_info    0x00000000000006e4      0xc20 ./Core/Src/ILI9341_STM32_Driver.o
 .debug_info    0x0000000000001304      0x166 ./Core/Src/fonts.o
 .debug_info    0x000000000000146a     0x1be2 ./Core/Src/main.o
 .debug_info    0x000000000000304c     0x1487 ./Core/Src/stm32f4xx_hal_msp.o
 .debug_info    0x00000000000044d3      0x993 ./Core/Src/stm32f4xx_it.o
 .debug_info    0x0000000000004e66      0x753 ./Core/Src/syscalls.o
 .debug_info    0x00000000000055b9      0x523 ./Core/Src/system_stm32f4xx.o
 .debug_info    0x0000000000005adc      0x97c ./Drivers/STM32F4xx_HAL_Driver/Src/stm32f4xx_hal.o
 .debug_info    0x0000000000006458      0xe1b ./Drivers/STM32F4xx_HAL_Driver/Src/stm32f4xx_hal_cortex.o
 .debug_info    0x0000000000007273      0xb60 ./Drivers/STM32F4xx_HAL_Driver/Src/stm32f4xx_hal_dcmi.o
 .debug_info    0x0000000000007dd3      0x5f8 ./Drivers/STM32F4xx_HAL_Driver/Src/stm32f4xx_hal_dcmi_ex.o
 .debug_info    0x00000000000083cb      0x94f ./Drivers/STM32F4xx_HAL_Driver/Src/stm32f4xx_hal_dma.o
 .debug_info    0x0000000000008d1a      0x76a ./Drivers/STM32F4xx_HAL_Driver/Src/stm32f4xx_hal_gpio.o
 .debug_info    0x0000000000009484     0x2609 ./Drivers/STM32F4xx_HAL_Driver/Src/stm32f4xx_hal_i2c.o
 .debug_info    0x000000000000ba8d      0x966 ./Drivers/STM32F4xx_HAL_Driver/Src/stm32f4xx_hal_rcc.o
 .debug_info    0x000000000000c3f3      0x4b7 ./Drivers/STM32F4xx_HAL_Driver/Src/stm32f4xx_hal_rng.o
 .debug_info    0x000000000000c8aa     0x1758 ./Drivers/STM32F4xx_HAL_Driver/Src/stm32f4xx_hal_spi.o
 .debug_info    0x000000000000e002       0x22 ./startup/startup_stm32f407xx.o

.debug_abbrev   0x0000000000000000     0x23a0
 .debug_abbrev  0x0000000000000000      0x10e ./Core/Src/ILI9341_GFX.o
 .debug_abbrev  0x000000000000010e      0x27f ./Core/Src/ILI9341_STM32_Driver.o
 .debug_abbrev  0x000000000000038d       0x8b ./Core/Src/fonts.o
 .debug_abbrev  0x0000000000000418      0x2c5 ./Core/Src/main.o
 .debug_abbrev  0x00000000000006dd      0x249 ./Core/Src/stm32f4xx_hal_msp.o
 .debug_abbrev  0x0000000000000926      0x170 ./Core/Src/stm32f4xx_it.o
 .debug_abbrev  0x0000000000000a96      0x1d9 ./Core/Src/syscalls.o
 .debug_abbrev  0x0000000000000c6f      0x116 ./Core/Src/system_stm32f4xx.o
 .debug_abbrev  0x0000000000000d85      0x20d ./Drivers/STM32F4xx_HAL_Driver/Src/stm32f4xx_hal.o
 .debug_abbrev  0x0000000000000f92      0x316 ./Drivers/STM32F4xx_HAL_Driver/Src/stm32f4xx_hal_cortex.o
 .debug_abbrev  0x00000000000012a8      0x230 ./Drivers/STM32F4xx_HAL_Driver/Src/stm32f4xx_hal_dcmi.o
 .debug_abbrev  0x00000000000014d8      0x132 ./Drivers/STM32F4xx_HAL_Driver/Src/stm32f4xx_hal_dcmi_ex.o
 .debug_abbrev  0x000000000000160a      0x25b ./Drivers/STM32F4xx_HAL_Driver/Src/stm32f4xx_hal_dma.o
 .debug_abbrev  0x0000000000001865      0x1c4 ./Drivers/STM32F4xx_HAL_Driver/Src/stm32f4xx_hal_gpio.o
 .debug_abbrev  0x0000000000001a29      0x297 ./Drivers/STM32F4xx_HAL_Driver/Src/stm32f4xx_hal_i2c.o
 .debug_abbrev  0x0000000000001cc0      0x2aa ./Drivers/STM32F4xx_HAL_Driver/Src/stm32f4xx_hal_rcc.o
 .debug_abbrev  0x0000000000001f6a      0x1b6 ./Drivers/STM32F4xx_HAL_Driver/Src/stm32f4xx_hal_rng.o
 .debug_abbrev  0x0000000000002120      0x26e ./Drivers/STM32F4xx_HAL_Driver/Src/stm32f4xx_hal_spi.o
 .debug_abbrev  0x000000000000238e       0x12 ./startup/startup_stm32f407xx.o

.debug_aranges  0x0000000000000000      0xca8
 .debug_aranges
                0x0000000000000000       0x58 ./Core/Src/ILI9341_GFX.o
 .debug_aranges
                0x0000000000000058       0xa8 ./Core/Src/ILI9341_STM32_Driver.o
 .debug_aranges
                0x0000000000000100       0x18 ./Core/Src/fonts.o
 .debug_aranges
                0x0000000000000118       0x60 ./Core/Src/main.o
 .debug_aranges
                0x0000000000000178       0x60 ./Core/Src/stm32f4xx_hal_msp.o
 .debug_aranges
                0x00000000000001d8       0x80 ./Core/Src/stm32f4xx_it.o
 .debug_aranges
                0x0000000000000258       0xb0 ./Core/Src/syscalls.o
 .debug_aranges
                0x0000000000000308       0x28 ./Core/Src/system_stm32f4xx.o
 .debug_aranges
                0x0000000000000330       0xf0 ./Drivers/STM32F4xx_HAL_Driver/Src/stm32f4xx_hal.o
 .debug_aranges
                0x0000000000000420      0x118 ./Drivers/STM32F4xx_HAL_Driver/Src/stm32f4xx_hal_cortex.o
 .debug_aranges
                0x0000000000000538       0xc0 ./Drivers/STM32F4xx_HAL_Driver/Src/stm32f4xx_hal_dcmi.o
 .debug_aranges
                0x00000000000005f8       0x20 ./Drivers/STM32F4xx_HAL_Driver/Src/stm32f4xx_hal_dcmi_ex.o
 .debug_aranges
                0x0000000000000618       0x90 ./Drivers/STM32F4xx_HAL_Driver/Src/stm32f4xx_hal_dma.o
 .debug_aranges
                0x00000000000006a8       0x58 ./Drivers/STM32F4xx_HAL_Driver/Src/stm32f4xx_hal_gpio.o
 .debug_aranges
                0x0000000000000700      0x2a0 ./Drivers/STM32F4xx_HAL_Driver/Src/stm32f4xx_hal_i2c.o
 .debug_aranges
                0x00000000000009a0       0x88 ./Drivers/STM32F4xx_HAL_Driver/Src/stm32f4xx_hal_rcc.o
 .debug_aranges
                0x0000000000000a28       0x88 ./Drivers/STM32F4xx_HAL_Driver/Src/stm32f4xx_hal_rng.o
 .debug_aranges
                0x0000000000000ab0      0x1d0 ./Drivers/STM32F4xx_HAL_Driver/Src/stm32f4xx_hal_spi.o
 .debug_aranges
                0x0000000000000c80       0x28 ./startup/startup_stm32f407xx.o

.debug_ranges   0x0000000000000000      0xba0
 .debug_ranges  0x0000000000000000       0x48 ./Core/Src/ILI9341_GFX.o
 .debug_ranges  0x0000000000000048       0x98 ./Core/Src/ILI9341_STM32_Driver.o
 .debug_ranges  0x00000000000000e0       0x50 ./Core/Src/main.o
 .debug_ranges  0x0000000000000130       0x50 ./Core/Src/stm32f4xx_hal_msp.o
 .debug_ranges  0x0000000000000180       0x70 ./Core/Src/stm32f4xx_it.o
 .debug_ranges  0x00000000000001f0       0xa0 ./Core/Src/syscalls.o
 .debug_ranges  0x0000000000000290       0x18 ./Core/Src/system_stm32f4xx.o
 .debug_ranges  0x00000000000002a8       0xe0 ./Drivers/STM32F4xx_HAL_Driver/Src/stm32f4xx_hal.o
 .debug_ranges  0x0000000000000388      0x108 ./Drivers/STM32F4xx_HAL_Driver/Src/stm32f4xx_hal_cortex.o
 .debug_ranges  0x0000000000000490       0xb0 ./Drivers/STM32F4xx_HAL_Driver/Src/stm32f4xx_hal_dcmi.o
 .debug_ranges  0x0000000000000540       0x10 ./Drivers/STM32F4xx_HAL_Driver/Src/stm32f4xx_hal_dcmi_ex.o
 .debug_ranges  0x0000000000000550       0x80 ./Drivers/STM32F4xx_HAL_Driver/Src/stm32f4xx_hal_dma.o
 .debug_ranges  0x00000000000005d0       0x48 ./Drivers/STM32F4xx_HAL_Driver/Src/stm32f4xx_hal_gpio.o
 .debug_ranges  0x0000000000000618      0x2b8 ./Drivers/STM32F4xx_HAL_Driver/Src/stm32f4xx_hal_i2c.o
 .debug_ranges  0x00000000000008d0       0x78 ./Drivers/STM32F4xx_HAL_Driver/Src/stm32f4xx_hal_rcc.o
 .debug_ranges  0x0000000000000948       0x78 ./Drivers/STM32F4xx_HAL_Driver/Src/stm32f4xx_hal_rng.o
 .debug_ranges  0x00000000000009c0      0x1c0 ./Drivers/STM32F4xx_HAL_Driver/Src/stm32f4xx_hal_spi.o
 .debug_ranges  0x0000000000000b80       0x20 ./startup/startup_stm32f407xx.o

.debug_macro    0x0000000000000000    0x21e45
 .debug_macro   0x0000000000000000      0x21e ./Core/Src/ILI9341_GFX.o
 .debug_macro   0x000000000000021e      0xa72 ./Core/Src/ILI9341_GFX.o
 .debug_macro   0x0000000000000c90      0x2a7 ./Core/Src/ILI9341_GFX.o
 .debug_macro   0x0000000000000f37       0x2e ./Core/Src/ILI9341_GFX.o
 .debug_macro   0x0000000000000f65       0x2f ./Core/Src/ILI9341_GFX.o
 .debug_macro   0x0000000000000f94       0x22 ./Core/Src/ILI9341_GFX.o
 .debug_macro   0x0000000000000fb6       0x8e ./Core/Src/ILI9341_GFX.o
 .debug_macro   0x0000000000001044       0x51 ./Core/Src/ILI9341_GFX.o
 .debug_macro   0x0000000000001095      0x103 ./Core/Src/ILI9341_GFX.o
 .debug_macro   0x0000000000001198       0x6a ./Core/Src/ILI9341_GFX.o
 .debug_macro   0x0000000000001202      0x1df ./Core/Src/ILI9341_GFX.o
 .debug_macro   0x00000000000013e1       0x1c ./Core/Src/ILI9341_GFX.o
 .debug_macro   0x00000000000013fd       0x22 ./Core/Src/ILI9341_GFX.o
 .debug_macro   0x000000000000141f       0xd9 ./Core/Src/ILI9341_GFX.o
 .debug_macro   0x00000000000014f8     0x102d ./Core/Src/ILI9341_GFX.o
 .debug_macro   0x0000000000002525      0x11f ./Core/Src/ILI9341_GFX.o
 .debug_macro   0x0000000000002644    0x15e58 ./Core/Src/ILI9341_GFX.o
 .debug_macro   0x000000000001849c       0x6d ./Core/Src/ILI9341_GFX.o
 .debug_macro   0x0000000000018509     0x3666 ./Core/Src/ILI9341_GFX.o
 .debug_macro   0x000000000001bb6f      0x174 ./Core/Src/ILI9341_GFX.o
 .debug_macro   0x000000000001bce3       0x5c ./Core/Src/ILI9341_GFX.o
 .debug_macro   0x000000000001bd3f      0x96b ./Core/Src/ILI9341_GFX.o
 .debug_macro   0x000000000001c6aa      0x9fe ./Core/Src/ILI9341_GFX.o
 .debug_macro   0x000000000001d0a8      0x116 ./Core/Src/ILI9341_GFX.o
 .debug_macro   0x000000000001d1be      0x13e ./Core/Src/ILI9341_GFX.o
 .debug_macro   0x000000000001d2fc       0xa5 ./Core/Src/ILI9341_GFX.o
 .debug_macro   0x000000000001d3a1      0x174 ./Core/Src/ILI9341_GFX.o
 .debug_macro   0x000000000001d515      0x287 ./Core/Src/ILI9341_GFX.o
 .debug_macro   0x000000000001d79c       0x5f ./Core/Src/ILI9341_GFX.o
 .debug_macro   0x000000000001d7fb      0x236 ./Core/Src/ILI9341_GFX.o
 .debug_macro   0x000000000001da31       0x1f ./Core/Src/ILI9341_GFX.o
 .debug_macro   0x000000000001da50      0x1d2 ./Core/Src/ILI9341_GFX.o
 .debug_macro   0x000000000001dc22      0x12c ./Core/Src/ILI9341_GFX.o
 .debug_macro   0x000000000001dd4e      0x21e ./Core/Src/ILI9341_GFX.o
 .debug_macro   0x000000000001df6c       0x2e ./Core/Src/ILI9341_GFX.o
 .debug_macro   0x000000000001df9a      0x1b5 ./Core/Src/ILI9341_GFX.o
 .debug_macro   0x000000000001e14f       0xd6 ./Core/Src/ILI9341_GFX.o
 .debug_macro   0x000000000001e225      0x11a ./Core/Src/ILI9341_GFX.o
 .debug_macro   0x000000000001e33f       0x7e ./Core/Src/ILI9341_GFX.o
 .debug_macro   0x000000000001e3bd       0x89 ./Core/Src/ILI9341_GFX.o
 .debug_macro   0x000000000001e446       0xa4 ./Core/Src/ILI9341_GFX.o
 .debug_macro   0x000000000001e4ea      0x225 ./Core/Src/ILI9341_GFX.o
 .debug_macro   0x000000000001e70f      0x12d ./Core/Src/ILI9341_GFX.o
 .debug_macro   0x000000000001e83c       0xca ./Core/Src/ILI9341_GFX.o
 .debug_macro   0x000000000001e906       0x22 ./Core/Src/ILI9341_GFX.o
 .debug_macro   0x000000000001e928       0x10 ./Core/Src/ILI9341_GFX.o
 .debug_macro   0x000000000001e938      0x206 ./Core/Src/ILI9341_STM32_Driver.o
 .debug_macro   0x000000000001eb3e       0x72 ./Core/Src/fonts.o
 .debug_macro   0x000000000001ebb0       0x1c ./Core/Src/fonts.o
 .debug_macro   0x000000000001ebcc      0x22b ./Core/Src/main.o
 .debug_macro   0x000000000001edf7       0x34 ./Core/Src/main.o
 .debug_macro   0x000000000001ee2b       0xd0 ./Core/Src/main.o
 .debug_macro   0x000000000001eefb      0x206 ./Core/Src/stm32f4xx_hal_msp.o
 .debug_macro   0x000000000001f101      0x210 ./Core/Src/stm32f4xx_it.o
 .debug_macro   0x000000000001f311      0x24c ./Core/Src/syscalls.o
 .debug_macro   0x000000000001f55d       0x4c ./Core/Src/syscalls.o
 .debug_macro   0x000000000001f5a9       0x1e ./Core/Src/syscalls.o
 .debug_macro   0x000000000001f5c7       0x94 ./Core/Src/syscalls.o
 .debug_macro   0x000000000001f65b       0x3c ./Core/Src/syscalls.o
 .debug_macro   0x000000000001f697       0x34 ./Core/Src/syscalls.o
 .debug_macro   0x000000000001f6cb       0x57 ./Core/Src/syscalls.o
 .debug_macro   0x000000000001f722      0x341 ./Core/Src/syscalls.o
 .debug_macro   0x000000000001fa63       0x16 ./Core/Src/syscalls.o
 .debug_macro   0x000000000001fa79       0x43 ./Core/Src/syscalls.o
 .debug_macro   0x000000000001fabc       0x34 ./Core/Src/syscalls.o
 .debug_macro   0x000000000001faf0       0x10 ./Core/Src/syscalls.o
 .debug_macro   0x000000000001fb00       0x58 ./Core/Src/syscalls.o
 .debug_macro   0x000000000001fb58       0x71 ./Core/Src/syscalls.o
 .debug_macro   0x000000000001fbc9       0x1c ./Core/Src/syscalls.o
 .debug_macro   0x000000000001fbe5      0x12a ./Core/Src/syscalls.o
 .debug_macro   0x000000000001fd0f       0x10 ./Core/Src/syscalls.o
 .debug_macro   0x000000000001fd1f       0x35 ./Core/Src/syscalls.o
 .debug_macro   0x000000000001fd54       0x10 ./Core/Src/syscalls.o
 .debug_macro   0x000000000001fd64       0x10 ./Core/Src/syscalls.o
 .debug_macro   0x000000000001fd74       0x10 ./Core/Src/syscalls.o
 .debug_macro   0x000000000001fd84       0x1c ./Core/Src/syscalls.o
 .debug_macro   0x000000000001fda0       0x52 ./Core/Src/syscalls.o
 .debug_macro   0x000000000001fdf2       0x22 ./Core/Src/syscalls.o
 .debug_macro   0x000000000001fe14       0x10 ./Core/Src/syscalls.o
 .debug_macro   0x000000000001fe24       0x52 ./Core/Src/syscalls.o
 .debug_macro   0x000000000001fe76       0xd5 ./Core/Src/syscalls.o
 .debug_macro   0x000000000001ff4b       0x1c ./Core/Src/syscalls.o
 .debug_macro   0x000000000001ff67       0x3d ./Core/Src/syscalls.o
 .debug_macro   0x000000000001ffa4       0x35 ./Core/Src/syscalls.o
 .debug_macro   0x000000000001ffd9      0x12c ./Core/Src/syscalls.o
 .debug_macro   0x0000000000020105       0x16 ./Core/Src/syscalls.o
 .debug_macro   0x000000000002011b       0x16 ./Core/Src/syscalls.o
 .debug_macro   0x0000000000020131       0x29 ./Core/Src/syscalls.o
 .debug_macro   0x000000000002015a       0x10 ./Core/Src/syscalls.o
 .debug_macro   0x000000000002016a      0x241 ./Core/Src/syscalls.o
 .debug_macro   0x00000000000203ab       0x1c ./Core/Src/syscalls.o
 .debug_macro   0x00000000000203c7       0x10 ./Core/Src/syscalls.o
 .debug_macro   0x00000000000203d7       0x10 ./Core/Src/syscalls.o
 .debug_macro   0x00000000000203e7       0x16 ./Core/Src/syscalls.o
 .debug_macro   0x00000000000203fd      0x145 ./Core/Src/syscalls.o
 .debug_macro   0x0000000000020542      0x189 ./Core/Src/syscalls.o
 .debug_macro   0x00000000000206cb       0x16 ./Core/Src/syscalls.o
 .debug_macro   0x00000000000206e1       0xce ./Core/Src/syscalls.o
 .debug_macro   0x00000000000207af      0x1fd ./Core/Src/system_stm32f4xx.o
 .debug_macro   0x00000000000209ac      0x257 ./Drivers/STM32F4xx_HAL_Driver/Src/stm32f4xx_hal.o
 .debug_macro   0x0000000000020c03      0x1f7 ./Drivers/STM32F4xx_HAL_Driver/Src/stm32f4xx_hal_cortex.o
 .debug_macro   0x0000000000020dfa      0x1fe ./Drivers/STM32F4xx_HAL_Driver/Src/stm32f4xx_hal_dcmi.o
 .debug_macro   0x0000000000020ff8      0x1f7 ./Drivers/STM32F4xx_HAL_Driver/Src/stm32f4xx_hal_dcmi_ex.o
 .debug_macro   0x00000000000211ef      0x1fd ./Drivers/STM32F4xx_HAL_Driver/Src/stm32f4xx_hal_dma.o
 .debug_macro   0x00000000000213ec      0x1fd ./Drivers/STM32F4xx_HAL_Driver/Src/stm32f4xx_hal_gpio.o
 .debug_macro   0x00000000000215e9      0x23e ./Drivers/STM32F4xx_HAL_Driver/Src/stm32f4xx_hal_i2c.o
 .debug_macro   0x0000000000021827      0x21b ./Drivers/STM32F4xx_HAL_Driver/Src/stm32f4xx_hal_rcc.o
 .debug_macro   0x0000000000021a42      0x1fd ./Drivers/STM32F4xx_HAL_Driver/Src/stm32f4xx_hal_rng.o
 .debug_macro   0x0000000000021c3f      0x206 ./Drivers/STM32F4xx_HAL_Driver/Src/stm32f4xx_hal_spi.o

.debug_line     0x0000000000000000     0xfba8
 .debug_line    0x0000000000000000      0xa4e ./Core/Src/ILI9341_GFX.o
 .debug_line    0x0000000000000a4e      0xac8 ./Core/Src/ILI9341_STM32_Driver.o
 .debug_line    0x0000000000001516      0x387 ./Core/Src/fonts.o
 .debug_line    0x000000000000189d      0xdaf ./Core/Src/main.o
 .debug_line    0x000000000000264c      0x8ba ./Core/Src/stm32f4xx_hal_msp.o
 .debug_line    0x0000000000002f06      0x829 ./Core/Src/stm32f4xx_it.o
 .debug_line    0x000000000000372f      0x83b ./Core/Src/syscalls.o
 .debug_line    0x0000000000003f6a      0x7af ./Core/Src/system_stm32f4xx.o
 .debug_line    0x0000000000004719      0x9f4 ./Drivers/STM32F4xx_HAL_Driver/Src/stm32f4xx_hal.o
 .debug_line    0x000000000000510d      0xca3 ./Drivers/STM32F4xx_HAL_Driver/Src/stm32f4xx_hal_cortex.o
 .debug_line    0x0000000000005db0      0xdf4 ./Drivers/STM32F4xx_HAL_Driver/Src/stm32f4xx_hal_dcmi.o
 .debug_line    0x0000000000006ba4      0x7af ./Drivers/STM32F4xx_HAL_Driver/Src/stm32f4xx_hal_dcmi_ex.o
 .debug_line    0x0000000000007353      0xf5b ./Drivers/STM32F4xx_HAL_Driver/Src/stm32f4xx_hal_dma.o
 .debug_line    0x00000000000082ae      0xb6a ./Drivers/STM32F4xx_HAL_Driver/Src/stm32f4xx_hal_gpio.o
 .debug_line    0x0000000000008e18     0x39a0 ./Drivers/STM32F4xx_HAL_Driver/Src/stm32f4xx_hal_i2c.o
 .debug_line    0x000000000000c7b8      0xd70 ./Drivers/STM32F4xx_HAL_Driver/Src/stm32f4xx_hal_rcc.o
 .debug_line    0x000000000000d528      0x983 ./Drivers/STM32F4xx_HAL_Driver/Src/stm32f4xx_hal_rng.o
 .debug_line    0x000000000000deab     0x1c7c ./Drivers/STM32F4xx_HAL_Driver/Src/stm32f4xx_hal_spi.o
 .debug_line    0x000000000000fb27       0x81 ./startup/startup_stm32f407xx.o

.debug_str      0x0000000000000000    0xc7d5d
 .debug_str     0x0000000000000000    0xbee09 ./Core/Src/ILI9341_GFX.o
                                      0xbf099 (size before relaxing)
 .debug_str     0x00000000000bee09      0x62a ./Core/Src/ILI9341_STM32_Driver.o
                                      0xbf4fa (size before relaxing)
 .debug_str     0x00000000000bf433       0x14 ./Core/Src/fonts.o
                                       0x3cce (size before relaxing)
 .debug_str     0x00000000000bf447      0xe42 ./Core/Src/main.o
                                      0xc0356 (size before relaxing)
 .debug_str     0x00000000000c0289       0xfb ./Core/Src/stm32f4xx_hal_msp.o
                                      0xbfd63 (size before relaxing)
 .debug_str     0x00000000000c0384      0x143 ./Core/Src/stm32f4xx_it.o
                                      0xbf3de (size before relaxing)
 .debug_str     0x00000000000c04c7     0x54d0 ./Core/Src/syscalls.o
                                       0x8ac1 (size before relaxing)
 .debug_str     0x00000000000c5997       0xe0 ./Core/Src/system_stm32f4xx.o
                                      0xbed64 (size before relaxing)
 .debug_str     0x00000000000c5a77      0x5fe ./Drivers/STM32F4xx_HAL_Driver/Src/stm32f4xx_hal.o
                                      0xbf8d3 (size before relaxing)
 .debug_str     0x00000000000c6075      0x31c ./Drivers/STM32F4xx_HAL_Driver/Src/stm32f4xx_hal_cortex.o
                                      0xbf606 (size before relaxing)
 .debug_str     0x00000000000c6391      0x288 ./Drivers/STM32F4xx_HAL_Driver/Src/stm32f4xx_hal_dcmi.o
                                      0xbf324 (size before relaxing)
 .debug_str     0x00000000000c6619       0x3c ./Drivers/STM32F4xx_HAL_Driver/Src/stm32f4xx_hal_dcmi_ex.o
                                      0xbf045 (size before relaxing)
 .debug_str     0x00000000000c6655      0x2b6 ./Drivers/STM32F4xx_HAL_Driver/Src/stm32f4xx_hal_dma.o
                                      0xbf169 (size before relaxing)
 .debug_str     0x00000000000c690b      0x121 ./Drivers/STM32F4xx_HAL_Driver/Src/stm32f4xx_hal_gpio.o
                                      0xbeeca (size before relaxing)
 .debug_str     0x00000000000c6a2c      0xaaf ./Drivers/STM32F4xx_HAL_Driver/Src/stm32f4xx_hal_i2c.o
                                      0xbfd1a (size before relaxing)
 .debug_str     0x00000000000c74db      0x201 ./Drivers/STM32F4xx_HAL_Driver/Src/stm32f4xx_hal_rcc.o
                                      0xbf183 (size before relaxing)
 .debug_str     0x00000000000c76dc      0x150 ./Drivers/STM32F4xx_HAL_Driver/Src/stm32f4xx_hal_rng.o
                                      0xbee48 (size before relaxing)
 .debug_str     0x00000000000c782c      0x502 ./Drivers/STM32F4xx_HAL_Driver/Src/stm32f4xx_hal_spi.o
                                      0xbf613 (size before relaxing)
 .debug_str     0x00000000000c7d2e       0x2f ./startup/startup_stm32f407xx.o
                                         0x74 (size before relaxing)

.comment        0x0000000000000000       0x50
 .comment       0x0000000000000000       0x50 ./Core/Src/ILI9341_GFX.o
                                         0x51 (size before relaxing)
 .comment       0x0000000000000050       0x51 ./Core/Src/ILI9341_STM32_Driver.o
 .comment       0x0000000000000050       0x51 ./Core/Src/fonts.o
 .comment       0x0000000000000050       0x51 ./Core/Src/main.o
 .comment       0x0000000000000050       0x51 ./Core/Src/stm32f4xx_hal_msp.o
 .comment       0x0000000000000050       0x51 ./Core/Src/stm32f4xx_it.o
 .comment       0x0000000000000050       0x51 ./Core/Src/syscalls.o
 .comment       0x0000000000000050       0x51 ./Core/Src/system_stm32f4xx.o
 .comment       0x0000000000000050       0x51 ./Drivers/STM32F4xx_HAL_Driver/Src/stm32f4xx_hal.o
 .comment       0x0000000000000050       0x51 ./Drivers/STM32F4xx_HAL_Driver/Src/stm32f4xx_hal_cortex.o
 .comment       0x0000000000000050       0x51 ./Drivers/STM32F4xx_HAL_Driver/Src/stm32f4xx_hal_dcmi.o
 .comment       0x0000000000000050       0x51 ./Drivers/STM32F4xx_HAL_Driver/Src/stm32f4xx_hal_dcmi_ex.o
 .comment       0x0000000000000050       0x51 ./Drivers/STM32F4xx_HAL_Driver/Src/stm32f4xx_hal_dma.o
 .comment       0x0000000000000050       0x51 ./Drivers/STM32F4xx_HAL_Driver/Src/stm32f4xx_hal_gpio.o
 .comment       0x0000000000000050       0x51 ./Drivers/STM32F4xx_HAL_Driver/Src/stm32f4xx_hal_i2c.o
 .comment       0x0000000000000050       0x51 ./Drivers/STM32F4xx_HAL_Driver/Src/stm32f4xx_hal_rcc.o
 .comment       0x0000000000000050       0x51 ./Drivers/STM32F4xx_HAL_Driver/Src/stm32f4xx_hal_rng.o
 .comment       0x0000000000000050       0x51 ./Drivers/STM32F4xx_HAL_Driver/Src/stm32f4xx_hal_spi.o

.debug_frame    0x0000000000000000     0x3790
 .debug_frame   0x0000000000000000      0x14c ./Core/Src/ILI9341_GFX.o
 .debug_frame   0x000000000000014c      0x29c ./Core/Src/ILI9341_STM32_Driver.o
 .debug_frame   0x00000000000003e8      0x128 ./Core/Src/main.o
 .debug_frame   0x0000000000000510      0x160 ./Core/Src/stm32f4xx_hal_msp.o
 .debug_frame   0x0000000000000670      0x17c ./Core/Src/stm32f4xx_it.o
 .debug_frame   0x00000000000007ec      0x2d0 ./Core/Src/syscalls.o
 .debug_frame   0x0000000000000abc       0x58 ./Core/Src/system_stm32f4xx.o
 .debug_frame   0x0000000000000b14      0x374 ./Drivers/STM32F4xx_HAL_Driver/Src/stm32f4xx_hal.o
 .debug_frame   0x0000000000000e88      0x498 ./Drivers/STM32F4xx_HAL_Driver/Src/stm32f4xx_hal_cortex.o
 .debug_frame   0x0000000000001320      0x340 ./Drivers/STM32F4xx_HAL_Driver/Src/stm32f4xx_hal_dcmi.o
 .debug_frame   0x0000000000001660       0x34 ./Drivers/STM32F4xx_HAL_Driver/Src/stm32f4xx_hal_dcmi_ex.o
 .debug_frame   0x0000000000001694      0x250 ./Drivers/STM32F4xx_HAL_Driver/Src/stm32f4xx_hal_dma.o
 .debug_frame   0x00000000000018e4      0x14c ./Drivers/STM32F4xx_HAL_Driver/Src/stm32f4xx_hal_gpio.o
 .debug_frame   0x0000000000001a30      0xc5c ./Drivers/STM32F4xx_HAL_Driver/Src/stm32f4xx_hal_i2c.o
 .debug_frame   0x000000000000268c      0x1f4 ./Drivers/STM32F4xx_HAL_Driver/Src/stm32f4xx_hal_rcc.o
 .debug_frame   0x0000000000002880      0x22c ./Drivers/STM32F4xx_HAL_Driver/Src/stm32f4xx_hal_rng.o
 .debug_frame   0x0000000000002aac      0x824 ./Drivers/STM32F4xx_HAL_Driver/Src/stm32f4xx_hal_spi.o
 .debug_frame   0x00000000000032d0       0x20 c:/st/stm32cubeide_1.12.1/stm32cubeide/plugins/com.st.stm32cube.ide.mcu.externaltools.gnu-tools-for-stm32.10.3-2021.10.win32_1.0.200.202301161003/tools/bin/../lib/gcc/arm-none-eabi/10.3.1/../../../../arm-none-eabi/lib/thumb/v7e-m+fp/hard\libc_nano.a(lib_a-errno.o)
 .debug_frame   0x00000000000032f0       0x2c c:/st/stm32cubeide_1.12.1/stm32cubeide/plugins/com.st.stm32cube.ide.mcu.externaltools.gnu-tools-for-stm32.10.3-2021.10.win32_1.0.200.202301161003/tools/bin/../lib/gcc/arm-none-eabi/10.3.1/../../../../arm-none-eabi/lib/thumb/v7e-m+fp/hard\libc_nano.a(lib_a-init.o)
 .debug_frame   0x000000000000331c       0x20 c:/st/stm32cubeide_1.12.1/stm32cubeide/plugins/com.st.stm32cube.ide.mcu.externaltools.gnu-tools-for-stm32.10.3-2021.10.win32_1.0.200.202301161003/tools/bin/../lib/gcc/arm-none-eabi/10.3.1/../../../../arm-none-eabi/lib/thumb/v7e-m+fp/hard\libc_nano.a(lib_a-memset.o)
 .debug_frame   0x000000000000333c       0x6c c:/st/stm32cubeide_1.12.1/stm32cubeide/plugins/com.st.stm32cube.ide.mcu.externaltools.gnu-tools-for-stm32.10.3-2021.10.win32_1.0.200.202301161003/tools/bin/../lib/gcc/arm-none-eabi/10.3.1/../../../../arm-none-eabi/lib/thumb/v7e-m+fp/hard\libc_nano.a(lib_a-sprintf.o)
 .debug_frame   0x00000000000033a8       0x90 c:/st/stm32cubeide_1.12.1/stm32cubeide/plugins/com.st.stm32cube.ide.mcu.externaltools.gnu-tools-for-stm32.10.3-2021.10.win32_1.0.200.202301161003/tools/bin/../lib/gcc/arm-none-eabi/10.3.1/../../../../arm-none-eabi/lib/thumb/v7e-m+fp/hard\libc_nano.a(lib_a-nano-svfprintf.o)
 .debug_frame   0x0000000000003438       0x60 c:/st/stm32cubeide_1.12.1/stm32cubeide/plugins/com.st.stm32cube.ide.mcu.externaltools.gnu-tools-for-stm32.10.3-2021.10.win32_1.0.200.202301161003/tools/bin/../lib/gcc/arm-none-eabi/10.3.1/../../../../arm-none-eabi/lib/thumb/v7e-m+fp/hard\libc_nano.a(lib_a-nano-vfprintf_i.o)
 .debug_frame   0x0000000000003498       0x28 c:/st/stm32cubeide_1.12.1/stm32cubeide/plugins/com.st.stm32cube.ide.mcu.externaltools.gnu-tools-for-stm32.10.3-2021.10.win32_1.0.200.202301161003/tools/bin/../lib/gcc/arm-none-eabi/10.3.1/../../../../arm-none-eabi/lib/thumb/v7e-m+fp/hard\libc_nano.a(lib_a-memcpy-stub.o)
 .debug_frame   0x00000000000034c0       0x28 c:/st/stm32cubeide_1.12.1/stm32cubeide/plugins/com.st.stm32cube.ide.mcu.externaltools.gnu-tools-for-stm32.10.3-2021.10.win32_1.0.200.202301161003/tools/bin/../lib/gcc/arm-none-eabi/10.3.1/../../../../arm-none-eabi/lib/thumb/v7e-m+fp/hard\libc_nano.a(lib_a-memmove.o)
 .debug_frame   0x00000000000034e8       0x38 c:/st/stm32cubeide_1.12.1/stm32cubeide/plugins/com.st.stm32cube.ide.mcu.externaltools.gnu-tools-for-stm32.10.3-2021.10.win32_1.0.200.202301161003/tools/bin/../lib/gcc/arm-none-eabi/10.3.1/../../../../arm-none-eabi/lib/thumb/v7e-m+fp/hard\libc_nano.a(lib_a-nano-freer.o)
 .debug_frame   0x0000000000003520       0x4c c:/st/stm32cubeide_1.12.1/stm32cubeide/plugins/com.st.stm32cube.ide.mcu.externaltools.gnu-tools-for-stm32.10.3-2021.10.win32_1.0.200.202301161003/tools/bin/../lib/gcc/arm-none-eabi/10.3.1/../../../../arm-none-eabi/lib/thumb/v7e-m+fp/hard\libc_nano.a(lib_a-nano-mallocr.o)
 .debug_frame   0x000000000000356c       0x3c c:/st/stm32cubeide_1.12.1/stm32cubeide/plugins/com.st.stm32cube.ide.mcu.externaltools.gnu-tools-for-stm32.10.3-2021.10.win32_1.0.200.202301161003/tools/bin/../lib/gcc/arm-none-eabi/10.3.1/../../../../arm-none-eabi/lib/thumb/v7e-m+fp/hard\libc_nano.a(lib_a-nano-reallocr.o)
 .debug_frame   0x00000000000035a8       0x2c c:/st/stm32cubeide_1.12.1/stm32cubeide/plugins/com.st.stm32cube.ide.mcu.externaltools.gnu-tools-for-stm32.10.3-2021.10.win32_1.0.200.202301161003/tools/bin/../lib/gcc/arm-none-eabi/10.3.1/../../../../arm-none-eabi/lib/thumb/v7e-m+fp/hard\libc_nano.a(lib_a-sbrkr.o)
 .debug_frame   0x00000000000035d4       0x30 c:/st/stm32cubeide_1.12.1/stm32cubeide/plugins/com.st.stm32cube.ide.mcu.externaltools.gnu-tools-for-stm32.10.3-2021.10.win32_1.0.200.202301161003/tools/bin/../lib/gcc/arm-none-eabi/10.3.1/../../../../arm-none-eabi/lib/thumb/v7e-m+fp/hard\libc_nano.a(lib_a-mlock.o)
 .debug_frame   0x0000000000003604       0x20 c:/st/stm32cubeide_1.12.1/stm32cubeide/plugins/com.st.stm32cube.ide.mcu.externaltools.gnu-tools-for-stm32.10.3-2021.10.win32_1.0.200.202301161003/tools/bin/../lib/gcc/arm-none-eabi/10.3.1/../../../../arm-none-eabi/lib/thumb/v7e-m+fp/hard\libc_nano.a(lib_a-nano-msizer.o)
 .debug_frame   0x0000000000003624       0x5c c:/st/stm32cubeide_1.12.1/stm32cubeide/plugins/com.st.stm32cube.ide.mcu.externaltools.gnu-tools-for-stm32.10.3-2021.10.win32_1.0.200.202301161003/tools/bin/../lib/gcc/arm-none-eabi/10.3.1/../../../../arm-none-eabi/lib/thumb/v7e-m+fp/hard\libc_nano.a(lib_a-reent.o)
 .debug_frame   0x0000000000003680       0xb0 c:/st/stm32cubeide_1.12.1/stm32cubeide/plugins/com.st.stm32cube.ide.mcu.externaltools.gnu-tools-for-stm32.10.3-2021.10.win32_1.0.200.202301161003/tools/bin/../lib/gcc/arm-none-eabi/10.3.1/../../../../arm-none-eabi/lib/thumb/v7e-m+fp/hard\libc_nano.a(lib_a-lock.o)
 .debug_frame   0x0000000000003730       0x2c c:/st/stm32cubeide_1.12.1/stm32cubeide/plugins/com.st.stm32cube.ide.mcu.externaltools.gnu-tools-for-stm32.10.3-2021.10.win32_1.0.200.202301161003/tools/bin/../lib/gcc/arm-none-eabi/10.3.1/thumb/v7e-m+fp/hard\libgcc.a(_aeabi_uldivmod.o)
 .debug_frame   0x000000000000375c       0x34 c:/st/stm32cubeide_1.12.1/stm32cubeide/plugins/com.st.stm32cube.ide.mcu.externaltools.gnu-tools-for-stm32.10.3-2021.10.win32_1.0.200.202301161003/tools/bin/../lib/gcc/arm-none-eabi/10.3.1/thumb/v7e-m+fp/hard\libgcc.a(_udivmoddi4.o)
