../Core/Src/driver/ov7670/ov7670.c:29:6:ov7670_gpio_init	40	static
../Core/Src/driver/ov7670/ov7670.c:94:6:ov7670_config_dcmi	16	static
../Core/Src/driver/ov7670/ov7670.c:109:5:ov7670_init	32	static
../Core/Src/driver/ov7670/ov7670.c:136:5:ov7670_config	24	static
../Core/Src/driver/ov7670/ov7670.c:151:5:ov7670_startCap	16	static
../Core/Src/driver/ov7670/ov7670.c:167:5:ov7670_stopCap	8	static
../Core/Src/driver/ov7670/ov7670.c:175:6:ov7670_registerCallback	16	static
../Core/Src/driver/ov7670/ov7670.c:181:6:HAL_DCMI_FrameEventCallback	32	static
../Core/Src/driver/ov7670/ov7670.c:222:6:HAL_DCMI_VsyncEventCallback	16	static
../Core/Src/driver/ov7670/ov7670.c:230:12:ov7670_write	40	static
../Core/Src/driver/ov7670/ov7670.c:241:12:ov7670_read	32	static
