../Core/Src/main.c:85:6:SendFPHeader	8	static
../Core/Src/main.c:90:6:SendFPGetImage	8	static
../Core/Src/main.c:95:6:SendFPCreateCharFile1	8	static
../Core/Src/main.c:100:6:SendFPCreateCharFile2	8	static
../Core/Src/main.c:105:6:SendFPCreateTemplate	8	static
../Core/Src/main.c:110:6:SendFPDeleteAllFinger	8	static
../Core/Src/main.c:115:6:SendFPDSearchFinger	8	static
../Core/Src/main.c:120:6:SendFGetNumberOfFinger	8	static
../Core/Src/main.c:125:6:SendStoreFinger	32	static
../Core/Src/main.c:149:6:SendDeleteFinger	32	static
../Core/Src/main.c:178:9:CheckFPRespsone	56	static
../Core/Src/main.c:219:9:GetNumberOfFinger	16	static
../Core/Src/main.c:234:9:RegistryNewFinger	24	static
../Core/Src/main.c:305:9:CheckFinger	16	static
../Core/Src/main.c:343:9:ProcessRegistryNewFinger	16	static
../Core/Src/main.c:383:6:DeleteAllFinger	16	static
../Core/Src/main.c:411:6:Delay_us	24	static,ignoring_inline_asm
../Core/Src/main.c:422:6:CloseDoor	8	static
../Core/Src/main.c:429:6:OpenDoor	8	static
../Core/Src/main.c:442:5:main	16	static
../Core/Src/main.c:552:6:SystemClock_Config	88	static
../Core/Src/main.c:593:13:MX_UART5_Init	8	static
../Core/Src/main.c:626:13:MX_USART1_UART_Init	8	static
../Core/Src/main.c:659:13:MX_USART2_UART_Init	8	static
../Core/Src/main.c:692:13:MX_GPIO_Init	48	static
../Core/Src/main.c:759:6:Error_Handler	4	static,ignoring_inline_asm
