../Core/Src/main.c:84:6:SendFPHeader	8	static
../Core/Src/main.c:89:6:SendFPGetImage	8	static
../Core/Src/main.c:94:6:SendFPCreateCharFile1	8	static
../Core/Src/main.c:99:6:SendFPCreateCharFile2	8	static
../Core/Src/main.c:104:6:SendFPCreateTemplate	8	static
../Core/Src/main.c:109:6:SendFPDeleteAllFinger	8	static
../Core/Src/main.c:114:6:SendFPDSearchFinger	8	static
../Core/Src/main.c:119:6:SendFGetNumberOfFinger	8	static
../Core/Src/main.c:124:6:SendStoreFinger	32	static
../Core/Src/main.c:148:6:SendDeleteFinger	32	static
../Core/Src/main.c:177:9:CheckFPRespsone	56	static
../Core/Src/main.c:218:9:GetNumberOfFinger	16	static
../Core/Src/main.c:233:9:RegistryNewFinger	24	static
../Core/Src/main.c:304:9:CheckFinger	16	static
../Core/Src/main.c:342:9:ProcessRegistryNewFinger	16	static
../Core/Src/main.c:382:6:DeleteAllFinger	16	static
../Core/Src/main.c:410:6:Delay_us	24	static,ignoring_inline_asm
../Core/Src/main.c:421:6:SetServoAngle	24	static
../Core/Src/main.c:428:6:CloseDoor	8	static
../Core/Src/main.c:436:6:OpenDoor	8	static
../Core/Src/main.c:451:5:main	16	static
../Core/Src/main.c:559:6:SystemClock_Config	88	static
../Core/Src/main.c:600:13:MX_TIM3_Init	48	static
../Core/Src/main.c:649:13:MX_UART5_Init	8	static
../Core/Src/main.c:682:13:MX_USART1_UART_Init	8	static
../Core/Src/main.c:715:13:MX_USART2_UART_Init	8	static
../Core/Src/main.c:748:13:MX_GPIO_Init	48	static
../Core/Src/main.c:815:6:Error_Handler	4	static,ignoring_inline_asm
