../Core/Src/ssd1289.c:8:6:delay	24	static
../Core/Src/ssd1289.c:15:6:Lcd_Write_Index	16	static
../Core/Src/ssd1289.c:19:6:Lcd_Write_Data	16	static
../Core/Src/ssd1289.c:23:6:Lcd_Write_Reg	16	static
../Core/Src/ssd1289.c:30:18:getDrawAddress	4	static
../Core/Src/ssd1289.c:36:6:Set_Cursor	16	static
../Core/Src/ssd1289.c:44:6:Lcd_Clear	24	static
../Core/Src/ssd1289.c:56:6:Init_SSD1289	8	static
../Core/Src/ssd1289.c:81:6:Draw_Simbol	32	static
../Core/Src/ssd1289.c:115:6:Draw_String	48	static
../Core/Src/ssd1289.c:136:6:Draw_Point	32	static
../Core/Src/ssd1289.c:151:6:Draw_Line	48	static
../Core/Src/ssd1289.c:184:6:Draw_Horizont_Line	32	static
../Core/Src/ssd1289.c:190:6:Draw_Vertical_Line	32	static
../Core/Src/ssd1289.c:196:6:Draw_Reactangle	32	static
../Core/Src/ssd1289.c:239:6:Draw_Circle1	56	static
../Core/Src/ssd1289.c:278:6:Set_Work_Area	24	static
../Core/Src/ssd1289.c:288:6:Draw_Area	24	static
../Core/Src/ssd1289.c:307:6:Draw_Triangle	32	static
../Core/Src/ssd1289.c:315:6:Draw_Picture_Hor	32	static
