../Core/Src/stm32f4xx_hal_msp.c:64:6:HAL_MspInit	16	static
../Core/Src/stm32f4xx_hal_msp.c:88:6:HAL_DCMI_MspInit	56	static
../Core/Src/stm32f4xx_hal_msp.c:172:6:HAL_DCMI_MspDeInit	16	static
../Core/Src/stm32f4xx_hal_msp.c:220:6:HAL_I2C_MspInit	48	static
../Core/Src/stm32f4xx_hal_msp.c:256:6:HAL_I2C_MspDeInit	16	static
../Core/Src/stm32f4xx_hal_msp.c:283:13:HAL_FSMC_MspInit	32	static
../Core/Src/stm32f4xx_hal_msp.c:341:6:HAL_SRAM_MspInit	16	static
../Core/Src/stm32f4xx_hal_msp.c:353:13:HAL_FSMC_MspDeInit	8	static
../Core/Src/stm32f4xx_hal_msp.c:399:6:HAL_SRAM_MspDeInit	16	static
