../Core/Src/main.c:91:6:SendFPHeader	8	static
../Core/Src/main.c:96:6:SendFPGetImage	8	static
../Core/Src/main.c:101:6:SendFPCreateCharFile1	8	static
../Core/Src/main.c:106:6:SendFPCreateCharFile2	8	static
../Core/Src/main.c:111:6:SendFPCreateTemplate	8	static
../Core/Src/main.c:116:6:SendFPDeleteAllFinger	8	static
../Core/Src/main.c:121:6:SendFPDSearchFinger	8	static
../Core/Src/main.c:126:6:SendFGetNumberOfFinger	8	static
../Core/Src/main.c:131:6:SendStoreFinger	32	static
../Core/Src/main.c:155:6:SendDeleteFinger	32	static
../Core/Src/main.c:184:9:CheckFPRespsone	56	static
../Core/Src/main.c:225:9:GetNumberOfFinger	16	static
../Core/Src/main.c:240:9:RegistryNewFinger	24	static
../Core/Src/main.c:311:9:CheckFinger	16	static
../Core/Src/main.c:347:9:ProcessRegistryNewFinger	16	static
../Core/Src/main.c:387:6:DeleteAllFinger	16	static
../Core/Src/main.c:415:6:Delay_us	24	static,ignoring_inline_asm
../Core/Src/main.c:426:6:CloseDoor	8	static
../Core/Src/main.c:433:6:OpenDoor	8	static
../Core/Src/main.c:440:6:DisplayMessage	16	static
../Core/Src/main.c:448:6:SendDataToCloud	16	static
../Core/Src/main.c:458:9:ReceiveDataFromESP32	16	static
../Core/Src/main.c:474:5:main	16	static
../Core/Src/main.c:582:6:SystemClock_Config	88	static
../Core/Src/main.c:624:13:MX_UART5_Init	8	static
../Core/Src/main.c:657:13:MX_USART1_UART_Init	8	static
../Core/Src/main.c:690:13:MX_USART2_UART_Init	8	static
../Core/Src/main.c:723:13:MX_USART3_UART_Init	8	static
../Core/Src/main.c:756:13:MX_GPIO_Init	48	static
../Core/Src/main.c:826:6:Error_Handler	4	static,ignoring_inline_asm
