../Core/Inc/tft_spi.c:13:6:tft_init	8	static
../Core/Inc/tft_spi.c:132:6:tft_puts8x16	32	static
../Core/Inc/tft_spi.c:147:6:tft_puts14x24	32	static
../Core/Inc/tft_spi.c:161:6:tft_puts18x32	32	static
../Core/Inc/tft_spi.c:173:6:tft_puts26x48	32	static
../Core/Inc/tft_spi.c:185:6:tft_clear	24	static
../Core/Inc/tft_spi.c:207:6:tft_draw_line	64	static
../Core/Inc/tft_spi.c:245:6:tft_draw_rectangle	24	static
../Core/Inc/tft_spi.c:255:6:tft_draw_circle	32	static
../Core/Inc/tft_spi.c:286:6:tft_fill	32	static
../Core/Inc/tft_spi.c:301:6:tft_puts_image	24	static
../Core/Inc/tft_spi.c:326:6:tft_write_data_8bit	24	static
../Core/Inc/tft_spi.c:333:6:tft_write_data	24	static
../Core/Inc/tft_spi.c:343:6:tft_write_register	24	static
../Core/Inc/tft_spi.c:351:6:tft_add_set	24	static
../Core/Inc/tft_spi.c:364:6:tft_draw_point	16	static
../Core/Inc/tft_spi.c:370:6:tft_draw_point_big	32	static
../Core/Inc/tft_spi.c:376:6:tft_putchar	32	static
../Core/Inc/tft_spi.c:417:6:tft_putchar26x48	32	static
../Core/Inc/tft_spi.c:456:6:tft_putchar14x24	32	static
../Core/Inc/tft_spi.c:495:6:tft_putchar18x32	32	static
